分类: 央视频道🇨🇳, 名称: CCTV1, 有效: 23, IPv4: 219, IPv6: 0, 最小延迟: 42 ms, 最高速率: 107.25 M/s, 平均速率: 14.91 M/s, 最高分辨率: 1920x1080, 平均帧率: 34.41, 视频编解码器: h264, 音频编解码器: aac
分类: 央视频道🇨🇳, 名称: CCTV2, 有效: 24, IPv4: 176, IPv6: 0, 最小延迟: 39 ms, 最高速率: 143.36 M/s, 平均速率: 11.55 M/s, 最高分辨率: 1920x1080, 平均帧率: 32.89, 视频编解码器: h264, 音频编解码器: mp2
分类: 央视频道🇨🇳, 名称: CCTV3, 有效: 22, IPv4: 173, IPv6: 0, 最小延迟: 14 ms, 最高速率: 125.87 M/s, 平均速率: 15.64 M/s, 最高分辨率: 1920x1080, 平均帧率: 30.79, 视频编解码器: h264, 音频编解码器: mp2
分类: 央视频道🇨🇳, 名称: CCTV4, 有效: 28, IPv4: 285, IPv6: 0, 最小延迟: 15 ms, 最高速率: 69.87 M/s, 平均速率: 4.27 M/s, 最高分辨率: 3840x2160, 平均帧率: 33.70, 视频编解码器: h264, 音频编解码器: aac
分类: 央视频道🇨🇳, 名称: CCTV5, 有效: 28, IPv4: 197, IPv6: 0, 最小延迟: 46 ms, 最高速率: 104.26 M/s, 平均速率: 14.82 M/s, 最高分辨率: 1920x1080, 平均帧率: 36.76, 视频编解码器: h264, 音频编解码器: mp2
分类: 央视频道🇨🇳, 名称: CCTV5+, 有效: 9, IPv4: 165, IPv6: 0, 最小延迟: 63 ms, 最高速率: 89.35 M/s, 平均速率: 37.67 M/s, 最高分辨率: 1920x1080, 平均帧率: 33.33, 视频编解码器: h264, 音频编解码器: aac
分类: 央视频道🇨🇳, 名称: CCTV6, 有效: 25, IPv4: 177, IPv6: 0, 最小延迟: 42 ms, 最高速率: 127.60 M/s, 平均速率: 14.66 M/s, 最高分辨率: 1920x1080, 平均帧率: 33.18, 视频编解码器: h264, 音频编解码器: mp2
分类: 央视频道🇨🇳, 名称: CCTV7, 有效: 22, IPv4: 180, IPv6: 0, 最小延迟: 39 ms, 最高速率: 141.78 M/s, 平均速率: 12.41 M/s, 最高分辨率: 1920x1080, 平均帧率: 37.50, 视频编解码器: h264, 音频编解码器: mp2
分类: 央视频道🇨🇳, 名称: CCTV8, 有效: 23, IPv4: 176, IPv6: 0, 最小延迟: 14 ms, 最高速率: 145.29 M/s, 平均速率: 18.68 M/s, 最高分辨率: 1920x1080, 平均帧率: 30.00, 视频编解码器: h264, 音频编解码器: aac
分类: 央视频道🇨🇳, 名称: CCTV9, 有效: 23, IPv4: 175, IPv6: 0, 最小延迟: 23 ms, 最高速率: 143.51 M/s, 平均速率: 12.72 M/s, 最高分辨率: 1920x1080, 平均帧率: 34.44, 视频编解码器: h264, 音频编解码器: aac
分类: 央视频道🇨🇳, 名称: CCTV10, 有效: 23, IPv4: 178, IPv6: 0, 最小延迟: 13 ms, 最高速率: 137.32 M/s, 平均速率: 22.62 M/s, 最高分辨率: 1920x1080, 平均帧率: 36.88, 视频编解码器: h264, 音频编解码器: mp2
分类: 央视频道🇨🇳, 名称: CCTV11, 有效: 15, IPv4: 164, IPv6: 0, 最小延迟: 16 ms, 最高速率: 132.72 M/s, 平均速率: 34.07 M/s, 最高分辨率: 1920x1080, 平均帧率: 32.50, 视频编解码器: h264, 音频编解码器: aac
分类: 央视频道🇨🇳, 名称: CCTV12, 有效: 22, IPv4: 168, IPv6: 0, 最小延迟: 13 ms, 最高速率: 126.47 M/s, 平均速率: 19.91 M/s, 最高分辨率: 1920x1080, 平均帧率: 38.64, 视频编解码器: h264, 音频编解码器: mp2
分类: 央视频道🇨🇳, 名称: CCTV13, 有效: 20, IPv4: 172, IPv6: 0, 最小延迟: 38 ms, 最高速率: 138.55 M/s, 平均速率: 26.89 M/s, 最高分辨率: 1920x1080, 平均帧率: 41.67, 视频编解码器: h264, 音频编解码器: mp2
分类: 央视频道🇨🇳, 名称: CCTV14, 有效: 22, IPv4: 174, IPv6: 0, 最小延迟: 41 ms, 最高速率: 132.11 M/s, 平均速率: 24.74 M/s, 最高分辨率: 1920x1080, 平均帧率: 40.22, 视频编解码器: h264, 音频编解码器: mp2
分类: 央视频道🇨🇳, 名称: CCTV15, 有效: 20, IPv4: 173, IPv6: 0, 最小延迟: 43 ms, 最高速率: 131.07 M/s, 平均速率: 22.57 M/s, 最高分辨率: 1920x1080, 平均帧率: 40.91, 视频编解码器: h264, 音频编解码器: mp2
分类: 央视频道🇨🇳, 名称: CCTV16, 有效: 16, IPv4: 102, IPv6: 0, 最小延迟: 38 ms, 最高速率: 144.01 M/s, 平均速率: 38.24 M/s, 最高分辨率: 1920x1080, 平均帧率: 42.86, 视频编解码器: h264, 音频编解码器: mp2
分类: 央视频道🇨🇳, 名称: CCTV4K, 有效: 0, IPv4: 5, IPv6: 0, 最小延迟: 1103 ms, 最高速率: 0.10 M/s, 平均速率: 0.00 M/s, 最高分辨率: 1280x720, 平均帧率: 30.00, 视频编解码器: h264, 音频编解码器: aac
分类: 央视频道🇨🇳, 名称: CCTV17, 有效: 21, IPv4: 159, IPv6: 0, 最小延迟: 13 ms, 最高速率: 139.52 M/s, 平均速率: 24.19 M/s, 最高分辨率: 1920x1080, 平均帧率: 38.46, 视频编解码器: h264, 音频编解码器: mp2
分类: 央视频道🇨🇳, 名称: CCTV兵器科技, 有效: 5, IPv4: 16, IPv6: 0, 最小延迟: 44 ms, 最高速率: 126.10 M/s, 平均速率: 50.07 M/s, 最高分辨率: 1920x1080, 平均帧率: 33.75, 视频编解码器: h264, 音频编解码器: aac
分类: 央视频道🇨🇳, 名称: CCTV第一剧场, 有效: 7, IPv4: 10, IPv6: 0, 最小延迟: 40 ms, 最高速率: 139.65 M/s, 平均速率: 40.25 M/s, 最高分辨率: 1920x1080, 平均帧率: 25.00, 视频编解码器: h264, 音频编解码器: aac
分类: 央视频道🇨🇳, 名称: CCTV发现之旅, 有效: 0, IPv4: 1, IPv6: 0, 最小延迟: -1 ms, 最高速率: 0.00 M/s, 平均速率: 0.00 M/s, 最高分辨率: None, 平均帧率: 未知, 视频编解码器: 未知, 音频编解码器: 未知
分类: 央视频道🇨🇳, 名称: CCTV风云剧场, 有效: 5, IPv4: 9, IPv6: 0, 最小延迟: 60 ms, 最高速率: 93.83 M/s, 平均速率: 22.66 M/s, 最高分辨率: 1920x1080, 平均帧率: 25.00, 视频编解码器: h264, 音频编解码器: aac
分类: 央视频道🇨🇳, 名称: CCTV风云音乐, 有效: 7, IPv4: 25, IPv6: 0, 最小延迟: 35 ms, 最高速率: 149.34 M/s, 平均速率: 41.41 M/s, 最高分辨率: 1920x1080, 平均帧率: 31.00, 视频编解码器: h264, 音频编解码器: aac
分类: 央视频道🇨🇳, 名称: CCTV央视台球, 有效: 6, IPv4: 8, IPv6: 0, 最小延迟: 1078 ms, 最高速率: 3.03 M/s, 平均速率: 1.57 M/s, 最高分辨率: 1920x1080, 平均帧率: 未知, 视频编解码器: 未知, 音频编解码器: 未知
分类: 央视频道🇨🇳, 名称: CCTV风云足球, 有效: 4, IPv4: 17, IPv6: 0, 最小延迟: 888 ms, 最高速率: 5.63 M/s, 平均速率: 4.29 M/s, 最高分辨率: 1920x1080, 平均帧率: 36.00, 视频编解码器: h264, 音频编解码器: aac
分类: 央视频道🇨🇳, 名称: CCTV怀旧剧场, 有效: 6, IPv4: 8, IPv6: 0, 最小延迟: 45 ms, 最高速率: 121.14 M/s, 平均速率: 22.56 M/s, 最高分辨率: 1920x1080, 平均帧率: 25.00, 视频编解码器: h264, 音频编解码器: aac
分类: 央视频道🇨🇳, 名称: CCTV老故事, 有效: 1, IPv4: 2, IPv6: 0, 最小延迟: 1193 ms, 最高速率: 1.57 M/s, 平均速率: 1.57 M/s, 最高分辨率: 1280x720, 平均帧率: 未知, 视频编解码器: 未知, 音频编解码器: 未知
分类: 央视频道🇨🇳, 名称: CCTV高尔夫网球, 有效: 6, IPv4: 17, IPv6: 0, 最小延迟: 104 ms, 最高速率: 10.28 M/s, 平均速率: 3.08 M/s, 最高分辨率: 1920x1080, 平均帧率: 25.62, 视频编解码器: h264, 音频编解码器: aac
分类: 央视频道🇨🇳, 名称: CCTV女性时尚, 有效: 4, IPv4: 15, IPv6: 0, 最小延迟: 494 ms, 最高速率: 3.69 M/s, 平均速率: 2.25 M/s, 最高分辨率: 1920x1080, 平均帧率: 未知, 视频编解码器: 未知, 音频编解码器: 未知
分类: 央视频道🇨🇳, 名称: CCTV世界地理, 有效: 2, IPv4: 15, IPv6: 0, 最小延迟: 699 ms, 最高速率: 5.19 M/s, 平均速率: 2.72 M/s, 最高分辨率: 1920x1080, 平均帧率: 31.25, 视频编解码器: h264, 音频编解码器: aac
分类: 央视频道🇨🇳, 名称: CCTV文化精品, 有效: 4, IPv4: 13, IPv6: 0, 最小延迟: 39 ms, 最高速率: 136.28 M/s, 平均速率: 66.68 M/s, 最高分辨率: 1920x1080, 平均帧率: 27.50, 视频编解码器: h264, 音频编解码器: aac
分类: 央视频道🇨🇳, 名称: CCTV中学生, 有效: 0, IPv4: 1, IPv6: 0, 最小延迟: -1 ms, 最高速率: 0.00 M/s, 平均速率: 0.00 M/s, 最高分辨率: None, 平均帧率: 未知, 视频编解码器: 未知, 音频编解码器: 未知
分类: 央视频道🇨🇳, 名称: CCTV卫生健康, 有效: 0, IPv4: 3, IPv6: 0, 最小延迟: 2473 ms, 最高速率: 0.16 M/s, 平均速率: 0.00 M/s, 最高分辨率: 1920x1080, 平均帧率: 25.00, 视频编解码器: h264, 音频编解码器: aac
分类: 央视频道🇨🇳, 名称: CCTV电视指南, 有效: 1, IPv4: 12, IPv6: 0, 最小延迟: 1078 ms, 最高速率: 4.50 M/s, 平均速率: 4.50 M/s, 最高分辨率: 1920x1080, 平均帧率: 25.00, 视频编解码器: h264, 音频编解码器: aac
分类: 央视频道🇨🇳, 名称: CGTN西班牙语, 有效: 0, IPv4: 4, IPv6: 0, 最小延迟: -1 ms, 最高速率: 0.00 M/s, 平均速率: 0.00 M/s, 最高分辨率: None, 平均帧率: 未知, 视频编解码器: 未知, 音频编解码器: 未知
分类: 央视频道🇨🇳, 名称: CGTN阿拉伯语, 有效: 0, IPv4: 2, IPv6: 0, 最小延迟: -1 ms, 最高速率: 0.00 M/s, 平均速率: 0.00 M/s, 最高分辨率: None, 平均帧率: 未知, 视频编解码器: 未知, 音频编解码器: 未知
分类: 央视频道🇨🇳, 名称: CGTN法语, 有效: 3, IPv4: 5, IPv6: 0, 最小延迟: 1044 ms, 最高速率: 6.05 M/s, 平均速率: 4.08 M/s, 最高分辨率: 1920x1080, 平均帧率: 25.00, 视频编解码器: h264, 音频编解码器: mp2
分类: 央视频道🇨🇳, 名称: CGTN, 有效: 2, IPv4: 21, IPv6: 0, 最小延迟: 660 ms, 最高速率: 3.11 M/s, 平均速率: 2.74 M/s, 最高分辨率: 1920x1080, 平均帧率: 29.97, 视频编解码器: h264, 音频编解码器: aac
分类: 央视频道🇨🇳, 名称: CGTN纪录, 有效: 4, IPv4: 10, IPv6: 0, 最小延迟: 364 ms, 最高速率: 6.08 M/s, 平均速率: 3.13 M/s, 最高分辨率: 1920x1080, 平均帧率: 27.49, 视频编解码器: h264, 音频编解码器: mp2
分类: 央视频道🇨🇳, 名称: CETV1, 有效: 11, IPv4: 105, IPv6: 0, 最小延迟: 13 ms, 最高速率: 18.04 M/s, 平均速率: 4.02 M/s, 最高分辨率: 1920x1080, 平均帧率: 34.38, 视频编解码器: h264, 音频编解码器: aac
分类: 央视频道🇨🇳, 名称: CETV2, 有效: 3, IPv4: 68, IPv6: 0, 最小延迟: 16 ms, 最高速率: 7.30 M/s, 平均速率: 2.18 M/s, 最高分辨率: 1280x720, 平均帧率: 25.00, 视频编解码器: rawvideo, 音频编解码器: aac
分类: 央视频道🇨🇳, 名称: CETV4, 有效: 4, IPv4: 82, IPv6: 0, 最小延迟: 19 ms, 最高速率: 10.98 M/s, 平均速率: 2.68 M/s, 最高分辨率: 1920x1080, 平均帧率: 25.00, 视频编解码器: h264, 音频编解码器: aac
分类: 卫视频道🛸, 名称: 广东卫视, 有效: 28, IPv4: 97, IPv6: 0, 最小延迟: 43 ms, 最高速率: 123.65 M/s, 平均速率: 30.00 M/s, 最高分辨率: 3840x2160, 平均帧率: 36.76, 视频编解码器: h264, 音频编解码器: aac
分类: 卫视频道🛸, 名称: 浙江卫视, 有效: 21, IPv4: 79, IPv6: 0, 最小延迟: 45 ms, 最高速率: 117.48 M/s, 平均速率: 32.99 M/s, 最高分辨率: 3840x2160, 平均帧率: 31.82, 视频编解码器: h264, 音频编解码器: aac
分类: 卫视频道🛸, 名称: 湖南卫视, 有效: 29, IPv4: 85, IPv6: 0, 最小延迟: 41 ms, 最高速率: 116.94 M/s, 平均速率: 28.04 M/s, 最高分辨率: 3840x2160, 平均帧率: 37.63, 视频编解码器: h264, 音频编解码器: aac
分类: 卫视频道🛸, 名称: 北京卫视, 有效: 24, IPv4: 85, IPv6: 0, 最小延迟: 40 ms, 最高速率: 137.92 M/s, 平均速率: 39.81 M/s, 最高分辨率: 3840x2160, 平均帧率: 41.07, 视频编解码器: h264, 音频编解码器: mp2
分类: 卫视频道🛸, 名称: 湖北卫视, 有效: 24, IPv4: 78, IPv6: 0, 最小延迟: 40 ms, 最高速率: 138.59 M/s, 平均速率: 39.22 M/s, 最高分辨率: 1920x1080, 平均帧率: 39.71, 视频编解码器: h264, 音频编解码器: mp2
分类: 卫视频道🛸, 名称: 黑龙江卫视, 有效: 21, IPv4: 65, IPv6: 0, 最小延迟: 38 ms, 最高速率: 134.48 M/s, 平均速率: 48.37 M/s, 最高分辨率: 1920x1080, 平均帧率: 40.28, 视频编解码器: h264, 音频编解码器: mp2
分类: 卫视频道🛸, 名称: 安徽卫视, 有效: 20, IPv4: 78, IPv6: 0, 最小延迟: 37 ms, 最高速率: 127.21 M/s, 平均速率: 40.25 M/s, 最高分辨率: 1920x1080, 平均帧率: 42.05, 视频编解码器: h264, 音频编解码器: mp2
分类: 卫视频道🛸, 名称: 重庆卫视, 有效: 21, IPv4: 75, IPv6: 0, 最小延迟: 13 ms, 最高速率: 141.42 M/s, 平均速率: 46.87 M/s, 最高分辨率: 1920x1080, 平均帧率: 38.16, 视频编解码器: h264, 音频编解码器: aac
分类: 卫视频道🛸, 名称: 东方卫视, 有效: 21, IPv4: 82, IPv6: 0, 最小延迟: 41 ms, 最高速率: 133.20 M/s, 平均速率: 32.96 M/s, 最高分辨率: 1920x1080, 平均帧率: 40.48, 视频编解码器: h264, 音频编解码器: mp2
分类: 卫视频道🛸, 名称: 东南卫视, 有效: 20, IPv4: 72, IPv6: 0, 最小延迟: 18 ms, 最高速率: 123.10 M/s, 平均速率: 43.89 M/s, 最高分辨率: 1920x1080, 平均帧率: 37.75, 视频编解码器: h264, 音频编解码器: mp2
分类: 卫视频道🛸, 名称: 甘肃卫视, 有效: 18, IPv4: 48, IPv6: 0, 最小延迟: 44 ms, 最高速率: 124.79 M/s, 平均速率: 47.62 M/s, 最高分辨率: 1920x1080, 平均帧率: 38.64, 视频编解码器: h264, 音频编解码器: mp2
分类: 卫视频道🛸, 名称: 广西卫视, 有效: 21, IPv4: 61, IPv6: 0, 最小延迟: 38 ms, 最高速率: 147.63 M/s, 平均速率: 54.40 M/s, 最高分辨率: 1920x1080, 平均帧率: 31.82, 视频编解码器: h264, 音频编解码器: aac
分类: 卫视频道🛸, 名称: 贵州卫视, 有效: 24, IPv4: 72, IPv6: 0, 最小延迟: 38 ms, 最高速率: 142.36 M/s, 平均速率: 43.78 M/s, 最高分辨率: 1920x1080, 平均帧率: 43.75, 视频编解码器: h264, 音频编解码器: mp2
分类: 卫视频道🛸, 名称: 海南卫视, 有效: 16, IPv4: 65, IPv6: 0, 最小延迟: 41 ms, 最高速率: 129.77 M/s, 平均速率: 53.97 M/s, 最高分辨率: 1920x1080, 平均帧率: 30.56, 视频编解码器: h264, 音频编解码器: aac
分类: 卫视频道🛸, 名称: 河北卫视, 有效: 20, IPv4: 71, IPv6: 0, 最小延迟: 11 ms, 最高速率: 140.21 M/s, 平均速率: 43.57 M/s, 最高分辨率: 1920x1080, 平均帧率: 35.94, 视频编解码器: h264, 音频编解码器: mp2
分类: 卫视频道🛸, 名称: 河南卫视, 有效: 19, IPv4: 80, IPv6: 0, 最小延迟: 35 ms, 最高速率: 132.51 M/s, 平均速率: 48.97 M/s, 最高分辨率: 1920x1080, 平均帧率: 45.00, 视频编解码器: h264, 音频编解码器: mp2
分类: 卫视频道🛸, 名称: 吉林卫视, 有效: 17, IPv4: 64, IPv6: 0, 最小延迟: 17 ms, 最高速率: 151.59 M/s, 平均速率: 41.49 M/s, 最高分辨率: 1920x1080, 平均帧率: 34.69, 视频编解码器: h264, 音频编解码器: mp2
分类: 卫视频道🛸, 名称: 江苏卫视, 有效: 24, IPv4: 88, IPv6: 0, 最小延迟: 39 ms, 最高速率: 141.25 M/s, 平均速率: 41.20 M/s, 最高分辨率: 1920x1080, 平均帧率: 39.44, 视频编解码器: h264, 音频编解码器: aac
分类: 卫视频道🛸, 名称: 江西卫视, 有效: 22, IPv4: 77, IPv6: 0, 最小延迟: 35 ms, 最高速率: 146.10 M/s, 平均速率: 42.78 M/s, 最高分辨率: 1920x1080, 平均帧率: 38.75, 视频编解码器: h264, 音频编解码器: mp2
分类: 卫视频道🛸, 名称: 辽宁卫视, 有效: 21, IPv4: 74, IPv6: 0, 最小延迟: 39 ms, 最高速率: 137.69 M/s, 平均速率: 25.21 M/s, 最高分辨率: 1920x1080, 平均帧率: 40.28, 视频编解码器: h264, 音频编解码器: mp2
分类: 卫视频道🛸, 名称: 内蒙古卫视, 有效: 12, IPv4: 53, IPv6: 0, 最小延迟: 39 ms, 最高速率: 141.71 M/s, 平均速率: 66.42 M/s, 最高分辨率: 1920x1080, 平均帧率: 25.56, 视频编解码器: h264, 音频编解码器: mp2
分类: 卫视频道🛸, 名称: 宁夏卫视, 有效: 17, IPv4: 55, IPv6: 0, 最小延迟: 40 ms, 最高速率: 131.43 M/s, 平均速率: 40.94 M/s, 最高分辨率: 1920x1080, 平均帧率: 32.50, 视频编解码器: h264, 音频编解码器: aac
分类: 卫视频道🛸, 名称: 青海卫视, 有效: 16, IPv4: 59, IPv6: 0, 最小延迟: 40 ms, 最高速率: 132.40 M/s, 平均速率: 57.13 M/s, 最高分辨率: 1920x1080, 平均帧率: 32.50, 视频编解码器: h264, 音频编解码器: aac
分类: 卫视频道🛸, 名称: 山东卫视, 有效: 27, IPv4: 82, IPv6: 0, 最小延迟: 39 ms, 最高速率: 138.12 M/s, 平均速率: 41.69 M/s, 最高分辨率: 1920x1080, 平均帧率: 36.36, 视频编解码器: h264, 音频编解码器: mp2
分类: 卫视频道🛸, 名称: 山西卫视, 有效: 9, IPv4: 43, IPv6: 0, 最小延迟: 39 ms, 最高速率: 136.07 M/s, 平均速率: 29.89 M/s, 最高分辨率: 1920x1080, 平均帧率: 29.69, 视频编解码器: h264, 音频编解码器: mp2
分类: 卫视频道🛸, 名称: 陕西卫视, 有效: 9, IPv4: 48, IPv6: 0, 最小延迟: 69 ms, 最高速率: 66.06 M/s, 平均速率: 14.06 M/s, 最高分辨率: 1920x1080, 平均帧率: 37.14, 视频编解码器: h264, 音频编解码器: mp2
分类: 卫视频道🛸, 名称: 四川卫视, 有效: 23, IPv4: 73, IPv6: 0, 最小延迟: 35 ms, 最高速率: 144.63 M/s, 平均速率: 52.25 M/s, 最高分辨率: 1920x1080, 平均帧率: 30.77, 视频编解码器: h264, 音频编解码器: aac
分类: 卫视频道🛸, 名称: 深圳卫视, 有效: 26, IPv4: 83, IPv6: 0, 最小延迟: 38 ms, 最高速率: 140.57 M/s, 平均速率: 37.55 M/s, 最高分辨率: 3840x2160, 平均帧率: 36.07, 视频编解码器: h264, 音频编解码器: aac
分类: 卫视频道🛸, 名称: 新疆卫视, 有效: 20, IPv4: 62, IPv6: 0, 最小延迟: 37 ms, 最高速率: 142.12 M/s, 平均速率: 30.46 M/s, 最高分辨率: 1920x1080, 平均帧率: 40.00, 视频编解码器: h264, 音频编解码器: aac
分类: 卫视频道🛸, 名称: 云南卫视, 有效: 19, IPv4: 67, IPv6: 0, 最小延迟: 40 ms, 最高速率: 128.38 M/s, 平均速率: 47.32 M/s, 最高分辨率: 1920x1080, 平均帧率: 40.00, 视频编解码器: h264, 音频编解码器: mp2
分类: 卫视频道🛸, 名称: 三沙卫视, 有效: 13, IPv4: 39, IPv6: 0, 最小延迟: 37 ms, 最高速率: 143.38 M/s, 平均速率: 54.26 M/s, 最高分辨率: 1920x1080, 平均帧率: 25.00, 视频编解码器: h264, 音频编解码器: aac
分类: 卫视频道🛸, 名称: 天津卫视, 有效: 17, IPv4: 69, IPv6: 0, 最小延迟: 40 ms, 最高速率: 132.73 M/s, 平均速率: 43.78 M/s, 最高分辨率: 1920x1080, 平均帧率: 38.33, 视频编解码器: h264, 音频编解码器: aac
分类: 卫视频道🛸, 名称: 大湾区卫视, 有效: 11, IPv4: 36, IPv6: 0, 最小延迟: 493 ms, 最高速率: 6.11 M/s, 平均速率: 3.97 M/s, 最高分辨率: 1920x1080, 平均帧率: 32.14, 视频编解码器: h264, 音频编解码器: aac
分类: 卫视频道🛸, 名称: 安多卫视, 有效: 0, IPv4: 14, IPv6: 0, 最小延迟: -1 ms, 最高速率: 0.00 M/s, 平均速率: 0.00 M/s, 最高分辨率: None, 平均帧率: 未知, 视频编解码器: 未知, 音频编解码器: 未知
分类: 卫视频道🛸, 名称: 康巴卫视, 有效: 0, IPv4: 13, IPv6: 0, 最小延迟: -1 ms, 最高速率: 0.00 M/s, 平均速率: 0.00 M/s, 最高分辨率: None, 平均帧率: 未知, 视频编解码器: 未知, 音频编解码器: 未知
分类: 卫视频道🛸, 名称: 西藏卫视, 有效: 13, IPv4: 52, IPv6: 0, 最小延迟: 39 ms, 最高速率: 135.66 M/s, 平均速率: 35.50 M/s, 最高分辨率: 1920x1080, 平均帧率: 37.81, 视频编解码器: h264, 音频编解码器: mp2
分类: 卫视频道🛸, 名称: 兵团卫视, 有效: 6, IPv4: 28, IPv6: 0, 最小延迟: 102 ms, 最高速率: 23.75 M/s, 平均速率: 5.46 M/s, 最高分辨率: 1920x1080, 平均帧率: 29.17, 视频编解码器: h264, 音频编解码器: aac
分类: 卫视频道🛸, 名称: 海峡卫视, 有效: 4, IPv4: 13, IPv6: 0, 最小延迟: 1064 ms, 最高速率: 6.62 M/s, 平均速率: 3.41 M/s, 最高分辨率: 1920x1080, 平均帧率: 50.00, 视频编解码器: h264, 音频编解码器: mp2
分类: 卫视频道🛸, 名称: 延边卫视, 有效: 2, IPv4: 13, IPv6: 0, 最小延迟: 757 ms, 最高速率: 3.22 M/s, 平均速率: 2.77 M/s, 最高分辨率: 1920x1080, 平均帧率: 33.33, 视频编解码器: h264, 音频编解码器: aac
分类: 卫视频道🛸, 名称: 农林卫视, 有效: 0, IPv4: 8, IPv6: 0, 最小延迟: 4860 ms, 最高速率: 0.11 M/s, 平均速率: 0.00 M/s, 最高分辨率: 1920x1080, 平均帧率: 未知, 视频编解码器: 未知, 音频编解码器: 未知
分类: 数字付费🎞️, 名称: 卡酷少儿, 有效: 12, IPv4: 36, IPv6: 0, 最小延迟: 38 ms, 最高速率: 140.47 M/s, 平均速率: 81.87 M/s, 最高分辨率: 1920x1080, 平均帧率: 29.17, 视频编解码器: h264, 音频编解码器: mp2
分类: 数字付费🎞️, 名称: 金鹰卡通, 有效: 6, IPv4: 40, IPv6: 0, 最小延迟: 38 ms, 最高速率: 136.07 M/s, 平均速率: 122.78 M/s, 最高分辨率: 1920x1080, 平均帧率: 42.31, 视频编解码器: h264, 音频编解码器: mp2
分类: 数字付费🎞️, 名称: 哈哈炫动, 有效: 9, IPv4: 32, IPv6: 0, 最小延迟: 37 ms, 最高速率: 141.22 M/s, 平均速率: 74.51 M/s, 最高分辨率: 1920x1080, 平均帧率: 25.00, 视频编解码器: h264, 音频编解码器: aac
分类: 数字付费🎞️, 名称: 嘉佳卡通, 有效: 1, IPv4: 8, IPv6: 0, 最小延迟: 484 ms, 最高速率: 5.27 M/s, 平均速率: 1.52 M/s, 最高分辨率: 1280x720, 平均帧率: 37.50, 视频编解码器: h264, 音频编解码器: aac
分类: 数字付费🎞️, 名称: 梨园频道, 有效: 2, IPv4: 11, IPv6: 0, 最小延迟: 1642 ms, 最高速率: 0.74 M/s, 平均速率: 0.68 M/s, 最高分辨率: 1920x1080, 平均帧率: 25.00, 视频编解码器: h264, 音频编解码器: aac
分类: 数字付费🎞️, 名称: 求索动物, 有效: 0, IPv4: 2, IPv6: 0, 最小延迟: -1 ms, 最高速率: 0.00 M/s, 平均速率: 0.00 M/s, 最高分辨率: None, 平均帧率: 未知, 视频编解码器: 未知, 音频编解码器: 未知
分类: 数字付费🎞️, 名称: 求索科学, 有效: 0, IPv4: 2, IPv6: 0, 最小延迟: -1 ms, 最高速率: 0.00 M/s, 平均速率: 0.00 M/s, 最高分辨率: None, 平均帧率: 未知, 视频编解码器: 未知, 音频编解码器: 未知
分类: 数字付费🎞️, 名称: 求索生活, 有效: 0, IPv4: 2, IPv6: 0, 最小延迟: -1 ms, 最高速率: 0.00 M/s, 平均速率: 0.00 M/s, 最高分辨率: None, 平均帧率: 未知, 视频编解码器: 未知, 音频编解码器: 未知
分类: 数字付费🎞️, 名称: 求索纪录, 有效: 4, IPv4: 4, IPv6: 0, 最小延迟: 61 ms, 最高速率: 84.92 M/s, 平均速率: 22.48 M/s, 最高分辨率: 1920x1080, 平均帧率: 25.00, 视频编解码器: h264, 音频编解码器: aac
分类: 数字付费🎞️, 名称: 五星体育, 有效: 2, IPv4: 12, IPv6: 0, 最小延迟: 1171 ms, 最高速率: 1.51 M/s, 平均速率: 1.07 M/s, 最高分辨率: 1920x1080, 平均帧率: 25.00, 视频编解码器: h264, 音频编解码器: mp2
分类: 数字付费🎞️, 名称: 魅力足球, 有效: 0, IPv4: 2, IPv6: 0, 最小延迟: 6062 ms, 最高速率: 0.11 M/s, 平均速率: 0.00 M/s, 最高分辨率: 1920x1080, 平均帧率: 25.00, 视频编解码器: h264, 音频编解码器: mp2
分类: 数字付费🎞️, 名称: 重温经典, 有效: 1, IPv4: 5, IPv6: 0, 最小延迟: 450 ms, 最高速率: 1.32 M/s, 平均速率: 1.32 M/s, 最高分辨率: 1280x720, 平均帧率: 25.00, 视频编解码器: h264, 音频编解码器: aac
分类: 数字付费🎞️, 名称: 劲爆体育, 有效: 0, IPv4: 4, IPv6: 0, 最小延迟: -1 ms, 最高速率: 0.00 M/s, 平均速率: 0.00 M/s, 最高分辨率: None, 平均帧率: 未知, 视频编解码器: 未知, 音频编解码器: 未知
分类: 数字付费🎞️, 名称: 乐游, 有效: 0, IPv4: 10, IPv6: 0, 最小延迟: -1 ms, 最高速率: 0.00 M/s, 平均速率: 0.00 M/s, 最高分辨率: None, 平均帧率: 未知, 视频编解码器: 未知, 音频编解码器: 未知
分类: 数字付费🎞️, 名称: 游戏风云, 有效: 3, IPv4: 10, IPv6: 0, 最小延迟: 332 ms, 最高速率: 3.48 M/s, 平均速率: 2.50 M/s, 最高分辨率: 1920x1080, 平均帧率: 30.00, 视频编解码器: h264, 音频编解码器: aac
分类: 数字付费🎞️, 名称: 动漫秀场, 有效: 4, IPv4: 24, IPv6: 0, 最小延迟: 41 ms, 最高速率: 136.27 M/s, 平均速率: 112.25 M/s, 最高分辨率: 1920x1080, 平均帧率: 50.00, 视频编解码器: h264, 音频编解码器: mp2
分类: 数字付费🎞️, 名称: 法治天地, 有效: 1, IPv4: 6, IPv6: 0, 最小延迟: 738 ms, 最高速率: 6.78 M/s, 平均速率: 6.78 M/s, 最高分辨率: 1920x1080, 平均帧率: 未知, 视频编解码器: 未知, 音频编解码器: 未知
分类: 数字付费🎞️, 名称: 新视觉, 有效: 0, IPv4: 1, IPv6: 0, 最小延迟: 10985 ms, 最高速率: 0.00 M/s, 平均速率: 0.00 M/s, 最高分辨率: None, 平均帧率: 未知, 视频编解码器: 未知, 音频编解码器: 未知
分类: 数字付费🎞️, 名称: 欢笑剧场, 有效: 3, IPv4: 8, IPv6: 0, 最小延迟: 1064 ms, 最高速率: 4.82 M/s, 平均速率: 2.53 M/s, 最高分辨率: 1920x1080, 平均帧率: 未知, 视频编解码器: 未知, 音频编解码器: 未知
分类: 数字付费🎞️, 名称: 金色学堂, 有效: 0, IPv4: 5, IPv6: 0, 最小延迟: -1 ms, 最高速率: 0.00 M/s, 平均速率: 0.00 M/s, 最高分辨率: None, 平均帧率: 未知, 视频编解码器: 未知, 音频编解码器: 未知
分类: 数字付费🎞️, 名称: 都市剧场, 有效: 3, IPv4: 11, IPv6: 0, 最小延迟: 78 ms, 最高速率: 6.02 M/s, 平均速率: 4.67 M/s, 最高分辨率: 1920x1080, 平均帧率: 25.00, 视频编解码器: h264, 音频编解码器: aac
分类: 数字付费🎞️, 名称: 睛彩竞技, 有效: 0, IPv4: 2, IPv6: 0, 最小延迟: -1 ms, 最高速率: 0.00 M/s, 平均速率: 0.00 M/s, 最高分辨率: None, 平均帧率: 未知, 视频编解码器: 未知, 音频编解码器: 未知
分类: 数字付费🎞️, 名称: 睛彩青少, 有效: 0, IPv4: 2, IPv6: 0, 最小延迟: -1 ms, 最高速率: 0.00 M/s, 平均速率: 0.00 M/s, 最高分辨率: None, 平均帧率: 未知, 视频编解码器: 未知, 音频编解码器: 未知
分类: 数字付费🎞️, 名称: 睛彩广场舞, 有效: 0, IPv4: 8, IPv6: 0, 最小延迟: -1 ms, 最高速率: 0.00 M/s, 平均速率: 0.00 M/s, 最高分辨率: None, 平均帧率: 未知, 视频编解码器: 未知, 音频编解码器: 未知
分类: 数字付费🎞️, 名称: 生活时尚, 有效: 2, IPv4: 9, IPv6: 0, 最小延迟: 938 ms, 最高速率: 5.33 M/s, 平均速率: 5.31 M/s, 最高分辨率: 1920x1080, 平均帧率: 50.00, 视频编解码器: h264, 音频编解码器: ac3
分类: 数字付费🎞️, 名称: 睛彩中原, 有效: 3, IPv4: 3, IPv6: 0, 最小延迟: 2416 ms, 最高速率: 0.77 M/s, 平均速率: 0.71 M/s, 最高分辨率: 1920x1080, 平均帧率: 25.00, 视频编解码器: h264, 音频编解码器: aac
分类: 数字付费🎞️, 名称: 睛彩篮球, 有效: 0, IPv4: 5, IPv6: 0, 最小延迟: 10405 ms, 最高速率: 0.06 M/s, 平均速率: 0.00 M/s, 最高分辨率: None, 平均帧率: 未知, 视频编解码器: 未知, 音频编解码器: 未知
分类: 数字付费🎞️, 名称: CHC动作电影, 有效: 13, IPv4: 30, IPv6: 0, 最小延迟: 71 ms, 最高速率: 84.20 M/s, 平均速率: 8.95 M/s, 最高分辨率: 1920x1080, 平均帧率: 50.00, 视频编解码器: h264, 音频编解码器: mp2
分类: 数字付费🎞️, 名称: 黑莓电影, 有效: 2, IPv4: 5, IPv6: 0, 最小延迟: 42 ms, 最高速率: 120.29 M/s, 平均速率: 119.85 M/s, 最高分辨率: 1920x1080, 平均帧率: 未知, 视频编解码器: 未知, 音频编解码器: 未知
分类: 数字付费🎞️, 名称: 哒啵赛事, 有效: 0, IPv4: 1, IPv6: 0, 最小延迟: -1 ms, 最高速率: 0.00 M/s, 平均速率: 0.00 M/s, 最高分辨率: None, 平均帧率: 未知, 视频编解码器: 未知, 音频编解码器: 未知
分类: 数字付费🎞️, 名称: 黑莓动画, 有效: 2, IPv4: 4, IPv6: 0, 最小延迟: 40 ms, 最高速率: 139.00 M/s, 平均速率: 128.62 M/s, 最高分辨率: 1920x1080, 平均帧率: 未知, 视频编解码器: 未知, 音频编解码器: 未知
分类: 数字付费🎞️, 名称: 哒啵电竞, 有效: 0, IPv4: 2, IPv6: 0, 最小延迟: -1 ms, 最高速率: 0.00 M/s, 平均速率: 0.00 M/s, 最高分辨率: None, 平均帧率: 未知, 视频编解码器: 未知, 音频编解码器: 未知
分类: 数字付费🎞️, 名称: CHC影迷电影, 有效: 1, IPv4: 7, IPv6: 0, 最小延迟: 633 ms, 最高速率: 3.41 M/s, 平均速率: 3.41 M/s, 最高分辨率: 1920x1080, 平均帧率: 未知, 视频编解码器: 未知, 音频编解码器: 未知
分类: 数字付费🎞️, 名称: CHC家庭影院, 有效: 12, IPv4: 28, IPv6: 0, 最小延迟: 75 ms, 最高速率: 80.24 M/s, 平均速率: 15.21 M/s, 最高分辨率: 1920x1080, 平均帧率: 25.00, 视频编解码器: h264, 音频编解码器: aac
分类: 咪咕赛事🌟, 名称: 咪咕赛事01, 有效: 0, IPv4: 2, IPv6: 0, 最小延迟: -1 ms, 最高速率: 0.00 M/s, 平均速率: 0.00 M/s, 最高分辨率: None, 平均帧率: 未知, 视频编解码器: 未知, 音频编解码器: 未知
分类: 咪咕赛事🌟, 名称: 咪咕赛事02, 有效: 0, IPv4: 2, IPv6: 0, 最小延迟: -1 ms, 最高速率: 0.00 M/s, 平均速率: 0.00 M/s, 最高分辨率: None, 平均帧率: 未知, 视频编解码器: 未知, 音频编解码器: 未知
分类: 数字付费🎞️, 名称: NewTV惊悚悬疑, 有效: 2, IPv4: 10, IPv6: 0, 最小延迟: 38 ms, 最高速率: 148.86 M/s, 平均速率: 140.08 M/s, 最高分辨率: 1920x1080, 平均帧率: 未知, 视频编解码器: 未知, 音频编解码器: 未知
分类: 咪咕赛事🌟, 名称: 咪咕赛事04, 有效: 0, IPv4: 2, IPv6: 0, 最小延迟: -1 ms, 最高速率: 0.00 M/s, 平均速率: 0.00 M/s, 最高分辨率: None, 平均帧率: 未知, 视频编解码器: 未知, 音频编解码器: 未知
分类: 咪咕赛事🌟, 名称: 咪咕赛事06, 有效: 0, IPv4: 2, IPv6: 0, 最小延迟: -1 ms, 最高速率: 0.00 M/s, 平均速率: 0.00 M/s, 最高分辨率: None, 平均帧率: 未知, 视频编解码器: 未知, 音频编解码器: 未知
分类: 咪咕赛事🌟, 名称: 咪咕赛事05, 有效: 0, IPv4: 2, IPv6: 0, 最小延迟: -1 ms, 最高速率: 0.00 M/s, 平均速率: 0.00 M/s, 最高分辨率: None, 平均帧率: 未知, 视频编解码器: 未知, 音频编解码器: 未知
分类: 咪咕赛事🌟, 名称: 咪咕赛事03, 有效: 0, IPv4: 2, IPv6: 0, 最小延迟: -1 ms, 最高速率: 0.00 M/s, 平均速率: 0.00 M/s, 最高分辨率: None, 平均帧率: 未知, 视频编解码器: 未知, 音频编解码器: 未知
分类: 咪咕赛事🌟, 名称: 咪咕赛事07, 有效: 0, IPv4: 2, IPv6: 0, 最小延迟: -1 ms, 最高速率: 0.00 M/s, 平均速率: 0.00 M/s, 最高分辨率: None, 平均帧率: 未知, 视频编解码器: 未知, 音频编解码器: 未知
分类: 咪咕赛事🌟, 名称: 咪咕赛事08, 有效: 0, IPv4: 2, IPv6: 0, 最小延迟: -1 ms, 最高速率: 0.00 M/s, 平均速率: 0.00 M/s, 最高分辨率: None, 平均帧率: 未知, 视频编解码器: 未知, 音频编解码器: 未知
分类: 咪咕赛事🌟, 名称: 咪咕赛事10, 有效: 0, IPv4: 1, IPv6: 0, 最小延迟: -1 ms, 最高速率: 0.00 M/s, 平均速率: 0.00 M/s, 最高分辨率: None, 平均帧率: 未知, 视频编解码器: 未知, 音频编解码器: 未知
分类: 咪咕赛事🌟, 名称: 咪咕赛事11, 有效: 0, IPv4: 1, IPv6: 0, 最小延迟: -1 ms, 最高速率: 0.00 M/s, 平均速率: 0.00 M/s, 最高分辨率: None, 平均帧率: 未知, 视频编解码器: 未知, 音频编解码器: 未知
分类: 咪咕赛事🌟, 名称: 咪咕赛事12, 有效: 0, IPv4: 1, IPv6: 0, 最小延迟: -1 ms, 最高速率: 0.00 M/s, 平均速率: 0.00 M/s, 最高分辨率: None, 平均帧率: 未知, 视频编解码器: 未知, 音频编解码器: 未知
分类: 咪咕赛事🌟, 名称: 咪咕赛事09, 有效: 0, IPv4: 2, IPv6: 0, 最小延迟: -1 ms, 最高速率: 0.00 M/s, 平均速率: 0.00 M/s, 最高分辨率: None, 平均帧率: 未知, 视频编解码器: 未知, 音频编解码器: 未知
分类: 咪咕赛事🌟, 名称: 咪咕赛事14, 有效: 0, IPv4: 1, IPv6: 0, 最小延迟: -1 ms, 最高速率: 0.00 M/s, 平均速率: 0.00 M/s, 最高分辨率: None, 平均帧率: 未知, 视频编解码器: 未知, 音频编解码器: 未知
分类: 咪咕赛事🌟, 名称: 咪咕赛事13, 有效: 0, IPv4: 1, IPv6: 0, 最小延迟: -1 ms, 最高速率: 0.00 M/s, 平均速率: 0.00 M/s, 最高分辨率: None, 平均帧率: 未知, 视频编解码器: 未知, 音频编解码器: 未知
分类: 咪咕赛事🌟, 名称: 咪咕赛事15, 有效: 0, IPv4: 1, IPv6: 0, 最小延迟: -1 ms, 最高速率: 0.00 M/s, 平均速率: 0.00 M/s, 最高分辨率: None, 平均帧率: 未知, 视频编解码器: 未知, 音频编解码器: 未知
分类: 咪咕赛事🌟, 名称: 咪咕赛事17, 有效: 0, IPv4: 1, IPv6: 0, 最小延迟: -1 ms, 最高速率: 0.00 M/s, 平均速率: 0.00 M/s, 最高分辨率: None, 平均帧率: 未知, 视频编解码器: 未知, 音频编解码器: 未知
分类: 咪咕赛事🌟, 名称: 咪咕赛事18, 有效: 0, IPv4: 1, IPv6: 0, 最小延迟: -1 ms, 最高速率: 0.00 M/s, 平均速率: 0.00 M/s, 最高分辨率: None, 平均帧率: 未知, 视频编解码器: 未知, 音频编解码器: 未知
分类: 咪咕赛事🌟, 名称: 咪咕赛事19, 有效: 0, IPv4: 1, IPv6: 0, 最小延迟: -1 ms, 最高速率: 0.00 M/s, 平均速率: 0.00 M/s, 最高分辨率: None, 平均帧率: 未知, 视频编解码器: 未知, 音频编解码器: 未知
分类: 咪咕赛事🌟, 名称: 咪咕赛事20, 有效: 0, IPv4: 1, IPv6: 0, 最小延迟: -1 ms, 最高速率: 0.00 M/s, 平均速率: 0.00 M/s, 最高分辨率: None, 平均帧率: 未知, 视频编解码器: 未知, 音频编解码器: 未知
分类: 咪咕赛事🌟, 名称: 咪咕赛事21, 有效: 0, IPv4: 1, IPv6: 0, 最小延迟: -1 ms, 最高速率: 0.00 M/s, 平均速率: 0.00 M/s, 最高分辨率: None, 平均帧率: 未知, 视频编解码器: 未知, 音频编解码器: 未知
分类: 咪咕赛事🌟, 名称: 咪咕赛事23, 有效: 0, IPv4: 1, IPv6: 0, 最小延迟: -1 ms, 最高速率: 0.00 M/s, 平均速率: 0.00 M/s, 最高分辨率: None, 平均帧率: 未知, 视频编解码器: 未知, 音频编解码器: 未知
分类: 咪咕赛事🌟, 名称: 咪咕赛事24, 有效: 0, IPv4: 1, IPv6: 0, 最小延迟: -1 ms, 最高速率: 0.00 M/s, 平均速率: 0.00 M/s, 最高分辨率: None, 平均帧率: 未知, 视频编解码器: 未知, 音频编解码器: 未知
分类: 咪咕赛事🌟, 名称: 咪咕赛事26, 有效: 0, IPv4: 1, IPv6: 0, 最小延迟: -1 ms, 最高速率: 0.00 M/s, 平均速率: 0.00 M/s, 最高分辨率: None, 平均帧率: 未知, 视频编解码器: 未知, 音频编解码器: 未知
分类: 咪咕赛事🌟, 名称: 咪咕赛事28, 有效: 0, IPv4: 1, IPv6: 0, 最小延迟: -1 ms, 最高速率: 0.00 M/s, 平均速率: 0.00 M/s, 最高分辨率: None, 平均帧率: 未知, 视频编解码器: 未知, 音频编解码器: 未知
分类: 咪咕赛事🌟, 名称: 咪咕赛事16, 有效: 0, IPv4: 1, IPv6: 0, 最小延迟: -1 ms, 最高速率: 0.00 M/s, 平均速率: 0.00 M/s, 最高分辨率: None, 平均帧率: 未知, 视频编解码器: 未知, 音频编解码器: 未知
分类: 咪咕赛事🌟, 名称: 咪咕赛事29, 有效: 0, IPv4: 1, IPv6: 0, 最小延迟: -1 ms, 最高速率: 0.00 M/s, 平均速率: 0.00 M/s, 最高分辨率: None, 平均帧率: 未知, 视频编解码器: 未知, 音频编解码器: 未知
分类: 咪咕赛事🌟, 名称: 咪咕赛事30, 有效: 0, IPv4: 1, IPv6: 0, 最小延迟: -1 ms, 最高速率: 0.00 M/s, 平均速率: 0.00 M/s, 最高分辨率: None, 平均帧率: 未知, 视频编解码器: 未知, 音频编解码器: 未知
分类: 数字付费🎞️, 名称: NewTV动作电影, 有效: 0, IPv4: 2, IPv6: 0, 最小延迟: 10471 ms, 最高速率: 0.04 M/s, 平均速率: 0.00 M/s, 最高分辨率: None, 平均帧率: 未知, 视频编解码器: 未知, 音频编解码器: 未知
分类: 港澳频道🇭🇰, 名称: 凤凰香港, 有效: 2, IPv4: 16, IPv6: 0, 最小延迟: 522 ms, 最高速率: 2.41 M/s, 平均速率: 1.38 M/s, 最高分辨率: 1280x720, 平均帧率: 25.00, 视频编解码器: h264, 音频编解码器: aac
分类: 港澳频道🇭🇰, 名称: 凤凰中文, 有效: 7, IPv4: 34, IPv6: 0, 最小延迟: 40 ms, 最高速率: 137.05 M/s, 平均速率: 31.01 M/s, 最高分辨率: 1920x1080, 平均帧率: 35.00, 视频编解码器: h264, 音频编解码器: mp2
分类: 港澳频道🇭🇰, 名称: 澳门莲花, 有效: 1, IPv4: 2, IPv6: 0, 最小延迟: 618 ms, 最高速率: 0.52 M/s, 平均速率: 0.52 M/s, 最高分辨率: 1280x760, 平均帧率: 未知, 视频编解码器: 未知, 音频编解码器: 未知
分类: 港澳频道🇭🇰, 名称: 凤凰资讯, 有效: 6, IPv4: 28, IPv6: 0, 最小延迟: 50 ms, 最高速率: 107.47 M/s, 平均速率: 19.34 M/s, 最高分辨率: 1920x1080, 平均帧率: 31.25, 视频编解码器: h264, 音频编解码器: aac
分类: 港澳频道🇭🇰, 名称: 澳视澳门, 有效: 0, IPv4: 2, IPv6: 0, 最小延迟: -1 ms, 最高速率: 0.00 M/s, 平均速率: 0.00 M/s, 最高分辨率: 1280x720, 平均帧率: 未知, 视频编解码器: 未知, 音频编解码器: 未知
分类: 港澳频道🇭🇰, 名称: HKS香港卫视, 有效: 1, IPv4: 12, IPv6: 0, 最小延迟: 17 ms, 最高速率: 7.99 M/s, 平均速率: 0.42 M/s, 最高分辨率: 1280x720, 平均帧率: 25.00, 视频编解码器: rawvideo, 音频编解码器: 未知
分类: 港澳频道🇭🇰, 名称: TVB翡翠, 有效: 1, IPv4: 30, IPv6: 0, 最小延迟: 3492 ms, 最高速率: 1.18 M/s, 平均速率: 1.18 M/s, 最高分辨率: 1920x1080, 平均帧率: 40.00, 视频编解码器: h264, 音频编解码器: mp2
分类: 港澳频道🇭🇰, 名称: TVB明珠, 有效: 1, IPv4: 14, IPv6: 0, 最小延迟: 185 ms, 最高速率: 0.47 M/s, 平均速率: 0.47 M/s, 最高分辨率: 1920x1080, 平均帧率: 50.00, 视频编解码器: h264, 音频编解码器: mp2
分类: 港澳频道🇭🇰, 名称: TVB星河, 有效: 2, IPv4: 9, IPv6: 0, 最小延迟: 186 ms, 最高速率: 1.45 M/s, 平均速率: 0.96 M/s, 最高分辨率: 1920x1080, 平均帧率: 30.00, 视频编解码器: h264, 音频编解码器: mp2
分类: 港澳频道🇭🇰, 名称: TVB娱乐新闻, 有效: 0, IPv4: 5, IPv6: 0, 最小延迟: -1 ms, 最高速率: 0.00 M/s, 平均速率: 0.00 M/s, 最高分辨率: None, 平均帧率: 未知, 视频编解码器: 未知, 音频编解码器: 未知
分类: 港澳频道🇭🇰, 名称: TVB千禧经典, 有效: 1, IPv4: 7, IPv6: 0, 最小延迟: 180 ms, 最高速率: 1.50 M/s, 平均速率: 1.50 M/s, 最高分辨率: 1920x1080, 平均帧率: 25.00, 视频编解码器: h264, 音频编解码器: mp2
分类: 港澳频道🇭🇰, 名称: TVB无线新闻, 有效: 5, IPv4: 23, IPv6: 0, 最小延迟: 166 ms, 最高速率: 3.07 M/s, 平均速率: 1.51 M/s, 最高分辨率: 1920x1080, 平均帧率: 28.32, 视频编解码器: h264, 音频编解码器: aac
分类: 港澳频道🇭🇰, 名称: 澳视体育, 有效: 0, IPv4: 1, IPv6: 0, 最小延迟: -1 ms, 最高速率: 0.00 M/s, 平均速率: 0.00 M/s, 最高分辨率: None, 平均帧率: 未知, 视频编解码器: 未知, 音频编解码器: 未知
分类: 港澳频道🇭🇰, 名称: 澳视综艺, 有效: 0, IPv4: 1, IPv6: 0, 最小延迟: -1 ms, 最高速率: 0.00 M/s, 平均速率: 0.00 M/s, 最高分辨率: None, 平均帧率: 未知, 视频编解码器: 未知, 音频编解码器: 未知
分类: 港澳频道🇭🇰, 名称: 有线新闻, 有效: 11, IPv4: 14, IPv6: 0, 最小延迟: 1438 ms, 最高速率: 9.11 M/s, 平均速率: 0.25 M/s, 最高分辨率: 1280x720, 平均帧率: 25.00, 视频编解码器: h264, 音频编解码器: aac
分类: 港澳频道🇭🇰, 名称: Now财经, 有效: 0, IPv4: 1, IPv6: 0, 最小延迟: -1 ms, 最高速率: 0.00 M/s, 平均速率: 0.00 M/s, 最高分辨率: None, 平均帧率: 未知, 视频编解码器: 未知, 音频编解码器: 未知
分类: 港澳频道🇭🇰, 名称: TVBPlus, 有效: 1, IPv4: 11, IPv6: 0, 最小延迟: 167 ms, 最高速率: 50.19 M/s, 平均速率: 50.19 M/s, 最高分辨率: 1920x1080, 平均帧率: 20.00, 视频编解码器: h264, 音频编解码器: aac
分类: 港澳频道🇭🇰, 名称: HOY77, 有效: 0, IPv4: 5, IPv6: 0, 最小延迟: -1 ms, 最高速率: 0.00 M/s, 平均速率: 0.00 M/s, 最高分辨率: None, 平均帧率: 未知, 视频编解码器: 未知, 音频编解码器: 未知
分类: 港澳频道🇭🇰, 名称: ViuTV, 有效: 0, IPv4: 4, IPv6: 0, 最小延迟: 1440 ms, 最高速率: 0.44 M/s, 平均速率: 0.00 M/s, 最高分辨率: 1920x1080, 平均帧率: 25.00, 视频编解码器: h264, 音频编解码器: aac
分类: 港澳频道🇭🇰, 名称: HOY76, 有效: 0, IPv4: 3, IPv6: 0, 最小延迟: -1 ms, 最高速率: 0.00 M/s, 平均速率: 0.00 M/s, 最高分辨率: None, 平均帧率: 未知, 视频编解码器: 未知, 音频编解码器: 未知
分类: 港澳频道🇭🇰, 名称: HOY78, 有效: 0, IPv4: 5, IPv6: 0, 最小延迟: -1 ms, 最高速率: 0.00 M/s, 平均速率: 0.00 M/s, 最高分辨率: None, 平均帧率: 未知, 视频编解码器: 未知, 音频编解码器: 未知
分类: 港澳频道🇭🇰, 名称: RTHK31, 有效: 0, IPv4: 4, IPv6: 0, 最小延迟: 421 ms, 最高速率: 21.77 M/s, 平均速率: 0.00 M/s, 最高分辨率: None, 平均帧率: 未知, 视频编解码器: 未知, 音频编解码器: 未知
分类: 港澳频道🇭🇰, 名称: RTHK33, 有效: 0, IPv4: 3, IPv6: 0, 最小延迟: -1 ms, 最高速率: 0.00 M/s, 平均速率: 0.00 M/s, 最高分辨率: None, 平均帧率: 未知, 视频编解码器: 未知, 音频编解码器: 未知
分类: 港澳频道🇭🇰, 名称: RTHK32, 有效: 0, IPv4: 4, IPv6: 0, 最小延迟: 449 ms, 最高速率: 21.03 M/s, 平均速率: 0.00 M/s, 最高分辨率: None, 平均帧率: 未知, 视频编解码器: 未知, 音频编解码器: 未知
分类: 港澳频道🇭🇰, 名称: RTHK34, 有效: 0, IPv4: 3, IPv6: 0, 最小延迟: -1 ms, 最高速率: 0.00 M/s, 平均速率: 0.00 M/s, 最高分辨率: None, 平均帧率: 未知, 视频编解码器: 未知, 音频编解码器: 未知
分类: 港澳频道🇭🇰, 名称: RTHK35, 有效: 0, IPv4: 3, IPv6: 0, 最小延迟: -1 ms, 最高速率: 0.00 M/s, 平均速率: 0.00 M/s, 最高分辨率: None, 平均帧率: 未知, 视频编解码器: 未知, 音频编解码器: 未知
分类: 港澳频道🇭🇰, 名称: Now星影, 有效: 0, IPv4: 7, IPv6: 0, 最小延迟: 163 ms, 最高速率: 0.00 M/s, 平均速率: 0.00 M/s, 最高分辨率: None, 平均帧率: 未知, 视频编解码器: 未知, 音频编解码器: 未知
分类: 港澳频道🇭🇰, 名称: Now爆谷, 有效: 0, IPv4: 4, IPv6: 0, 最小延迟: -1 ms, 最高速率: 0.00 M/s, 平均速率: 0.00 M/s, 最高分辨率: None, 平均帧率: 未知, 视频编解码器: 未知, 音频编解码器: 未知
分类: 港澳频道🇭🇰, 名称: NOW新闻, 有效: 2, IPv4: 6, IPv6: 0, 最小延迟: 136 ms, 最高速率: 59.54 M/s, 平均速率: 1.95 M/s, 最高分辨率: 1280x720, 平均帧率: 未知, 视频编解码器: 未知, 音频编解码器: 未知
分类: 港澳频道🇭🇰, 名称: Now直播台, 有效: 0, IPv4: 1, IPv6: 0, 最小延迟: -1 ms, 最高速率: 0.00 M/s, 平均速率: 0.00 M/s, 最高分辨率: None, 平均帧率: 未知, 视频编解码器: 未知, 音频编解码器: 未知
分类: 港澳频道🇭🇰, 名称: Thrill, 有效: 0, IPv4: 2, IPv6: 0, 最小延迟: -1 ms, 最高速率: 0.00 M/s, 平均速率: 0.00 M/s, 最高分辨率: None, 平均帧率: 未知, 视频编解码器: 未知, 音频编解码器: 未知
分类: 港澳频道🇭🇰, 名称: ROCKAction, 有效: 0, IPv4: 6, IPv6: 0, 最小延迟: 168 ms, 最高速率: 0.00 M/s, 平均速率: 0.00 M/s, 最高分辨率: None, 平均帧率: 未知, 视频编解码器: 未知, 音频编解码器: 未知
分类: 港澳频道🇭🇰, 名称: 天映频道, 有效: 1, IPv4: 6, IPv6: 0, 最小延迟: 3542 ms, 最高速率: 1.18 M/s, 平均速率: 1.18 M/s, 最高分辨率: 1920x1080, 平均帧率: 25.00, 视频编解码器: h264, 音频编解码器: mp2
分类: 港澳频道🇭🇰, 名称: PopC, 有效: 1, IPv4: 7, IPv6: 0, 最小延迟: 219 ms, 最高速率: 2.64 M/s, 平均速率: 2.64 M/s, 最高分辨率: 1920x1080, 平均帧率: 未知, 视频编解码器: 未知, 音频编解码器: 未知
分类: 港澳频道🇭🇰, 名称: 黄金华剧台, 有效: 0, IPv4: 4, IPv6: 0, 最小延迟: -1 ms, 最高速率: 0.00 M/s, 平均速率: 0.00 M/s, 最高分辨率: None, 平均帧率: 未知, 视频编解码器: 未知, 音频编解码器: 未知
分类: 港澳频道🇭🇰, 名称: 美亚电影, 有效: 2, IPv4: 9, IPv6: 0, 最小延迟: 178 ms, 最高速率: 0.62 M/s, 平均速率: 0.55 M/s, 最高分辨率: 1280x720, 平均帧率: 未知, 视频编解码器: 未知, 音频编解码器: 未知
分类: 台湾频道🏞️, 名称: TVBS欢乐, 有效: 0, IPv4: 3, IPv6: 0, 最小延迟: -1 ms, 最高速率: 0.00 M/s, 平均速率: 0.00 M/s, 最高分辨率: None, 平均帧率: 未知, 视频编解码器: 未知, 音频编解码器: 未知
分类: 台湾频道🏞️, 名称: TVBS, 有效: 10, IPv4: 23, IPv6: 0, 最小延迟: 515 ms, 最高速率: 2.23 M/s, 平均速率: 1.21 M/s, 最高分辨率: 1920x1080, 平均帧率: 33.99, 视频编解码器: h264, 音频编解码器: aac
分类: 台湾频道🏞️, 名称: TVBS精采, 有效: 0, IPv4: 3, IPv6: 0, 最小延迟: -1 ms, 最高速率: 0.00 M/s, 平均速率: 0.00 M/s, 最高分辨率: None, 平均帧率: 未知, 视频编解码器: 未知, 音频编解码器: 未知
分类: 台湾频道🏞️, 名称: TVBS台剧, 有效: 0, IPv4: 1, IPv6: 0, 最小延迟: -1 ms, 最高速率: 0.00 M/s, 平均速率: 0.00 M/s, 最高分辨率: None, 平均帧率: 未知, 视频编解码器: 未知, 音频编解码器: 未知
分类: 台湾频道🏞️, 名称: TVBS综艺, 有效: 0, IPv4: 1, IPv6: 0, 最小延迟: -1 ms, 最高速率: 0.00 M/s, 平均速率: 0.00 M/s, 最高分辨率: None, 平均帧率: 未知, 视频编解码器: 未知, 音频编解码器: 未知
分类: 台湾频道🏞️, 名称: TVBS新闻, 有效: 1, IPv4: 6, IPv6: 0, 最小延迟: 449 ms, 最高速率: 23.85 M/s, 平均速率: 2.19 M/s, 最高分辨率: 1920x1080, 平均帧率: 未知, 视频编解码器: 未知, 音频编解码器: 未知
分类: 台湾频道🏞️, 名称: 东森超视, 有效: 5, IPv4: 21, IPv6: 0, 最小延迟: 830 ms, 最高速率: 1.87 M/s, 平均速率: 1.50 M/s, 最高分辨率: 1920x1080, 平均帧率: 未知, 视频编解码器: 未知, 音频编解码器: 未知
分类: 台湾频道🏞️, 名称: 东森财经新闻, 有效: 1, IPv4: 3, IPv6: 0, 最小延迟: 593 ms, 最高速率: 1.39 M/s, 平均速率: 1.39 M/s, 最高分辨率: 1280x720, 平均帧率: 29.97, 视频编解码器: h264, 音频编解码器: aac
分类: 台湾频道🏞️, 名称: 东森新闻, 有效: 2, IPv4: 7, IPv6: 0, 最小延迟: 66 ms, 最高速率: 78.15 M/s, 平均速率: 39.51 M/s, 最高分辨率: 1920x1080, 平均帧率: 28.33, 视频编解码器: h264, 音频编解码器: aac
分类: 台湾频道🏞️, 名称: 东森电影, 有效: 0, IPv4: 21, IPv6: 0, 最小延迟: 384 ms, 最高速率: 0.01 M/s, 平均速率: 0.00 M/s, 最高分辨率: None, 平均帧率: 未知, 视频编解码器: 未知, 音频编解码器: 未知
分类: 台湾频道🏞️, 名称: 东森综合, 有效: 3, IPv4: 9, IPv6: 0, 最小延迟: 719 ms, 最高速率: 4.93 M/s, 平均速率: 1.96 M/s, 最高分辨率: 1280x720, 平均帧率: 未知, 视频编解码器: 未知, 音频编解码器: 未知
分类: 台湾频道🏞️, 名称: 东森幼幼, 有效: 0, IPv4: 2, IPv6: 0, 最小延迟: -1 ms, 最高速率: 0.00 M/s, 平均速率: 0.00 M/s, 最高分辨率: None, 平均帧率: 未知, 视频编解码器: 未知, 音频编解码器: 未知
分类: 台湾频道🏞️, 名称: 东森戏剧, 有效: 0, IPv4: 4, IPv6: 0, 最小延迟: -1 ms, 最高速率: 0.00 M/s, 平均速率: 0.00 M/s, 最高分辨率: None, 平均帧率: 未知, 视频编解码器: 未知, 音频编解码器: 未知
分类: 台湾频道🏞️, 名称: 东森洋片, 有效: 1, IPv4: 17, IPv6: 0, 最小延迟: 583 ms, 最高速率: 0.34 M/s, 平均速率: 0.34 M/s, 最高分辨率: 1280x720, 平均帧率: 未知, 视频编解码器: 未知, 音频编解码器: 未知
分类: 台湾频道🏞️, 名称: 非凡商业, 有效: 0, IPv4: 1, IPv6: 0, 最小延迟: -1 ms, 最高速率: 0.00 M/s, 平均速率: 0.00 M/s, 最高分辨率: None, 平均帧率: 未知, 视频编解码器: 未知, 音频编解码器: 未知
分类: 台湾频道🏞️, 名称: 寰宇财经, 有效: 0, IPv4: 1, IPv6: 0, 最小延迟: -1 ms, 最高速率: 0.00 M/s, 平均速率: 0.00 M/s, 最高分辨率: None, 平均帧率: 未知, 视频编解码器: 未知, 音频编解码器: 未知
分类: 台湾频道🏞️, 名称: 寰宇新闻台湾, 有效: 0, IPv4: 2, IPv6: 0, 最小延迟: -1 ms, 最高速率: 0.00 M/s, 平均速率: 0.00 M/s, 最高分辨率: None, 平均帧率: 未知, 视频编解码器: 未知, 音频编解码器: 未知
分类: 台湾频道🏞️, 名称: 年代新闻, 有效: 0, IPv4: 5, IPv6: 0, 最小延迟: -1 ms, 最高速率: 0.00 M/s, 平均速率: 0.00 M/s, 最高分辨率: None, 平均帧率: 未知, 视频编解码器: 未知, 音频编解码器: 未知
分类: 台湾频道🏞️, 名称: 非凡新闻, 有效: 0, IPv4: 3, IPv6: 0, 最小延迟: 2079 ms, 最高速率: 0.18 M/s, 平均速率: 0.00 M/s, 最高分辨率: None, 平均帧率: 未知, 视频编解码器: 未知, 音频编解码器: 未知
分类: 台湾频道🏞️, 名称: 寰宇新闻, 有效: 1, IPv4: 10, IPv6: 0, 最小延迟: 168 ms, 最高速率: 2.61 M/s, 平均速率: 0.53 M/s, 最高分辨率: 1280x720, 平均帧率: 29.98, 视频编解码器: h264, 音频编解码器: aac
分类: 台湾频道🏞️, 名称: 镜新闻, 有效: 2, IPv4: 4, IPv6: 0, 最小延迟: 590 ms, 最高速率: 2.10 M/s, 平均速率: 1.53 M/s, 最高分辨率: 1280x720, 平均帧率: 未知, 视频编解码器: 未知, 音频编解码器: 未知
分类: 台湾频道🏞️, 名称: 三立综合, 有效: 1, IPv4: 3, IPv6: 0, 最小延迟: 588 ms, 最高速率: 1.48 M/s, 平均速率: 1.48 M/s, 最高分辨率: 1920x1080, 平均帧率: 29.97, 视频编解码器: h264, 音频编解码器: aac
分类: 台湾频道🏞️, 名称: 三立台湾, 有效: 0, IPv4: 4, IPv6: 0, 最小延迟: 600 ms, 最高速率: 0.13 M/s, 平均速率: 0.00 M/s, 最高分辨率: 1920x1080, 平均帧率: 29.00, 视频编解码器: h264, 音频编解码器: aac
分类: 台湾频道🏞️, 名称: 三立戏剧, 有效: 1, IPv4: 3, IPv6: 0, 最小延迟: 5016 ms, 最高速率: 0.35 M/s, 平均速率: 0.35 M/s, 最高分辨率: 1280x720, 平均帧率: 未知, 视频编解码器: 未知, 音频编解码器: 未知
分类: 台湾频道🏞️, 名称: 三立新闻, 有效: 1, IPv4: 6, IPv6: 0, 最小延迟: 369 ms, 最高速率: 31.80 M/s, 平均速率: 31.80 M/s, 最高分辨率: 1920x1080, 平均帧率: 30.00, 视频编解码器: h264, 音频编解码器: aac
分类: 台湾频道🏞️, 名称: 华视教育体育文化, 有效: 0, IPv4: 2, IPv6: 0, 最小延迟: -1 ms, 最高速率: 0.00 M/s, 平均速率: 0.00 M/s, 最高分辨率: None, 平均帧率: 未知, 视频编解码器: 未知, 音频编解码器: 未知
分类: 台湾频道🏞️, 名称: 三立都会, 有效: 0, IPv4: 2, IPv6: 0, 最小延迟: -1 ms, 最高速率: 0.00 M/s, 平均速率: 0.00 M/s, 最高分辨率: None, 平均帧率: 未知, 视频编解码器: 未知, 音频编解码器: 未知
分类: 台湾频道🏞️, 名称: 华视新闻, 有效: 2, IPv4: 6, IPv6: 0, 最小延迟: 316 ms, 最高速率: 16.43 M/s, 平均速率: 11.88 M/s, 最高分辨率: 1280x720, 平均帧率: 未知, 视频编解码器: 未知, 音频编解码器: 未知
分类: 台湾频道🏞️, 名称: 华视, 有效: 3, IPv4: 10, IPv6: 0, 最小延迟: 337 ms, 最高速率: 22.55 M/s, 平均速率: 7.71 M/s, 最高分辨率: 1920x1080, 平均帧率: 未知, 视频编解码器: 未知, 音频编解码器: 未知
分类: 台湾频道🏞️, 名称: 中视新闻, 有效: 2, IPv4: 8, IPv6: 0, 最小延迟: 235 ms, 最高速率: 29.88 M/s, 平均速率: 9.42 M/s, 最高分辨率: 1920x1080, 平均帧率: 30.00, 视频编解码器: h264, 音频编解码器: aac
分类: 台湾频道🏞️, 名称: 中视, 有效: 2, IPv4: 8, IPv6: 0, 最小延迟: 302 ms, 最高速率: 27.64 M/s, 平均速率: 5.38 M/s, 最高分辨率: 1920x1080, 平均帧率: 25.00, 视频编解码器: h264, 音频编解码器: aac
分类: 台湾频道🏞️, 名称: 中视经典, 有效: 1, IPv4: 6, IPv6: 0, 最小延迟: 355 ms, 最高速率: 34.01 M/s, 平均速率: 0.46 M/s, 最高分辨率: 1280x720, 平均帧率: 30.00, 视频编解码器: h264, 音频编解码器: aac
分类: 台湾频道🏞️, 名称: 中视菁采, 有效: 0, IPv4: 5, IPv6: 0, 最小延迟: 584 ms, 最高速率: 3.85 M/s, 平均速率: 0.00 M/s, 最高分辨率: 1280x720, 平均帧率: 未知, 视频编解码器: 未知, 音频编解码器: 未知
分类: 台湾频道🏞️, 名称: 中天娱乐, 有效: 1, IPv4: 3, IPv6: 0, 最小延迟: 4873 ms, 最高速率: 0.37 M/s, 平均速率: 0.37 M/s, 最高分辨率: 1280x720, 平均帧率: 未知, 视频编解码器: 未知, 音频编解码器: 未知
分类: 台湾频道🏞️, 名称: 中天新闻, 有效: 2, IPv4: 23, IPv6: 0, 最小延迟: 59 ms, 最高速率: 84.84 M/s, 平均速率: 0.93 M/s, 最高分辨率: 1920x1080, 平均帧率: 30.00, 视频编解码器: h264, 音频编解码器: aac
分类: 台湾频道🏞️, 名称: 中天综合, 有效: 1, IPv4: 3, IPv6: 0, 最小延迟: 598 ms, 最高速率: 2.02 M/s, 平均速率: 2.02 M/s, 最高分辨率: 1280x720, 平均帧率: 未知, 视频编解码器: 未知, 音频编解码器: 未知
分类: 台湾频道🏞️, 名称: 中天亚洲, 有效: 0, IPv4: 4, IPv6: 0, 最小延迟: -1 ms, 最高速率: 0.00 M/s, 平均速率: 0.00 M/s, 最高分辨率: None, 平均帧率: 未知, 视频编解码器: 未知, 音频编解码器: 未知
分类: 台湾频道🏞️, 名称: 民视, 有效: 2, IPv4: 10, IPv6: 0, 最小延迟: 311 ms, 最高速率: 25.82 M/s, 平均速率: 1.07 M/s, 最高分辨率: 1920x1080, 平均帧率: 未知, 视频编解码器: 未知, 音频编解码器: 未知
分类: 台湾频道🏞️, 名称: 民视新闻, 有效: 2, IPv4: 15, IPv6: 0, 最小延迟: 67 ms, 最高速率: 105.22 M/s, 平均速率: 1.89 M/s, 最高分辨率: 1920x1080, 平均帧率: 30.00, 视频编解码器: h264, 音频编解码器: 未知
分类: 台湾频道🏞️, 名称: 民视影剧, 有效: 0, IPv4: 2, IPv6: 0, 最小延迟: -1 ms, 最高速率: 0.00 M/s, 平均速率: 0.00 M/s, 最高分辨率: 1920x1080, 平均帧率: 未知, 视频编解码器: 未知, 音频编解码器: 未知
分类: 台湾频道🏞️, 名称: 民视旅游, 有效: 0, IPv4: 1, IPv6: 0, 最小延迟: -1 ms, 最高速率: 0.00 M/s, 平均速率: 0.00 M/s, 最高分辨率: None, 平均帧率: 未知, 视频编解码器: 未知, 音频编解码器: 未知
分类: 台湾频道🏞️, 名称: 民视台湾, 有效: 0, IPv4: 5, IPv6: 0, 最小延迟: 561 ms, 最高速率: 8.17 M/s, 平均速率: 0.00 M/s, 最高分辨率: None, 平均帧率: 未知, 视频编解码器: 未知, 音频编解码器: 未知
分类: 台湾频道🏞️, 名称: 公视3台, 有效: 0, IPv4: 3, IPv6: 0, 最小延迟: -1 ms, 最高速率: 0.00 M/s, 平均速率: 0.00 M/s, 最高分辨率: None, 平均帧率: 未知, 视频编解码器: 未知, 音频编解码器: 未知
分类: 台湾频道🏞️, 名称: 民视综艺, 有效: 0, IPv4: 3, IPv6: 0, 最小延迟: -1 ms, 最高速率: 0.00 M/s, 平均速率: 0.00 M/s, 最高分辨率: 1920x1080, 平均帧率: 未知, 视频编解码器: 未知, 音频编解码器: 未知
分类: 台湾频道🏞️, 名称: 民视第一台, 有效: 0, IPv4: 5, IPv6: 0, 最小延迟: 538 ms, 最高速率: 7.48 M/s, 平均速率: 0.00 M/s, 最高分辨率: None, 平均帧率: 未知, 视频编解码器: 未知, 音频编解码器: 未知
分类: 台湾频道🏞️, 名称: 公视台语, 有效: 0, IPv4: 3, IPv6: 0, 最小延迟: 147 ms, 最高速率: 66.30 M/s, 平均速率: 0.00 M/s, 最高分辨率: None, 平均帧率: 未知, 视频编解码器: 未知, 音频编解码器: 未知
分类: 台湾频道🏞️, 名称: 公视, 有效: 2, IPv4: 7, IPv6: 0, 最小延迟: 232 ms, 最高速率: 43.41 M/s, 平均速率: 10.66 M/s, 最高分辨率: 1920x1080, 平均帧率: 30.00, 视频编解码器: h264, 音频编解码器: aac
分类: 台湾频道🏞️, 名称: 公视戏剧, 有效: 0, IPv4: 2, IPv6: 0, 最小延迟: -1 ms, 最高速率: 0.00 M/s, 平均速率: 0.00 M/s, 最高分辨率: None, 平均帧率: 未知, 视频编解码器: 未知, 音频编解码器: 未知
分类: 台湾频道🏞️, 名称: 台视综合, 有效: 0, IPv4: 6, IPv6: 0, 最小延迟: 800 ms, 最高速率: 2.98 M/s, 平均速率: 0.00 M/s, 最高分辨率: None, 平均帧率: 未知, 视频编解码器: 未知, 音频编解码器: 未知
分类: 台湾频道🏞️, 名称: 台视财经, 有效: 0, IPv4: 5, IPv6: 0, 最小延迟: -1 ms, 最高速率: 0.00 M/s, 平均速率: 0.00 M/s, 最高分辨率: 1280x720, 平均帧率: 未知, 视频编解码器: 未知, 音频编解码器: 未知
分类: 台湾频道🏞️, 名称: 台视新闻, 有效: 4, IPv4: 17, IPv6: 0, 最小延迟: 178 ms, 最高速率: 11.73 M/s, 平均速率: 4.80 M/s, 最高分辨率: 1920x1080, 平均帧率: 29.99, 视频编解码器: h264, 音频编解码器: aac
分类: 台湾频道🏞️, 名称: 台视, 有效: 1, IPv4: 9, IPv6: 0, 最小延迟: 376 ms, 最高速率: 34.47 M/s, 平均速率: 0.42 M/s, 最高分辨率: 1280x720, 平均帧率: 未知, 视频编解码器: 未知, 音频编解码器: 未知
分类: 台湾频道🏞️, 名称: 纬来综合, 有效: 0, IPv4: 2, IPv6: 0, 最小延迟: -1 ms, 最高速率: 0.00 M/s, 平均速率: 0.00 M/s, 最高分辨率: None, 平均帧率: 未知, 视频编解码器: 未知, 音频编解码器: 未知
分类: 台湾频道🏞️, 名称: 纬来戏剧, 有效: 0, IPv4: 3, IPv6: 0, 最小延迟: 587 ms, 最高速率: 0.14 M/s, 平均速率: 0.00 M/s, 最高分辨率: 1920x1080, 平均帧率: 29.97, 视频编解码器: h264, 音频编解码器: aac
分类: 台湾频道🏞️, 名称: 纬来日本, 有效: 1, IPv4: 3, IPv6: 0, 最小延迟: 589 ms, 最高速率: 0.48 M/s, 平均速率: 0.48 M/s, 最高分辨率: 1280x720, 平均帧率: 未知, 视频编解码器: 未知, 音频编解码器: 未知
分类: 台湾频道🏞️, 名称: 纬来电影, 有效: 0, IPv4: 21, IPv6: 0, 最小延迟: 586 ms, 最高速率: 0.15 M/s, 平均速率: 0.00 M/s, 最高分辨率: 1920x1080, 平均帧率: 未知, 视频编解码器: 未知, 音频编解码器: 未知
分类: 台湾频道🏞️, 名称: 纬来体育, 有效: 0, IPv4: 20, IPv6: 0, 最小延迟: 1315 ms, 最高速率: 0.17 M/s, 平均速率: 0.00 M/s, 最高分辨率: 1920x1080, 平均帧率: 25.00, 视频编解码器: h264, 音频编解码器: aac
分类: 台湾频道🏞️, 名称: 八大综艺, 有效: 0, IPv4: 1, IPv6: 0, 最小延迟: -1 ms, 最高速率: 0.00 M/s, 平均速率: 0.00 M/s, 最高分辨率: None, 平均帧率: 未知, 视频编解码器: 未知, 音频编解码器: 未知
分类: 台湾频道🏞️, 名称: 纬来育乐, 有效: 0, IPv4: 9, IPv6: 0, 最小延迟: 1589 ms, 最高速率: 0.18 M/s, 平均速率: 0.00 M/s, 最高分辨率: 1280x720, 平均帧率: 未知, 视频编解码器: 未知, 音频编解码器: 未知
分类: 台湾频道🏞️, 名称: 八大精彩, 有效: 0, IPv4: 2, IPv6: 0, 最小延迟: -1 ms, 最高速率: 0.00 M/s, 平均速率: 0.00 M/s, 最高分辨率: None, 平均帧率: 未知, 视频编解码器: 未知, 音频编解码器: 未知
分类: 台湾频道🏞️, 名称: 龙华经典, 有效: 0, IPv4: 4, IPv6: 0, 最小延迟: 374 ms, 最高速率: 9.07 M/s, 平均速率: 0.00 M/s, 最高分辨率: None, 平均帧率: 未知, 视频编解码器: 未知, 音频编解码器: 未知
分类: 台湾频道🏞️, 名称: 龙华日韩, 有效: 0, IPv4: 2, IPv6: 0, 最小延迟: 342 ms, 最高速率: 9.87 M/s, 平均速率: 0.00 M/s, 最高分辨率: None, 平均帧率: 未知, 视频编解码器: 未知, 音频编解码器: 未知
分类: 台湾频道🏞️, 名称: 纬来精采, 有效: 2, IPv4: 3, IPv6: 0, 最小延迟: 586 ms, 最高速率: 0.36 M/s, 平均速率: 0.30 M/s, 最高分辨率: 1280x720, 平均帧率: 30.00, 视频编解码器: h264, 音频编解码器: aac
分类: 台湾频道🏞️, 名称: 龙华偶像, 有效: 1, IPv4: 3, IPv6: 0, 最小延迟: 588 ms, 最高速率: 6.09 M/s, 平均速率: 0.51 M/s, 最高分辨率: 1920x1080, 平均帧率: 30.00, 视频编解码器: h264, 音频编解码器: aac
分类: 台湾频道🏞️, 名称: 龙华戏剧, 有效: 0, IPv4: 4, IPv6: 0, 最小延迟: 756 ms, 最高速率: 4.31 M/s, 平均速率: 0.00 M/s, 最高分辨率: 1920x1080, 平均帧率: 未知, 视频编解码器: 未知, 音频编解码器: 未知
分类: 台湾频道🏞️, 名称: AMC, 有效: 0, IPv4: 4, IPv6: 0, 最小延迟: -1 ms, 最高速率: 0.00 M/s, 平均速率: 0.00 M/s, 最高分辨率: None, 平均帧率: 未知, 视频编解码器: 未知, 音频编解码器: 未知
分类: 台湾频道🏞️, 名称: 天映经典, 有效: 1, IPv4: 15, IPv6: 0, 最小延迟: 3870 ms, 最高速率: 1.41 M/s, 平均速率: 1.41 M/s, 最高分辨率: 1920x1080, 平均帧率: 25.00, 视频编解码器: h264, 音频编解码器: mp2
分类: 台湾频道🏞️, 名称: Catchplay电影, 有效: 1, IPv4: 2, IPv6: 0, 最小延迟: 586 ms, 最高速率: 0.50 M/s, 平均速率: 0.50 M/s, 最高分辨率: 1280x720, 平均帧率: 未知, 视频编解码器: 未知, 音频编解码器: 未知
分类: 台湾频道🏞️, 名称: 好莱坞电影台, 有效: 1, IPv4: 1, IPv6: 0, 最小延迟: 712 ms, 最高速率: 0.42 M/s, 平均速率: 0.42 M/s, 最高分辨率: 1280x720, 平均帧率: 未知, 视频编解码器: 未知, 音频编解码器: 未知
分类: 台湾频道🏞️, 名称: 龙祥时代电影, 有效: 0, IPv4: 1, IPv6: 0, 最小延迟: -1 ms, 最高速率: 0.00 M/s, 平均速率: 0.00 M/s, 最高分辨率: None, 平均帧率: 未知, 视频编解码器: 未知, 音频编解码器: 未知
分类: 台湾频道🏞️, 名称: 靖天电影, 有效: 1, IPv4: 17, IPv6: 0, 最小延迟: 587 ms, 最高速率: 3.05 M/s, 平均速率: 3.05 M/s, 最高分辨率: 1920x1080, 平均帧率: 29.99, 视频编解码器: h264, 音频编解码器: aac
分类: 台湾频道🏞️, 名称: 采昌影剧, 有效: 0, IPv4: 2, IPv6: 0, 最小延迟: -1 ms, 最高速率: 0.00 M/s, 平均速率: 0.00 M/s, 最高分辨率: None, 平均帧率: 未知, 视频编解码器: 未知, 音频编解码器: 未知
分类: 台湾频道🏞️, 名称: 龙华洋片, 有效: 0, IPv4: 4, IPv6: 0, 最小延迟: 510 ms, 最高速率: 4.33 M/s, 平均速率: 0.00 M/s, 最高分辨率: None, 平均帧率: 未知, 视频编解码器: 未知, 音频编解码器: 未知
分类: 台湾频道🏞️, 名称: 靖天映画, 有效: 0, IPv4: 16, IPv6: 0, 最小延迟: 284 ms, 最高速率: 0.00 M/s, 平均速率: 0.00 M/s, 最高分辨率: None, 平均帧率: 未知, 视频编解码器: 未知, 音频编解码器: 未知
分类: 台湾频道🏞️, 名称: 靖天戏剧, 有效: 0, IPv4: 14, IPv6: 0, 最小延迟: 283 ms, 最高速率: 0.00 M/s, 平均速率: 0.00 M/s, 最高分辨率: None, 平均帧率: 未知, 视频编解码器: 未知, 音频编解码器: 未知
分类: 台湾频道🏞️, 名称: 影迷数位电影, 有效: 0, IPv4: 2, IPv6: 0, 最小延迟: -1 ms, 最高速率: 0.00 M/s, 平均速率: 0.00 M/s, 最高分辨率: None, 平均帧率: 未知, 视频编解码器: 未知, 音频编解码器: 未知
分类: 台湾频道🏞️, 名称: 靖洋戏剧, 有效: 0, IPv4: 3, IPv6: 0, 最小延迟: -1 ms, 最高速率: 0.00 M/s, 平均速率: 0.00 M/s, 最高分辨率: 1920x1080, 平均帧率: 未知, 视频编解码器: 未知, 音频编解码器: 未知
分类: 台湾频道🏞️, 名称: 龙华电影, 有效: 0, IPv4: 7, IPv6: 0, 最小延迟: 162 ms, 最高速率: 8.04 M/s, 平均速率: 0.00 M/s, 最高分辨率: 1920x1080, 平均帧率: 未知, 视频编解码器: 未知, 音频编解码器: 未知
分类: 台湾频道🏞️, 名称: CMusic, 有效: 0, IPv4: 1, IPv6: 0, 最小延迟: -1 ms, 最高速率: 0.00 M/s, 平均速率: 0.00 M/s, 最高分辨率: None, 平均帧率: 未知, 视频编解码器: 未知, 音频编解码器: 未知
分类: 台湾频道🏞️, 名称: CinemaWorld, 有效: 0, IPv4: 2, IPv6: 0, 最小延迟: -1 ms, 最高速率: 0.00 M/s, 平均速率: 0.00 M/s, 最高分辨率: 1280x720, 平均帧率: 未知, 视频编解码器: 未知, 音频编解码器: 未知
分类: 台湾频道🏞️, 名称: 我的欧洲电影, 有效: 0, IPv4: 1, IPv6: 0, 最小延迟: -1 ms, 最高速率: 0.00 M/s, 平均速率: 0.00 M/s, 最高分辨率: None, 平均帧率: 未知, 视频编解码器: 未知, 音频编解码器: 未知
分类: 台湾频道🏞️, 名称: 精选动漫台, 有效: 0, IPv4: 1, IPv6: 0, 最小延迟: -1 ms, 最高速率: 0.00 M/s, 平均速率: 0.00 M/s, 最高分辨率: None, 平均帧率: 未知, 视频编解码器: 未知, 音频编解码器: 未知
分类: 台湾频道🏞️, 名称: AXN, 有效: 0, IPv4: 4, IPv6: 0, 最小延迟: -1 ms, 最高速率: 0.00 M/s, 平均速率: 0.00 M/s, 最高分辨率: 1280x720, 平均帧率: 未知, 视频编解码器: 未知, 音频编解码器: 未知
分类: 台湾频道🏞️, 名称: 金光布袋戏, 有效: 0, IPv4: 2, IPv6: 0, 最小延迟: -1 ms, 最高速率: 0.00 M/s, 平均速率: 0.00 M/s, 最高分辨率: None, 平均帧率: 未知, 视频编解码器: 未知, 音频编解码器: 未知
分类: 台湾频道🏞️, 名称: Cinemax, 有效: 0, IPv4: 4, IPv6: 0, 最小延迟: -1 ms, 最高速率: 0.00 M/s, 平均速率: 0.00 M/s, 最高分辨率: 1280x720, 平均帧率: 未知, 视频编解码器: 未知, 音频编解码器: 未知
分类: 台湾频道🏞️, 名称: Discovery, 有效: 0, IPv4: 12, IPv6: 0, 最小延迟: -1 ms, 最高速率: 0.00 M/s, 平均速率: 0.00 M/s, 最高分辨率: None, 平均帧率: 未知, 视频编解码器: 未知, 音频编解码器: 未知
分类: 台湾频道🏞️, 名称: EYETV旅游, 有效: 0, IPv4: 1, IPv6: 0, 最小延迟: -1 ms, 最高速率: 0.00 M/s, 平均速率: 0.00 M/s, 最高分辨率: None, 平均帧率: 未知, 视频编解码器: 未知, 音频编解码器: 未知
分类: 台湾频道🏞️, 名称: EYETV戏剧, 有效: 0, IPv4: 1, IPv6: 0, 最小延迟: -1 ms, 最高速率: 0.00 M/s, 平均速率: 0.00 M/s, 最高分辨率: None, 平均帧率: 未知, 视频编解码器: 未知, 音频编解码器: 未知
分类: 台湾频道🏞️, 名称: 经典电影台, 有效: 1, IPv4: 20, IPv6: 0, 最小延迟: 1729 ms, 最高速率: 0.34 M/s, 平均速率: 0.34 M/s, 最高分辨率: 1920x1080, 平均帧率: 25.00, 视频编解码器: h264, 音频编解码器: mp2
分类: 台湾频道🏞️, 名称: HITS, 有效: 0, IPv4: 4, IPv6: 0, 最小延迟: -1 ms, 最高速率: 0.00 M/s, 平均速率: 0.00 M/s, 最高分辨率: None, 平均帧率: 未知, 视频编解码器: 未知, 音频编解码器: 未知
分类: 台湾频道🏞️, 名称: MTVLive, 有效: 0, IPv4: 1, IPv6: 0, 最小延迟: -1 ms, 最高速率: 0.00 M/s, 平均速率: 0.00 M/s, 最高分辨率: None, 平均帧率: 未知, 视频编解码器: 未知, 音频编解码器: 未知
分类: 台湾频道🏞️, 名称: 博斯网球, 有效: 0, IPv4: 2, IPv6: 0, 最小延迟: -1 ms, 最高速率: 0.00 M/s, 平均速率: 0.00 M/s, 最高分辨率: None, 平均帧率: 未知, 视频编解码器: 未知, 音频编解码器: 未知
分类: 台湾频道🏞️, 名称: 博斯魅力, 有效: 0, IPv4: 1, IPv6: 0, 最小延迟: -1 ms, 最高速率: 0.00 M/s, 平均速率: 0.00 M/s, 最高分辨率: None, 平均帧率: 未知, 视频编解码器: 未知, 音频编解码器: 未知
分类: 台湾频道🏞️, 名称: 博斯无限Ⅰ, 有效: 0, IPv4: 2, IPv6: 0, 最小延迟: -1 ms, 最高速率: 0.00 M/s, 平均速率: 0.00 M/s, 最高分辨率: 1920x1080, 平均帧率: 未知, 视频编解码器: 未知, 音频编解码器: 未知
分类: 台湾频道🏞️, 名称: 博斯运动Ⅰ, 有效: 0, IPv4: 2, IPv6: 0, 最小延迟: -1 ms, 最高速率: 0.00 M/s, 平均速率: 0.00 M/s, 最高分辨率: None, 平均帧率: 未知, 视频编解码器: 未知, 音频编解码器: 未知
分类: 台湾频道🏞️, 名称: 博斯运动Ⅱ, 有效: 0, IPv4: 2, IPv6: 0, 最小延迟: -1 ms, 最高速率: 0.00 M/s, 平均速率: 0.00 M/s, 最高分辨率: None, 平均帧率: 未知, 视频编解码器: 未知, 音频编解码器: 未知
分类: 台湾频道🏞️, 名称: 博斯高球Ⅰ, 有效: 0, IPv4: 3, IPv6: 0, 最小延迟: -1 ms, 最高速率: 0.00 M/s, 平均速率: 0.00 M/s, 最高分辨率: 1920x1080, 平均帧率: 未知, 视频编解码器: 未知, 音频编解码器: 未知
分类: 台湾频道🏞️, 名称: 博斯高球Ⅱ, 有效: 0, IPv4: 2, IPv6: 0, 最小延迟: -1 ms, 最高速率: 0.00 M/s, 平均速率: 0.00 M/s, 最高分辨率: None, 平均帧率: 未知, 视频编解码器: 未知, 音频编解码器: 未知
分类: 台湾频道🏞️, 名称: 大爱Ⅰ, 有效: 0, IPv4: 2, IPv6: 0, 最小延迟: -1 ms, 最高速率: 0.00 M/s, 平均速率: 0.00 M/s, 最高分辨率: None, 平均帧率: 未知, 视频编解码器: 未知, 音频编解码器: 未知
分类: 台湾频道🏞️, 名称: 大爱Ⅱ, 有效: 0, IPv4: 1, IPv6: 0, 最小延迟: -1 ms, 最高速率: 0.00 M/s, 平均速率: 0.00 M/s, 最高分辨率: None, 平均帧率: 未知, 视频编解码器: 未知, 音频编解码器: 未知
分类: 台湾频道🏞️, 名称: 好消息Ⅰ, 有效: 0, IPv4: 1, IPv6: 0, 最小延迟: -1 ms, 最高速率: 0.00 M/s, 平均速率: 0.00 M/s, 最高分辨率: None, 平均帧率: 未知, 视频编解码器: 未知, 音频编解码器: 未知
分类: 台湾频道🏞️, 名称: 好消息Ⅱ, 有效: 0, IPv4: 1, IPv6: 0, 最小延迟: -1 ms, 最高速率: 0.00 M/s, 平均速率: 0.00 M/s, 最高分辨率: None, 平均帧率: 未知, 视频编解码器: 未知, 音频编解码器: 未知
分类: 台湾频道🏞️, 名称: 智林体育, 有效: 0, IPv4: 2, IPv6: 0, 最小延迟: -1 ms, 最高速率: 0.00 M/s, 平均速率: 0.00 M/s, 最高分辨率: None, 平均帧率: 未知, 视频编解码器: 未知, 音频编解码器: 未知
分类: 台湾频道🏞️, 名称: DW德国之声, 有效: 0, IPv4: 5, IPv6: 0, 最小延迟: 294 ms, 最高速率: 0.63 M/s, 平均速率: 0.00 M/s, 最高分辨率: 1280x720, 平均帧率: 50.00, 视频编解码器: h264, 音频编解码器: aac
分类: 台湾频道🏞️, 名称: 靖天卡通, 有效: 0, IPv4: 2, IPv6: 0, 最小延迟: -1 ms, 最高速率: 0.00 M/s, 平均速率: 0.00 M/s, 最高分辨率: None, 平均帧率: 未知, 视频编解码器: 未知, 音频编解码器: 未知
分类: 台湾频道🏞️, 名称: 猪哥亮歌厅秀, 有效: 0, IPv4: 1, IPv6: 0, 最小延迟: -1 ms, 最高速率: 0.00 M/s, 平均速率: 0.00 M/s, 最高分辨率: None, 平均帧率: 未知, 视频编解码器: 未知, 音频编解码器: 未知
分类: 台湾频道🏞️, 名称: HBO电影, 有效: 0, IPv4: 3, IPv6: 0, 最小延迟: -1 ms, 最高速率: 0.00 M/s, 平均速率: 0.00 M/s, 最高分辨率: 1280x720, 平均帧率: 未知, 视频编解码器: 未知, 音频编解码器: 未知
分类: 台湾频道🏞️, 名称: HBO强档巨献, 有效: 0, IPv4: 4, IPv6: 0, 最小延迟: -1 ms, 最高速率: 0.00 M/s, 平均速率: 0.00 M/s, 最高分辨率: 1920x1080, 平均帧率: 未知, 视频编解码器: 未知, 音频编解码器: 未知
分类: 台湾频道🏞️, 名称: 阿里郎, 有效: 1, IPv4: 10, IPv6: 0, 最小延迟: 498 ms, 最高速率: 1.40 M/s, 平均速率: 0.38 M/s, 最高分辨率: 1280x720, 平均帧率: 29.97, 视频编解码器: h264, 音频编解码器: aac
分类: 台湾频道🏞️, 名称: 华艺MBC综合, 有效: 0, IPv4: 1, IPv6: 0, 最小延迟: -1 ms, 最高速率: 0.00 M/s, 平均速率: 0.00 M/s, 最高分辨率: None, 平均帧率: 未知, 视频编解码器: 未知, 音频编解码器: 未知
分类: 台湾频道🏞️, 名称: HBO原创巨献, 有效: 0, IPv4: 5, IPv6: 0, 最小延迟: -1 ms, 最高速率: 0.00 M/s, 平均速率: 0.00 M/s, 最高分辨率: 1920x1080, 平均帧率: 未知, 视频编解码器: 未知, 音频编解码器: 未知
分类: 台湾频道🏞️, 名称: 爱尔达体育Ⅰ, 有效: 0, IPv4: 2, IPv6: 0, 最小延迟: -1 ms, 最高速率: 0.00 M/s, 平均速率: 0.00 M/s, 最高分辨率: None, 平均帧率: 未知, 视频编解码器: 未知, 音频编解码器: 未知
分类: 台湾频道🏞️, 名称: 爱尔达体育Ⅱ, 有效: 0, IPv4: 2, IPv6: 0, 最小延迟: -1 ms, 最高速率: 0.00 M/s, 平均速率: 0.00 M/s, 最高分辨率: None, 平均帧率: 未知, 视频编解码器: 未知, 音频编解码器: 未知
分类: 台湾频道🏞️, 名称: HBO温馨家庭, 有效: 0, IPv4: 6, IPv6: 0, 最小延迟: -1 ms, 最高速率: 0.00 M/s, 平均速率: 0.00 M/s, 最高分辨率: 1280x720, 平均帧率: 未知, 视频编解码器: 未知, 音频编解码器: 未知
分类: 台湾频道🏞️, 名称: 爱尔达体育Ⅲ, 有效: 0, IPv4: 2, IPv6: 0, 最小延迟: -1 ms, 最高速率: 0.00 M/s, 平均速率: 0.00 M/s, 最高分辨率: None, 平均帧率: 未知, 视频编解码器: 未知, 音频编解码器: 未知
分类: 台湾频道🏞️, 名称: 爱尔达影剧, 有效: 0, IPv4: 1, IPv6: 0, 最小延迟: -1 ms, 最高速率: 0.00 M/s, 平均速率: 0.00 M/s, 最高分辨率: None, 平均帧率: 未知, 视频编解码器: 未知, 音频编解码器: 未知
分类: 台湾频道🏞️, 名称: 爱尔达综合, 有效: 0, IPv4: 1, IPv6: 0, 最小延迟: -1 ms, 最高速率: 0.00 M/s, 平均速率: 0.00 M/s, 最高分辨率: None, 平均帧率: 未知, 视频编解码器: 未知, 音频编解码器: 未知
分类: 台湾频道🏞️, 名称: 爱尔达体育Ⅳ, 有效: 0, IPv4: 1, IPv6: 0, 最小延迟: -1 ms, 最高速率: 0.00 M/s, 平均速率: 0.00 M/s, 最高分辨率: None, 平均帧率: 未知, 视频编解码器: 未知, 音频编解码器: 未知
分类: 台湾频道🏞️, 名称: 爱尔达娱乐, 有效: 0, IPv4: 4, IPv6: 0, 最小延迟: -1 ms, 最高速率: 0.00 M/s, 平均速率: 0.00 M/s, 最高分辨率: None, 平均帧率: 未知, 视频编解码器: 未知, 音频编解码器: 未知
分类: 台湾频道🏞️, 名称: 爱尔达生活旅游, 有效: 0, IPv4: 1, IPv6: 0, 最小延迟: -1 ms, 最高速率: 0.00 M/s, 平均速率: 0.00 M/s, 最高分辨率: None, 平均帧率: 未知, 视频编解码器: 未知, 音频编解码器: 未知
分类: 湖南频道🌏, 名称: 湖南经视, 有效: 0, IPv4: 11, IPv6: 0, 最小延迟: 1184 ms, 最高速率: 0.42 M/s, 平均速率: 0.00 M/s, 最高分辨率: 640x360, 平均帧率: 25.00, 视频编解码器: h264, 音频编解码器: aac
分类: 湖南频道🌏, 名称: 湖南都市, 有效: 0, IPv4: 11, IPv6: 0, 最小延迟: 1100 ms, 最高速率: 0.44 M/s, 平均速率: 0.00 M/s, 最高分辨率: 640x360, 平均帧率: 25.00, 视频编解码器: h264, 音频编解码器: aac
分类: 湖南频道🌏, 名称: 湖南爱晚, 有效: 0, IPv4: 11, IPv6: 0, 最小延迟: 1007 ms, 最高速率: 0.45 M/s, 平均速率: 0.00 M/s, 最高分辨率: 640x360, 平均帧率: 25.00, 视频编解码器: h264, 音频编解码器: aac
分类: 湖南频道🌏, 名称: 湖南国际, 有效: 0, IPv4: 5, IPv6: 0, 最小延迟: 1251 ms, 最高速率: 0.48 M/s, 平均速率: 0.00 M/s, 最高分辨率: 640x360, 平均帧率: 25.00, 视频编解码器: h264, 音频编解码器: aac
分类: 湖南频道🌏, 名称: 湖南娱乐, 有效: 1, IPv4: 12, IPv6: 0, 最小延迟: 622 ms, 最高速率: 4.26 M/s, 平均速率: 4.26 M/s, 最高分辨率: 1280x720, 平均帧率: 25.00, 视频编解码器: h264, 音频编解码器: aac
分类: 湖南频道🌏, 名称: 湖南电影, 有效: 1, IPv4: 12, IPv6: 0, 最小延迟: 837 ms, 最高速率: 0.97 M/s, 平均速率: 0.97 M/s, 最高分辨率: 1920x1080, 平均帧率: 25.00, 视频编解码器: h264, 音频编解码器: aac
分类: 湖南频道🌏, 名称: 湖南电视剧, 有效: 1, IPv4: 12, IPv6: 0, 最小延迟: 694 ms, 最高速率: 0.79 M/s, 平均速率: 0.79 M/s, 最高分辨率: 1920x1080, 平均帧率: 25.00, 视频编解码器: h264, 音频编解码器: aac
分类: 湖南频道🌏, 名称: 湖南教育, 有效: 1, IPv4: 7, IPv6: 0, 最小延迟: 1003 ms, 最高速率: 2.64 M/s, 平均速率: 2.64 M/s, 最高分辨率: 1280x720, 平均帧率: 50.00, 视频编解码器: h264, 音频编解码器: aac
分类: 湖南频道🌏, 名称: 茶频道, 有效: 0, IPv4: 2, IPv6: 0, 最小延迟: -1 ms, 最高速率: 0.00 M/s, 平均速率: 0.00 M/s, 最高分辨率: None, 平均帧率: 未知, 视频编解码器: 未知, 音频编解码器: 未知
分类: 湖南频道🌏, 名称: 金鹰纪实, 有效: 2, IPv4: 14, IPv6: 0, 最小延迟: 1096 ms, 最高速率: 6.18 M/s, 平均速率: 4.11 M/s, 最高分辨率: 1920x1080, 平均帧率: 37.50, 视频编解码器: h264, 音频编解码器: aac
分类: 湖南频道🌏, 名称: 快乐垂钓, 有效: 1, IPv4: 16, IPv6: 0, 最小延迟: 870 ms, 最高速率: 7.30 M/s, 平均速率: 7.30 M/s, 最高分辨率: 1920x1080, 平均帧率: 25.00, 视频编解码器: h264, 音频编解码器: aac
分类: 广东频道🌏, 名称: 广东珠江, 有效: 9, IPv4: 15, IPv6: 0, 最小延迟: 8 ms, 最高速率: 5.15 M/s, 平均速率: 3.58 M/s, 最高分辨率: 1920x1080, 平均帧率: 25.00, 视频编解码器: h264, 音频编解码器: aac
分类: 广东频道🌏, 名称: 广东体育, 有效: 2, IPv4: 28, IPv6: 0, 最小延迟: 11 ms, 最高速率: 3.76 M/s, 平均速率: 2.12 M/s, 最高分辨率: 1920x1080, 平均帧率: 31.25, 视频编解码器: h264, 音频编解码器: aac
分类: 广东频道🌏, 名称: 广东新闻, 有效: 8, IPv4: 16, IPv6: 0, 最小延迟: 566 ms, 最高速率: 5.08 M/s, 平均速率: 3.82 M/s, 最高分辨率: 1920x1080, 平均帧率: 31.25, 视频编解码器: h264, 音频编解码器: mp2
分类: 广东频道🌏, 名称: 广东民生, 有效: 3, IPv4: 16, IPv6: 0, 最小延迟: 528 ms, 最高速率: 3.03 M/s, 平均速率: 2.50 M/s, 最高分辨率: 1280x720, 平均帧率: 未知, 视频编解码器: 未知, 音频编解码器: 未知
分类: 广东频道🌏, 名称: 广州新闻, 有效: 5, IPv4: 8, IPv6: 0, 最小延迟: 508 ms, 最高速率: 1.00 M/s, 平均速率: 0.53 M/s, 最高分辨率: 1920x1080, 平均帧率: 未知, 视频编解码器: 未知, 音频编解码器: 未知
分类: 广东频道🌏, 名称: 广州南国都市, 有效: 4, IPv4: 5, IPv6: 0, 最小延迟: 2049 ms, 最高速率: 0.67 M/s, 平均速率: 0.59 M/s, 最高分辨率: 1920x1080, 平均帧率: 50.00, 视频编解码器: h264, 音频编解码器: aac
分类: 广东频道🌏, 名称: 广州综合, 有效: 11, IPv4: 13, IPv6: 0, 最小延迟: 1438 ms, 最高速率: 0.51 M/s, 平均速率: 0.42 M/s, 最高分辨率: 1280x720, 平均帧率: 未知, 视频编解码器: 未知, 音频编解码器: 未知
分类: 广东频道🌏, 名称: 广州竞赛, 有效: 0, IPv4: 14, IPv6: 0, 最小延迟: 6309 ms, 最高速率: 0.03 M/s, 平均速率: 0.00 M/s, 最高分辨率: 1280x720, 平均帧率: 25.00, 视频编解码器: h264, 音频编解码器: aac
分类: 广东频道🌏, 名称: 广州影视, 有效: 0, IPv4: 13, IPv6: 0, 最小延迟: 10966 ms, 最高速率: 0.06 M/s, 平均速率: 0.00 M/s, 最高分辨率: 1920x1080, 平均帧率: 25.00, 视频编解码器: h264, 音频编解码器: mp2
分类: 广东频道🌏, 名称: 深圳都市, 有效: 0, IPv4: 12, IPv6: 0, 最小延迟: 10591 ms, 最高速率: 0.08 M/s, 平均速率: 0.00 M/s, 最高分辨率: 1280x720, 平均帧率: 25.00, 视频编解码器: h264, 音频编解码器: aac
分类: 广东频道🌏, 名称: 深圳财经生活, 有效: 0, IPv4: 2, IPv6: 0, 最小延迟: 2650 ms, 最高速率: 0.07 M/s, 平均速率: 0.00 M/s, 最高分辨率: 1280x720, 平均帧率: 25.00, 视频编解码器: h264, 音频编解码器: aac
分类: 广东频道🌏, 名称: 深圳电视剧, 有效: 0, IPv4: 4, IPv6: 0, 最小延迟: 2451 ms, 最高速率: 0.05 M/s, 平均速率: 0.00 M/s, 最高分辨率: 1280x720, 平均帧率: 25.00, 视频编解码器: h264, 音频编解码器: aac
分类: 广东频道🌏, 名称: 深圳体育健康, 有效: 0, IPv4: 1, IPv6: 0, 最小延迟: -1 ms, 最高速率: 0.00 M/s, 平均速率: 0.00 M/s, 最高分辨率: None, 平均帧率: 未知, 视频编解码器: 未知, 音频编解码器: 未知
分类: 广东频道🌏, 名称: 汕头综合, 有效: 1, IPv4: 4, IPv6: 0, 最小延迟: 509 ms, 最高速率: 1.00 M/s, 平均速率: 1.00 M/s, 最高分辨率: 1920x1080, 平均帧率: 25.00, 视频编解码器: h264, 音频编解码器: mp2
分类: 广东频道🌏, 名称: 深圳少儿, 有效: 0, IPv4: 12, IPv6: 0, 最小延迟: 10862 ms, 最高速率: 0.04 M/s, 平均速率: 0.00 M/s, 最高分辨率: 1280x720, 平均帧率: 25.00, 视频编解码器: h264, 音频编解码器: aac
分类: 广东频道🌏, 名称: 汕头经济, 有效: 1, IPv4: 4, IPv6: 0, 最小延迟: 492 ms, 最高速率: 1.00 M/s, 平均速率: 1.00 M/s, 最高分辨率: 1920x1080, 平均帧率: 25.00, 视频编解码器: h264, 音频编解码器: mp2
分类: 广东频道🌏, 名称: 岭南戏曲, 有效: 1, IPv4: 3, IPv6: 0, 最小延迟: 576 ms, 最高速率: 1.24 M/s, 平均速率: 0.83 M/s, 最高分辨率: 1920x1080, 平均帧率: 25.00, 视频编解码器: h264, 音频编解码器: aac
