分类: 央视频道🇨🇳, 名称: CCTV1, 有效: 26, IPv4: 217, IPv6: 0, 最小延迟: 49 ms, 最高速率: 107.57 M/s, 平均速率: 14.07 M/s, 最高分辨率: 1920x1080, 平均帧率: 40.28, 视频编解码器: h264, 音频编解码器: mp2
分类: 央视频道🇨🇳, 名称: CCTV2, 有效: 25, IPv4: 171, IPv6: 0, 最小延迟: 94 ms, 最高速率: 59.21 M/s, 平均速率: 7.33 M/s, 最高分辨率: 1920x1080, 平均帧率: 36.07, 视频编解码器: h264, 音频编解码器: mp2
分类: 央视频道🇨🇳, 名称: CCTV3, 有效: 21, IPv4: 174, IPv6: 0, 最小延迟: 12 ms, 最高速率: 69.63 M/s, 平均速率: 10.89 M/s, 最高分辨率: 1920x1080, 平均帧率: 30.25, 视频编解码器: h264, 音频编解码器: mp2
分类: 央视频道🇨🇳, 名称: CCTV4, 有效: 26, IPv4: 285, IPv6: 0, 最小延迟: 12 ms, 最高速率: 71.63 M/s, 平均速率: 6.61 M/s, 最高分辨率: 1920x1080, 平均帧率: 34.00, 视频编解码器: h264, 音频编解码器: aac
分类: 央视频道🇨🇳, 名称: CCTV5, 有效: 22, IPv4: 195, IPv6: 0, 最小延迟: 50 ms, 最高速率: 108.38 M/s, 平均速率: 14.25 M/s, 最高分辨率: 1920x1080, 平均帧率: 33.75, 视频编解码器: h264, 音频编解码器: aac
分类: 央视频道🇨🇳, 名称: CCTV5+, 有效: 9, IPv4: 156, IPv6: 0, 最小延迟: 60 ms, 最高速率: 89.57 M/s, 平均速率: 21.73 M/s, 最高分辨率: 1920x1080, 平均帧率: 36.11, 视频编解码器: h264, 音频编解码器: mp2
分类: 央视频道🇨🇳, 名称: CCTV6, 有效: 23, IPv4: 172, IPv6: 0, 最小延迟: 46 ms, 最高速率: 111.58 M/s, 平均速率: 11.35 M/s, 最高分辨率: 1920x1080, 平均帧率: 27.63, 视频编解码器: h264, 音频编解码器: aac
分类: 央视频道🇨🇳, 名称: CCTV7, 有效: 23, IPv4: 180, IPv6: 0, 最小延迟: 48 ms, 最高速率: 109.65 M/s, 平均速率: 8.87 M/s, 最高分辨率: 1920x1080, 平均帧率: 41.30, 视频编解码器: h264, 音频编解码器: mp2
分类: 央视频道🇨🇳, 名称: CCTV8, 有效: 24, IPv4: 175, IPv6: 0, 最小延迟: 12 ms, 最高速率: 93.56 M/s, 平均速率: 16.64 M/s, 最高分辨率: 1920x1080, 平均帧率: 32.81, 视频编解码器: h264, 音频编解码器: mp2
分类: 央视频道🇨🇳, 名称: CCTV9, 有效: 21, IPv4: 177, IPv6: 0, 最小延迟: 30 ms, 最高速率: 112.22 M/s, 平均速率: 12.69 M/s, 最高分辨率: 1920x1080, 平均帧率: 34.17, 视频编解码器: h264, 音频编解码器: mp2
分类: 央视频道🇨🇳, 名称: CCTV10, 有效: 25, IPv4: 178, IPv6: 0, 最小延迟: 30 ms, 最高速率: 116.57 M/s, 平均速率: 14.69 M/s, 最高分辨率: 1920x1080, 平均帧率: 35.00, 视频编解码器: h264, 音频编解码器: aac
分类: 央视频道🇨🇳, 名称: CCTV11, 有效: 17, IPv4: 160, IPv6: 0, 最小延迟: 12 ms, 最高速率: 104.00 M/s, 平均速率: 19.91 M/s, 最高分辨率: 1920x1080, 平均帧率: 38.75, 视频编解码器: h264, 音频编解码器: mp2
分类: 央视频道🇨🇳, 名称: CCTV12, 有效: 20, IPv4: 168, IPv6: 0, 最小延迟: 25 ms, 最高速率: 101.20 M/s, 平均速率: 15.53 M/s, 最高分辨率: 1920x1080, 平均帧率: 37.50, 视频编解码器: h264, 音频编解码器: mp2
分类: 央视频道🇨🇳, 名称: CCTV13, 有效: 20, IPv4: 173, IPv6: 0, 最小延迟: 46 ms, 最高速率: 109.98 M/s, 平均速率: 23.88 M/s, 最高分辨率: 1920x1080, 平均帧率: 39.09, 视频编解码器: h264, 音频编解码器: aac
分类: 央视频道🇨🇳, 名称: CCTV14, 有效: 23, IPv4: 173, IPv6: 0, 最小延迟: 18 ms, 最高速率: 115.85 M/s, 平均速率: 20.93 M/s, 最高分辨率: 1920x1080, 平均帧率: 34.69, 视频编解码器: h264, 音频编解码器: mp2
分类: 央视频道🇨🇳, 名称: CCTV15, 有效: 18, IPv4: 169, IPv6: 0, 最小延迟: 49 ms, 最高速率: 96.18 M/s, 平均速率: 20.11 M/s, 最高分辨率: 1920x1080, 平均帧率: 39.71, 视频编解码器: h264, 音频编解码器: mp2
分类: 央视频道🇨🇳, 名称: CCTV16, 有效: 17, IPv4: 100, IPv6: 0, 最小延迟: 44 ms, 最高速率: 108.96 M/s, 平均速率: 27.78 M/s, 最高分辨率: 1920x1080, 平均帧率: 41.67, 视频编解码器: h264, 音频编解码器: mp2
分类: 央视频道🇨🇳, 名称: CCTV17, 有效: 17, IPv4: 154, IPv6: 0, 最小延迟: 30 ms, 最高速率: 102.60 M/s, 平均速率: 28.95 M/s, 最高分辨率: 1920x1080, 平均帧率: 32.14, 视频编解码器: h264, 音频编解码器: aac
分类: 央视频道🇨🇳, 名称: CCTV兵器科技, 有效: 7, IPv4: 16, IPv6: 0, 最小延迟: 52 ms, 最高速率: 103.53 M/s, 平均速率: 20.65 M/s, 最高分辨率: 1920x1080, 平均帧率: 25.00, 视频编解码器: h264, 音频编解码器: aac
分类: 央视频道🇨🇳, 名称: CCTV第一剧场, 有效: 8, IPv4: 10, IPv6: 0, 最小延迟: 67 ms, 最高速率: 80.32 M/s, 平均速率: 23.24 M/s, 最高分辨率: 1920x1080, 平均帧率: 42.50, 视频编解码器: h264, 音频编解码器: aac
分类: 央视频道🇨🇳, 名称: CCTV发现之旅, 有效: 0, IPv4: 1, IPv6: 0, 最小延迟: -1 ms, 最高速率: 0.00 M/s, 平均速率: 0.00 M/s, 最高分辨率: None, 平均帧率: 未知, 视频编解码器: 未知, 音频编解码器: 未知
分类: 央视频道🇨🇳, 名称: CCTV4K, 有效: 0, IPv4: 9, IPv6: 0, 最小延迟: 2416 ms, 最高速率: 0.04 M/s, 平均速率: 0.00 M/s, 最高分辨率: None, 平均帧率: 未知, 视频编解码器: 未知, 音频编解码器: 未知
分类: 央视频道🇨🇳, 名称: CCTV风云剧场, 有效: 6, IPv4: 9, IPv6: 0, 最小延迟: 54 ms, 最高速率: 95.22 M/s, 平均速率: 24.11 M/s, 最高分辨率: 1920x1080, 平均帧率: 30.00, 视频编解码器: h264, 音频编解码器: aac
分类: 央视频道🇨🇳, 名称: CCTV风云音乐, 有效: 7, IPv4: 24, IPv6: 0, 最小延迟: 44 ms, 最高速率: 90.07 M/s, 平均速率: 27.00 M/s, 最高分辨率: 1920x1080, 平均帧率: 35.00, 视频编解码器: h264, 音频编解码器: aac
分类: 央视频道🇨🇳, 名称: CCTV风云足球, 有效: 7, IPv4: 18, IPv6: 0, 最小延迟: 235 ms, 最高速率: 6.48 M/s, 平均速率: 5.58 M/s, 最高分辨率: 1920x1080, 平均帧率: 41.67, 视频编解码器: h264, 音频编解码器: mp2
分类: 央视频道🇨🇳, 名称: CCTV央视台球, 有效: 7, IPv4: 8, IPv6: 0, 最小延迟: 228 ms, 最高速率: 7.50 M/s, 平均速率: 3.82 M/s, 最高分辨率: 1920x1080, 平均帧率: 25.00, 视频编解码器: h264, 音频编解码器: aac
分类: 央视频道🇨🇳, 名称: CCTV怀旧剧场, 有效: 5, IPv4: 8, IPv6: 0, 最小延迟: 48 ms, 最高速率: 92.42 M/s, 平均速率: 21.70 M/s, 最高分辨率: 1920x1080, 平均帧率: 未知, 视频编解码器: 未知, 音频编解码器: 未知
分类: 央视频道🇨🇳, 名称: CCTV老故事, 有效: 1, IPv4: 2, IPv6: 0, 最小延迟: 2301 ms, 最高速率: 0.45 M/s, 平均速率: 0.45 M/s, 最高分辨率: 1280x720, 平均帧率: 未知, 视频编解码器: 未知, 音频编解码器: 未知
分类: 央视频道🇨🇳, 名称: CCTV高尔夫网球, 有效: 6, IPv4: 11, IPv6: 0, 最小延迟: 31 ms, 最高速率: 11.35 M/s, 平均速率: 2.90 M/s, 最高分辨率: 1920x1080, 平均帧率: 未知, 视频编解码器: 未知, 音频编解码器: 未知
分类: 央视频道🇨🇳, 名称: CCTV女性时尚, 有效: 5, IPv4: 15, IPv6: 0, 最小延迟: 461 ms, 最高速率: 8.75 M/s, 平均速率: 5.42 M/s, 最高分辨率: 1920x1080, 平均帧率: 50.00, 视频编解码器: h264, 音频编解码器: mp2
分类: 央视频道🇨🇳, 名称: CCTV文化精品, 有效: 4, IPv4: 13, IPv6: 0, 最小延迟: 69 ms, 最高速率: 82.46 M/s, 平均速率: 33.87 M/s, 最高分辨率: 1920x1080, 平均帧率: 未知, 视频编解码器: 未知, 音频编解码器: 未知
分类: 央视频道🇨🇳, 名称: CCTV世界地理, 有效: 0, IPv4: 16, IPv6: 0, 最小延迟: 1654 ms, 最高速率: 0.25 M/s, 平均速率: 0.00 M/s, 最高分辨率: 1920x1080, 平均帧率: 37.50, 视频编解码器: h264, 音频编解码器: mp2
分类: 央视频道🇨🇳, 名称: CCTV中学生, 有效: 0, IPv4: 1, IPv6: 0, 最小延迟: -1 ms, 最高速率: 0.00 M/s, 平均速率: 0.00 M/s, 最高分辨率: None, 平均帧率: 未知, 视频编解码器: 未知, 音频编解码器: 未知
分类: 央视频道🇨🇳, 名称: CCTV卫生健康, 有效: 2, IPv4: 3, IPv6: 0, 最小延迟: 1498 ms, 最高速率: 0.74 M/s, 平均速率: 0.56 M/s, 最高分辨率: 1920x1080, 平均帧率: 未知, 视频编解码器: 未知, 音频编解码器: 未知
分类: 央视频道🇨🇳, 名称: CCTV电视指南, 有效: 4, IPv4: 12, IPv6: 0, 最小延迟: 377 ms, 最高速率: 10.50 M/s, 平均速率: 3.10 M/s, 最高分辨率: 1920x1080, 平均帧率: 25.00, 视频编解码器: h264, 音频编解码器: aac
分类: 央视频道🇨🇳, 名称: CGTN西班牙语, 有效: 0, IPv4: 3, IPv6: 0, 最小延迟: -1 ms, 最高速率: 0.00 M/s, 平均速率: 0.00 M/s, 最高分辨率: None, 平均帧率: 未知, 视频编解码器: 未知, 音频编解码器: 未知
分类: 央视频道🇨🇳, 名称: CGTN阿拉伯语, 有效: 0, IPv4: 1, IPv6: 0, 最小延迟: -1 ms, 最高速率: 0.00 M/s, 平均速率: 0.00 M/s, 最高分辨率: None, 平均帧率: 未知, 视频编解码器: 未知, 音频编解码器: 未知
分类: 央视频道🇨🇳, 名称: CGTN法语, 有效: 1, IPv4: 3, IPv6: 0, 最小延迟: 261 ms, 最高速率: 1.68 M/s, 平均速率: 1.68 M/s, 最高分辨率: 1920x1080, 平均帧率: 25.00, 视频编解码器: h264, 音频编解码器: mp2
分类: 央视频道🇨🇳, 名称: CGTN, 有效: 2, IPv4: 22, IPv6: 0, 最小延迟: 754 ms, 最高速率: 5.33 M/s, 平均速率: 3.44 M/s, 最高分辨率: 1920x1080, 平均帧率: 29.97, 视频编解码器: h264, 音频编解码器: aac
分类: 央视频道🇨🇳, 名称: CGTN纪录, 有效: 2, IPv4: 9, IPv6: 0, 最小延迟: 264 ms, 最高速率: 4.69 M/s, 平均速率: 4.15 M/s, 最高分辨率: 1920x1080, 平均帧率: 29.99, 视频编解码器: h264, 音频编解码器: aac
分类: 央视频道🇨🇳, 名称: CETV1, 有效: 6, IPv4: 103, IPv6: 0, 最小延迟: 12 ms, 最高速率: 15.00 M/s, 平均速率: 8.74 M/s, 最高分辨率: 1920x1080, 平均帧率: 36.00, 视频编解码器: h264, 音频编解码器: aac
分类: 央视频道🇨🇳, 名称: CETV2, 有效: 2, IPv4: 68, IPv6: 0, 最小延迟: 12 ms, 最高速率: 11.27 M/s, 平均速率: 9.62 M/s, 最高分辨率: 1280x720, 平均帧率: 26.67, 视频编解码器: rawvideo, 音频编解码器: mp2
分类: 央视频道🇨🇳, 名称: CETV4, 有效: 2, IPv4: 84, IPv6: 0, 最小延迟: 13 ms, 最高速率: 10.59 M/s, 平均速率: 6.74 M/s, 最高分辨率: 1920x1080, 平均帧率: 25.00, 视频编解码器: h264, 音频编解码器: aac
分类: 卫视频道🛸, 名称: 广东卫视, 有效: 29, IPv4: 100, IPv6: 0, 最小延迟: 39 ms, 最高速率: 125.66 M/s, 平均速率: 24.60 M/s, 最高分辨率: 3840x2160, 平均帧率: 35.59, 视频编解码器: h264, 音频编解码器: aac
分类: 卫视频道🛸, 名称: 浙江卫视, 有效: 23, IPv4: 83, IPv6: 0, 最小延迟: 12 ms, 最高速率: 114.69 M/s, 平均速率: 32.47 M/s, 最高分辨率: 3840x2160, 平均帧率: 33.75, 视频编解码器: h264, 音频编解码器: aac
分类: 卫视频道🛸, 名称: 湖南卫视, 有效: 28, IPv4: 86, IPv6: 0, 最小延迟: 41 ms, 最高速率: 113.54 M/s, 平均速率: 25.34 M/s, 最高分辨率: 3840x2160, 平均帧率: 38.24, 视频编解码器: h264, 音频编解码器: aac
分类: 卫视频道🛸, 名称: 北京卫视, 有效: 23, IPv4: 85, IPv6: 0, 最小延迟: 44 ms, 最高速率: 114.31 M/s, 平均速率: 32.04 M/s, 最高分辨率: 1920x1080, 平均帧率: 38.46, 视频编解码器: h264, 音频编解码器: mp2
分类: 卫视频道🛸, 名称: 湖北卫视, 有效: 21, IPv4: 75, IPv6: 0, 最小延迟: 50 ms, 最高速率: 106.08 M/s, 平均速率: 31.64 M/s, 最高分辨率: 1920x1080, 平均帧率: 37.78, 视频编解码器: h264, 音频编解码器: mp2
分类: 卫视频道🛸, 名称: 黑龙江卫视, 有效: 21, IPv4: 66, IPv6: 0, 最小延迟: 51 ms, 最高速率: 100.17 M/s, 平均速率: 25.56 M/s, 最高分辨率: 1920x1080, 平均帧率: 33.57, 视频编解码器: h264, 音频编解码器: mp2
分类: 卫视频道🛸, 名称: 安徽卫视, 有效: 21, IPv4: 80, IPv6: 0, 最小延迟: 56 ms, 最高速率: 94.39 M/s, 平均速率: 29.54 M/s, 最高分辨率: 1920x1080, 平均帧率: 37.50, 视频编解码器: h264, 音频编解码器: mp2
分类: 卫视频道🛸, 名称: 重庆卫视, 有效: 20, IPv4: 76, IPv6: 0, 最小延迟: 15 ms, 最高速率: 113.09 M/s, 平均速率: 29.38 M/s, 最高分辨率: 1920x1080, 平均帧率: 39.69, 视频编解码器: h264, 音频编解码器: mp2
分类: 卫视频道🛸, 名称: 东方卫视, 有效: 21, IPv4: 85, IPv6: 0, 最小延迟: 40 ms, 最高速率: 127.00 M/s, 平均速率: 29.35 M/s, 最高分辨率: 1920x1080, 平均帧率: 33.65, 视频编解码器: h264, 音频编解码器: aac
分类: 卫视频道🛸, 名称: 东南卫视, 有效: 17, IPv4: 71, IPv6: 0, 最小延迟: 16 ms, 最高速率: 120.95 M/s, 平均速率: 50.47 M/s, 最高分辨率: 1920x1080, 平均帧率: 31.25, 视频编解码器: h264, 音频编解码器: mp2
分类: 卫视频道🛸, 名称: 甘肃卫视, 有效: 15, IPv4: 45, IPv6: 0, 最小延迟: 44 ms, 最高速率: 115.10 M/s, 平均速率: 39.46 M/s, 最高分辨率: 1920x1080, 平均帧率: 45.00, 视频编解码器: h264, 音频编解码器: mp2
分类: 卫视频道🛸, 名称: 广西卫视, 有效: 20, IPv4: 64, IPv6: 0, 最小延迟: 46 ms, 最高速率: 111.27 M/s, 平均速率: 43.75 M/s, 最高分辨率: 1920x1080, 平均帧率: 40.00, 视频编解码器: h264, 音频编解码器: mp2
分类: 卫视频道🛸, 名称: 贵州卫视, 有效: 21, IPv4: 74, IPv6: 0, 最小延迟: 51 ms, 最高速率: 101.68 M/s, 平均速率: 39.24 M/s, 最高分辨率: 1920x1080, 平均帧率: 36.76, 视频编解码器: h264, 音频编解码器: mp2
分类: 卫视频道🛸, 名称: 海南卫视, 有效: 12, IPv4: 60, IPv6: 0, 最小延迟: 47 ms, 最高速率: 105.14 M/s, 平均速率: 56.69 M/s, 最高分辨率: 1920x1080, 平均帧率: 35.00, 视频编解码器: h264, 音频编解码器: aac
分类: 卫视频道🛸, 名称: 河北卫视, 有效: 18, IPv4: 74, IPv6: 0, 最小延迟: 31 ms, 最高速率: 96.15 M/s, 平均速率: 33.56 M/s, 最高分辨率: 1920x1080, 平均帧率: 32.29, 视频编解码器: h264, 音频编解码器: mp2
分类: 卫视频道🛸, 名称: 河南卫视, 有效: 18, IPv4: 83, IPv6: 0, 最小延迟: 44 ms, 最高速率: 103.04 M/s, 平均速率: 40.75 M/s, 最高分辨率: 1920x1080, 平均帧率: 38.75, 视频编解码器: h264, 音频编解码器: mp2
分类: 卫视频道🛸, 名称: 吉林卫视, 有效: 13, IPv4: 69, IPv6: 0, 最小延迟: 19 ms, 最高速率: 98.83 M/s, 平均速率: 35.32 M/s, 最高分辨率: 1920x1080, 平均帧率: 41.30, 视频编解码器: h264, 音频编解码器: mp2
分类: 卫视频道🛸, 名称: 江苏卫视, 有效: 27, IPv4: 90, IPv6: 0, 最小延迟: 42 ms, 最高速率: 120.52 M/s, 平均速率: 28.77 M/s, 最高分辨率: 1920x1080, 平均帧率: 33.89, 视频编解码器: h264, 音频编解码器: mp2
分类: 卫视频道🛸, 名称: 江西卫视, 有效: 22, IPv4: 77, IPv6: 0, 最小延迟: 44 ms, 最高速率: 108.57 M/s, 平均速率: 33.51 M/s, 最高分辨率: 1920x1080, 平均帧率: 33.82, 视频编解码器: h264, 音频编解码器: mp2
分类: 卫视频道🛸, 名称: 辽宁卫视, 有效: 18, IPv4: 76, IPv6: 0, 最小延迟: 45 ms, 最高速率: 101.20 M/s, 平均速率: 26.54 M/s, 最高分辨率: 1920x1080, 平均帧率: 37.50, 视频编解码器: h264, 音频编解码器: mp2
分类: 卫视频道🛸, 名称: 内蒙古卫视, 有效: 11, IPv4: 51, IPv6: 0, 最小延迟: 40 ms, 最高速率: 114.54 M/s, 平均速率: 50.51 M/s, 最高分辨率: 1920x1080, 平均帧率: 27.50, 视频编解码器: h264, 音频编解码器: mp2
分类: 卫视频道🛸, 名称: 宁夏卫视, 有效: 12, IPv4: 55, IPv6: 0, 最小延迟: 40 ms, 最高速率: 106.87 M/s, 平均速率: 46.51 M/s, 最高分辨率: 1920x1080, 平均帧率: 31.82, 视频编解码器: h264, 音频编解码器: mp2
分类: 卫视频道🛸, 名称: 青海卫视, 有效: 15, IPv4: 58, IPv6: 0, 最小延迟: 41 ms, 最高速率: 84.51 M/s, 平均速率: 35.37 M/s, 最高分辨率: 1920x1080, 平均帧率: 34.09, 视频编解码器: h264, 音频编解码器: mp2
分类: 卫视频道🛸, 名称: 山东卫视, 有效: 27, IPv4: 88, IPv6: 0, 最小延迟: 40 ms, 最高速率: 125.72 M/s, 平均速率: 32.90 M/s, 最高分辨率: 3840x2160, 平均帧率: 30.00, 视频编解码器: h264, 音频编解码器: mp2
分类: 卫视频道🛸, 名称: 山西卫视, 有效: 5, IPv4: 45, IPv6: 0, 最小延迟: 71 ms, 最高速率: 78.53 M/s, 平均速率: 33.25 M/s, 最高分辨率: 1920x1080, 平均帧率: 35.71, 视频编解码器: h264, 音频编解码器: mp2
分类: 卫视频道🛸, 名称: 陕西卫视, 有效: 8, IPv4: 51, IPv6: 0, 最小延迟: 38 ms, 最高速率: 131.00 M/s, 平均速率: 28.96 M/s, 最高分辨率: 1920x1080, 平均帧率: 39.00, 视频编解码器: h264, 音频编解码器: mp2
分类: 卫视频道🛸, 名称: 四川卫视, 有效: 20, IPv4: 81, IPv6: 0, 最小延迟: 43 ms, 最高速率: 128.54 M/s, 平均速率: 44.93 M/s, 最高分辨率: 1920x1080, 平均帧率: 31.25, 视频编解码器: h264, 音频编解码器: mp2
分类: 卫视频道🛸, 名称: 深圳卫视, 有效: 22, IPv4: 86, IPv6: 0, 最小延迟: 42 ms, 最高速率: 119.98 M/s, 平均速率: 35.21 M/s, 最高分辨率: 1920x1080, 平均帧率: 41.67, 视频编解码器: h264, 音频编解码器: mp2
分类: 卫视频道🛸, 名称: 新疆卫视, 有效: 17, IPv4: 58, IPv6: 0, 最小延迟: 40 ms, 最高速率: 120.45 M/s, 平均速率: 27.54 M/s, 最高分辨率: 1920x1080, 平均帧率: 34.29, 视频编解码器: h264, 音频编解码器: aac
分类: 卫视频道🛸, 名称: 云南卫视, 有效: 15, IPv4: 72, IPv6: 0, 最小延迟: 43 ms, 最高速率: 113.70 M/s, 平均速率: 39.47 M/s, 最高分辨率: 1920x1080, 平均帧率: 40.79, 视频编解码器: h264, 音频编解码器: mp2
分类: 卫视频道🛸, 名称: 三沙卫视, 有效: 9, IPv4: 36, IPv6: 0, 最小延迟: 40 ms, 最高速率: 125.52 M/s, 平均速率: 66.14 M/s, 最高分辨率: 1920x1080, 平均帧率: 30.00, 视频编解码器: h264, 音频编解码器: mp2
分类: 卫视频道🛸, 名称: 天津卫视, 有效: 17, IPv4: 72, IPv6: 0, 最小延迟: 49 ms, 最高速率: 102.96 M/s, 平均速率: 30.57 M/s, 最高分辨率: 1920x1080, 平均帧率: 39.47, 视频编解码器: h264, 音频编解码器: mp2
分类: 卫视频道🛸, 名称: 大湾区卫视, 有效: 10, IPv4: 38, IPv6: 0, 最小延迟: 406 ms, 最高速率: 12.79 M/s, 平均速率: 7.87 M/s, 最高分辨率: 1920x1080, 平均帧率: 37.50, 视频编解码器: h264, 音频编解码器: mp2
分类: 卫视频道🛸, 名称: 安多卫视, 有效: 0, IPv4: 14, IPv6: 0, 最小延迟: -1 ms, 最高速率: 0.00 M/s, 平均速率: 0.00 M/s, 最高分辨率: None, 平均帧率: 未知, 视频编解码器: 未知, 音频编解码器: 未知
分类: 卫视频道🛸, 名称: 康巴卫视, 有效: 0, IPv4: 12, IPv6: 0, 最小延迟: -1 ms, 最高速率: 0.00 M/s, 平均速率: 0.00 M/s, 最高分辨率: None, 平均帧率: 未知, 视频编解码器: 未知, 音频编解码器: 未知
分类: 卫视频道🛸, 名称: 西藏卫视, 有效: 10, IPv4: 47, IPv6: 0, 最小延迟: 48 ms, 最高速率: 122.55 M/s, 平均速率: 44.23 M/s, 最高分辨率: 1920x1080, 平均帧率: 34.55, 视频编解码器: h264, 音频编解码器: mp2
分类: 卫视频道🛸, 名称: 海峡卫视, 有效: 3, IPv4: 14, IPv6: 0, 最小延迟: 16 ms, 最高速率: 53.33 M/s, 平均速率: 18.62 M/s, 最高分辨率: 1920x1080, 平均帧率: 30.00, 视频编解码器: hevc, 音频编解码器: aac
分类: 卫视频道🛸, 名称: 兵团卫视, 有效: 2, IPv4: 26, IPv6: 0, 最小延迟: 632 ms, 最高速率: 5.77 M/s, 平均速率: 3.39 M/s, 最高分辨率: 1920x1080, 平均帧率: 33.33, 视频编解码器: h264, 音频编解码器: aac
分类: 卫视频道🛸, 名称: 延边卫视, 有效: 1, IPv4: 13, IPv6: 0, 最小延迟: 698 ms, 最高速率: 4.52 M/s, 平均速率: 4.52 M/s, 最高分辨率: 1920x1080, 平均帧率: 50.00, 视频编解码器: h264, 音频编解码器: mp2
分类: 卫视频道🛸, 名称: 农林卫视, 有效: 1, IPv4: 5, IPv6: 0, 最小延迟: 300 ms, 最高速率: 10.14 M/s, 平均速率: 10.14 M/s, 最高分辨率: 1920x1080, 平均帧率: 未知, 视频编解码器: 未知, 音频编解码器: 未知
分类: 数字付费🎞️, 名称: 卡酷少儿, 有效: 14, IPv4: 36, IPv6: 0, 最小延迟: 51 ms, 最高速率: 101.17 M/s, 平均速率: 39.74 M/s, 最高分辨率: 1920x1080, 平均帧率: 33.33, 视频编解码器: h264, 音频编解码器: mp2
分类: 数字付费🎞️, 名称: 哈哈炫动, 有效: 9, IPv4: 31, IPv6: 0, 最小延迟: 47 ms, 最高速率: 103.19 M/s, 平均速率: 57.32 M/s, 最高分辨率: 1920x1080, 平均帧率: 未知, 视频编解码器: 未知, 音频编解码器: 未知
分类: 数字付费🎞️, 名称: 嘉佳卡通, 有效: 1, IPv4: 8, IPv6: 0, 最小延迟: 440 ms, 最高速率: 11.75 M/s, 平均速率: 11.75 M/s, 最高分辨率: 1280x720, 平均帧率: 33.33, 视频编解码器: h264, 音频编解码器: aac
分类: 数字付费🎞️, 名称: 金鹰卡通, 有效: 6, IPv4: 38, IPv6: 0, 最小延迟: 41 ms, 最高速率: 113.43 M/s, 平均速率: 73.50 M/s, 最高分辨率: 1920x1080, 平均帧率: 50.00, 视频编解码器: h264, 音频编解码器: mp2
分类: 数字付费🎞️, 名称: 重温经典, 有效: 1, IPv4: 3, IPv6: 0, 最小延迟: 193 ms, 最高速率: 4.63 M/s, 平均速率: 4.63 M/s, 最高分辨率: 1280x720, 平均帧率: 未知, 视频编解码器: 未知, 音频编解码器: 未知
分类: 数字付费🎞️, 名称: 求索动物, 有效: 1, IPv4: 3, IPv6: 0, 最小延迟: 308 ms, 最高速率: 8.94 M/s, 平均速率: 8.94 M/s, 最高分辨率: 1280x720, 平均帧率: 未知, 视频编解码器: 未知, 音频编解码器: 未知
分类: 数字付费🎞️, 名称: 求索科学, 有效: 0, IPv4: 2, IPv6: 0, 最小延迟: -1 ms, 最高速率: 0.00 M/s, 平均速率: 0.00 M/s, 最高分辨率: None, 平均帧率: 未知, 视频编解码器: 未知, 音频编解码器: 未知
分类: 数字付费🎞️, 名称: 求索生活, 有效: 1, IPv4: 3, IPv6: 0, 最小延迟: 417 ms, 最高速率: 3.82 M/s, 平均速率: 3.82 M/s, 最高分辨率: 1280x720, 平均帧率: 未知, 视频编解码器: 未知, 音频编解码器: 未知
分类: 数字付费🎞️, 名称: 梨园频道, 有效: 1, IPv4: 11, IPv6: 0, 最小延迟: 2074 ms, 最高速率: 0.51 M/s, 平均速率: 0.51 M/s, 最高分辨率: 1920x1080, 平均帧率: 25.00, 视频编解码器: h264, 音频编解码器: aac
分类: 数字付费🎞️, 名称: 五星体育, 有效: 2, IPv4: 12, IPv6: 0, 最小延迟: 413 ms, 最高速率: 10.02 M/s, 平均速率: 9.60 M/s, 最高分辨率: 1920x1080, 平均帧率: 未知, 视频编解码器: 未知, 音频编解码器: 未知
分类: 数字付费🎞️, 名称: 求索纪录, 有效: 1, IPv4: 3, IPv6: 0, 最小延迟: 285 ms, 最高速率: 6.81 M/s, 平均速率: 6.81 M/s, 最高分辨率: 1920x1080, 平均帧率: 25.00, 视频编解码器: h264, 音频编解码器: aac
分类: 数字付费🎞️, 名称: 魅力足球, 有效: 0, IPv4: 2, IPv6: 0, 最小延迟: 1372 ms, 最高速率: 0.08 M/s, 平均速率: 0.00 M/s, 最高分辨率: 1920x1080, 平均帧率: 25.00, 视频编解码器: h264, 音频编解码器: mp2
分类: 数字付费🎞️, 名称: 乐游, 有效: 0, IPv4: 10, IPv6: 0, 最小延迟: -1 ms, 最高速率: 0.00 M/s, 平均速率: 0.00 M/s, 最高分辨率: None, 平均帧率: 未知, 视频编解码器: 未知, 音频编解码器: 未知
分类: 数字付费🎞️, 名称: 游戏风云, 有效: 1, IPv4: 10, IPv6: 0, 最小延迟: 398 ms, 最高速率: 11.00 M/s, 平均速率: 11.00 M/s, 最高分辨率: 1920x1080, 平均帧率: 30.00, 视频编解码器: h264, 音频编解码器: aac
分类: 数字付费🎞️, 名称: 劲爆体育, 有效: 0, IPv4: 5, IPv6: 0, 最小延迟: 10066 ms, 最高速率: 0.11 M/s, 平均速率: 0.00 M/s, 最高分辨率: None, 平均帧率: 未知, 视频编解码器: 未知, 音频编解码器: 未知
分类: 数字付费🎞️, 名称: 动漫秀场, 有效: 4, IPv4: 25, IPv6: 0, 最小延迟: 44 ms, 最高速率: 109.35 M/s, 平均速率: 91.50 M/s, 最高分辨率: 1920x1080, 平均帧率: 未知, 视频编解码器: 未知, 音频编解码器: 未知
分类: 数字付费🎞️, 名称: 法治天地, 有效: 1, IPv4: 6, IPv6: 0, 最小延迟: 544 ms, 最高速率: 6.75 M/s, 平均速率: 6.75 M/s, 最高分辨率: 1920x1080, 平均帧率: 未知, 视频编解码器: 未知, 音频编解码器: 未知
分类: 数字付费🎞️, 名称: 欢笑剧场, 有效: 3, IPv4: 8, IPv6: 0, 最小延迟: 614 ms, 最高速率: 8.96 M/s, 平均速率: 8.10 M/s, 最高分辨率: 1920x1080, 平均帧率: 未知, 视频编解码器: 未知, 音频编解码器: 未知
分类: 数字付费🎞️, 名称: 都市剧场, 有效: 3, IPv4: 11, IPv6: 0, 最小延迟: 87 ms, 最高速率: 14.15 M/s, 平均速率: 7.63 M/s, 最高分辨率: 1920x1080, 平均帧率: 50.00, 视频编解码器: h264, 音频编解码器: aac
分类: 数字付费🎞️, 名称: 金色学堂, 有效: 0, IPv4: 5, IPv6: 0, 最小延迟: -1 ms, 最高速率: 0.00 M/s, 平均速率: 0.00 M/s, 最高分辨率: None, 平均帧率: 未知, 视频编解码器: 未知, 音频编解码器: 未知
分类: 数字付费🎞️, 名称: 睛彩竞技, 有效: 1, IPv4: 3, IPv6: 0, 最小延迟: 353 ms, 最高速率: 10.09 M/s, 平均速率: 10.09 M/s, 最高分辨率: 1920x1080, 平均帧率: 未知, 视频编解码器: 未知, 音频编解码器: 未知
分类: 数字付费🎞️, 名称: 睛彩篮球, 有效: 1, IPv4: 5, IPv6: 0, 最小延迟: 455 ms, 最高速率: 12.96 M/s, 平均速率: 12.96 M/s, 最高分辨率: 1920x1080, 平均帧率: 未知, 视频编解码器: 未知, 音频编解码器: 未知
分类: 数字付费🎞️, 名称: 睛彩青少, 有效: 0, IPv4: 2, IPv6: 0, 最小延迟: -1 ms, 最高速率: 0.00 M/s, 平均速率: 0.00 M/s, 最高分辨率: None, 平均帧率: 未知, 视频编解码器: 未知, 音频编解码器: 未知
分类: 数字付费🎞️, 名称: 睛彩广场舞, 有效: 0, IPv4: 8, IPv6: 0, 最小延迟: -1 ms, 最高速率: 0.00 M/s, 平均速率: 0.00 M/s, 最高分辨率: None, 平均帧率: 未知, 视频编解码器: 未知, 音频编解码器: 未知
分类: 数字付费🎞️, 名称: 生活时尚, 有效: 2, IPv4: 9, IPv6: 0, 最小延迟: 465 ms, 最高速率: 11.21 M/s, 平均速率: 10.99 M/s, 最高分辨率: 1920x1080, 平均帧率: 50.00, 视频编解码器: h264, 音频编解码器: ac3
分类: 数字付费🎞️, 名称: 睛彩中原, 有效: 2, IPv4: 2, IPv6: 0, 最小延迟: 2723 ms, 最高速率: 0.70 M/s, 平均速率: 0.67 M/s, 最高分辨率: 1920x1080, 平均帧率: 25.00, 视频编解码器: h264, 音频编解码器: aac
分类: 数字付费🎞️, 名称: CHC动作电影, 有效: 13, IPv4: 33, IPv6: 0, 最小延迟: 59 ms, 最高速率: 86.47 M/s, 平均速率: 15.60 M/s, 最高分辨率: 1920x1080, 平均帧率: 50.00, 视频编解码器: h264, 音频编解码器: mp2
分类: 数字付费🎞️, 名称: CHC影迷电影, 有效: 3, IPv4: 8, IPv6: 0, 最小延迟: 17 ms, 最高速率: 41.47 M/s, 平均速率: 14.33 M/s, 最高分辨率: 1920x1080, 平均帧率: 45.00, 视频编解码器: h264, 音频编解码器: aac
分类: 数字付费🎞️, 名称: 哒啵赛事, 有效: 0, IPv4: 1, IPv6: 0, 最小延迟: -1 ms, 最高速率: 0.00 M/s, 平均速率: 0.00 M/s, 最高分辨率: None, 平均帧率: 未知, 视频编解码器: 未知, 音频编解码器: 未知
分类: 数字付费🎞️, 名称: 黑莓动画, 有效: 2, IPv4: 4, IPv6: 0, 最小延迟: 98 ms, 最高速率: 57.75 M/s, 平均速率: 57.56 M/s, 最高分辨率: 1920x1080, 平均帧率: 未知, 视频编解码器: 未知, 音频编解码器: 未知
分类: 数字付费🎞️, 名称: 哒啵电竞, 有效: 0, IPv4: 2, IPv6: 0, 最小延迟: -1 ms, 最高速率: 0.00 M/s, 平均速率: 0.00 M/s, 最高分辨率: None, 平均帧率: 未知, 视频编解码器: 未知, 音频编解码器: 未知
分类: 数字付费🎞️, 名称: 黑莓电影, 有效: 2, IPv4: 5, IPv6: 0, 最小延迟: 66 ms, 最高速率: 79.40 M/s, 平均速率: 57.81 M/s, 最高分辨率: 1920x1080, 平均帧率: 未知, 视频编解码器: 未知, 音频编解码器: 未知
分类: 数字付费🎞️, 名称: CHC家庭影院, 有效: 13, IPv4: 32, IPv6: 0, 最小延迟: 48 ms, 最高速率: 104.77 M/s, 平均速率: 15.97 M/s, 最高分辨率: 1920x1080, 平均帧率: 25.00, 视频编解码器: h264, 音频编解码器: mp3
分类: 咪咕赛事🌟, 名称: 咪咕赛事01, 有效: 0, IPv4: 2, IPv6: 0, 最小延迟: -1 ms, 最高速率: 0.00 M/s, 平均速率: 0.00 M/s, 最高分辨率: None, 平均帧率: 未知, 视频编解码器: 未知, 音频编解码器: 未知
分类: 咪咕赛事🌟, 名称: 咪咕赛事02, 有效: 0, IPv4: 2, IPv6: 0, 最小延迟: -1 ms, 最高速率: 0.00 M/s, 平均速率: 0.00 M/s, 最高分辨率: None, 平均帧率: 未知, 视频编解码器: 未知, 音频编解码器: 未知
分类: 咪咕赛事🌟, 名称: 咪咕赛事03, 有效: 0, IPv4: 2, IPv6: 0, 最小延迟: -1 ms, 最高速率: 0.00 M/s, 平均速率: 0.00 M/s, 最高分辨率: None, 平均帧率: 未知, 视频编解码器: 未知, 音频编解码器: 未知
分类: 咪咕赛事🌟, 名称: 咪咕赛事04, 有效: 0, IPv4: 2, IPv6: 0, 最小延迟: -1 ms, 最高速率: 0.00 M/s, 平均速率: 0.00 M/s, 最高分辨率: None, 平均帧率: 未知, 视频编解码器: 未知, 音频编解码器: 未知
分类: 咪咕赛事🌟, 名称: 咪咕赛事05, 有效: 0, IPv4: 2, IPv6: 0, 最小延迟: -1 ms, 最高速率: 0.00 M/s, 平均速率: 0.00 M/s, 最高分辨率: None, 平均帧率: 未知, 视频编解码器: 未知, 音频编解码器: 未知
分类: 咪咕赛事🌟, 名称: 咪咕赛事06, 有效: 0, IPv4: 2, IPv6: 0, 最小延迟: -1 ms, 最高速率: 0.00 M/s, 平均速率: 0.00 M/s, 最高分辨率: None, 平均帧率: 未知, 视频编解码器: 未知, 音频编解码器: 未知
分类: 咪咕赛事🌟, 名称: 咪咕赛事07, 有效: 0, IPv4: 2, IPv6: 0, 最小延迟: -1 ms, 最高速率: 0.00 M/s, 平均速率: 0.00 M/s, 最高分辨率: None, 平均帧率: 未知, 视频编解码器: 未知, 音频编解码器: 未知
分类: 咪咕赛事🌟, 名称: 咪咕赛事08, 有效: 0, IPv4: 2, IPv6: 0, 最小延迟: -1 ms, 最高速率: 0.00 M/s, 平均速率: 0.00 M/s, 最高分辨率: None, 平均帧率: 未知, 视频编解码器: 未知, 音频编解码器: 未知
分类: 数字付费🎞️, 名称: NewTV动作电影, 有效: 0, IPv4: 1, IPv6: 0, 最小延迟: 1346 ms, 最高速率: 0.07 M/s, 平均速率: 0.00 M/s, 最高分辨率: 1920x1080, 平均帧率: 25.00, 视频编解码器: h264, 音频编解码器: aac
分类: 咪咕赛事🌟, 名称: 咪咕赛事09, 有效: 0, IPv4: 2, IPv6: 0, 最小延迟: -1 ms, 最高速率: 0.00 M/s, 平均速率: 0.00 M/s, 最高分辨率: None, 平均帧率: 未知, 视频编解码器: 未知, 音频编解码器: 未知
分类: 咪咕赛事🌟, 名称: 咪咕赛事10, 有效: 0, IPv4: 1, IPv6: 0, 最小延迟: -1 ms, 最高速率: 0.00 M/s, 平均速率: 0.00 M/s, 最高分辨率: None, 平均帧率: 未知, 视频编解码器: 未知, 音频编解码器: 未知
分类: 咪咕赛事🌟, 名称: 咪咕赛事11, 有效: 0, IPv4: 1, IPv6: 0, 最小延迟: -1 ms, 最高速率: 0.00 M/s, 平均速率: 0.00 M/s, 最高分辨率: None, 平均帧率: 未知, 视频编解码器: 未知, 音频编解码器: 未知
分类: 咪咕赛事🌟, 名称: 咪咕赛事12, 有效: 0, IPv4: 1, IPv6: 0, 最小延迟: -1 ms, 最高速率: 0.00 M/s, 平均速率: 0.00 M/s, 最高分辨率: None, 平均帧率: 未知, 视频编解码器: 未知, 音频编解码器: 未知
分类: 咪咕赛事🌟, 名称: 咪咕赛事13, 有效: 0, IPv4: 1, IPv6: 0, 最小延迟: -1 ms, 最高速率: 0.00 M/s, 平均速率: 0.00 M/s, 最高分辨率: None, 平均帧率: 未知, 视频编解码器: 未知, 音频编解码器: 未知
分类: 咪咕赛事🌟, 名称: 咪咕赛事15, 有效: 0, IPv4: 1, IPv6: 0, 最小延迟: -1 ms, 最高速率: 0.00 M/s, 平均速率: 0.00 M/s, 最高分辨率: None, 平均帧率: 未知, 视频编解码器: 未知, 音频编解码器: 未知
分类: 咪咕赛事🌟, 名称: 咪咕赛事14, 有效: 0, IPv4: 1, IPv6: 0, 最小延迟: -1 ms, 最高速率: 0.00 M/s, 平均速率: 0.00 M/s, 最高分辨率: None, 平均帧率: 未知, 视频编解码器: 未知, 音频编解码器: 未知
分类: 咪咕赛事🌟, 名称: 咪咕赛事16, 有效: 0, IPv4: 1, IPv6: 0, 最小延迟: -1 ms, 最高速率: 0.00 M/s, 平均速率: 0.00 M/s, 最高分辨率: None, 平均帧率: 未知, 视频编解码器: 未知, 音频编解码器: 未知
分类: 咪咕赛事🌟, 名称: 咪咕赛事18, 有效: 0, IPv4: 1, IPv6: 0, 最小延迟: -1 ms, 最高速率: 0.00 M/s, 平均速率: 0.00 M/s, 最高分辨率: None, 平均帧率: 未知, 视频编解码器: 未知, 音频编解码器: 未知
分类: 咪咕赛事🌟, 名称: 咪咕赛事17, 有效: 0, IPv4: 1, IPv6: 0, 最小延迟: -1 ms, 最高速率: 0.00 M/s, 平均速率: 0.00 M/s, 最高分辨率: None, 平均帧率: 未知, 视频编解码器: 未知, 音频编解码器: 未知
分类: 咪咕赛事🌟, 名称: 咪咕赛事19, 有效: 0, IPv4: 1, IPv6: 0, 最小延迟: -1 ms, 最高速率: 0.00 M/s, 平均速率: 0.00 M/s, 最高分辨率: None, 平均帧率: 未知, 视频编解码器: 未知, 音频编解码器: 未知
分类: 数字付费🎞️, 名称: NewTV惊悚悬疑, 有效: 2, IPv4: 10, IPv6: 0, 最小延迟: 47 ms, 最高速率: 106.70 M/s, 平均速率: 92.30 M/s, 最高分辨率: 1920x1080, 平均帧率: 36.10, 视频编解码器: h264, 音频编解码器: aac
分类: 咪咕赛事🌟, 名称: 咪咕赛事21, 有效: 0, IPv4: 1, IPv6: 0, 最小延迟: -1 ms, 最高速率: 0.00 M/s, 平均速率: 0.00 M/s, 最高分辨率: None, 平均帧率: 未知, 视频编解码器: 未知, 音频编解码器: 未知
分类: 咪咕赛事🌟, 名称: 咪咕赛事23, 有效: 0, IPv4: 1, IPv6: 0, 最小延迟: -1 ms, 最高速率: 0.00 M/s, 平均速率: 0.00 M/s, 最高分辨率: None, 平均帧率: 未知, 视频编解码器: 未知, 音频编解码器: 未知
分类: 咪咕赛事🌟, 名称: 咪咕赛事20, 有效: 0, IPv4: 1, IPv6: 0, 最小延迟: -1 ms, 最高速率: 0.00 M/s, 平均速率: 0.00 M/s, 最高分辨率: None, 平均帧率: 未知, 视频编解码器: 未知, 音频编解码器: 未知
分类: 咪咕赛事🌟, 名称: 咪咕赛事24, 有效: 0, IPv4: 1, IPv6: 0, 最小延迟: -1 ms, 最高速率: 0.00 M/s, 平均速率: 0.00 M/s, 最高分辨率: None, 平均帧率: 未知, 视频编解码器: 未知, 音频编解码器: 未知
分类: 咪咕赛事🌟, 名称: 咪咕赛事26, 有效: 0, IPv4: 1, IPv6: 0, 最小延迟: -1 ms, 最高速率: 0.00 M/s, 平均速率: 0.00 M/s, 最高分辨率: None, 平均帧率: 未知, 视频编解码器: 未知, 音频编解码器: 未知
分类: 咪咕赛事🌟, 名称: 咪咕赛事28, 有效: 0, IPv4: 1, IPv6: 0, 最小延迟: -1 ms, 最高速率: 0.00 M/s, 平均速率: 0.00 M/s, 最高分辨率: None, 平均帧率: 未知, 视频编解码器: 未知, 音频编解码器: 未知
分类: 咪咕赛事🌟, 名称: 咪咕赛事30, 有效: 0, IPv4: 1, IPv6: 0, 最小延迟: -1 ms, 最高速率: 0.00 M/s, 平均速率: 0.00 M/s, 最高分辨率: None, 平均帧率: 未知, 视频编解码器: 未知, 音频编解码器: 未知
分类: 咪咕赛事🌟, 名称: 咪咕赛事29, 有效: 0, IPv4: 1, IPv6: 0, 最小延迟: -1 ms, 最高速率: 0.00 M/s, 平均速率: 0.00 M/s, 最高分辨率: None, 平均帧率: 未知, 视频编解码器: 未知, 音频编解码器: 未知
分类: 港澳频道🇭🇰, 名称: 凤凰香港, 有效: 2, IPv4: 14, IPv6: 0, 最小延迟: 252 ms, 最高速率: 5.35 M/s, 平均速率: 2.92 M/s, 最高分辨率: 1280x720, 平均帧率: 27.50, 视频编解码器: h264, 音频编解码器: aac
分类: 港澳频道🇭🇰, 名称: 凤凰中文, 有效: 4, IPv4: 34, IPv6: 0, 最小延迟: 49 ms, 最高速率: 106.09 M/s, 平均速率: 51.75 M/s, 最高分辨率: 1920x1080, 平均帧率: 28.89, 视频编解码器: mpeg2video, 音频编解码器: mp2
分类: 港澳频道🇭🇰, 名称: 澳门莲花, 有效: 1, IPv4: 1, IPv6: 0, 最小延迟: 588 ms, 最高速率: 1.12 M/s, 平均速率: 1.12 M/s, 最高分辨率: 1280x760, 平均帧率: 未知, 视频编解码器: 未知, 音频编解码器: 未知
分类: 港澳频道🇭🇰, 名称: 澳视澳门, 有效: 0, IPv4: 1, IPv6: 0, 最小延迟: -1 ms, 最高速率: 0.00 M/s, 平均速率: 0.00 M/s, 最高分辨率: None, 平均帧率: 未知, 视频编解码器: 未知, 音频编解码器: 未知
分类: 港澳频道🇭🇰, 名称: 凤凰资讯, 有效: 6, IPv4: 28, IPv6: 0, 最小延迟: 86 ms, 最高速率: 66.74 M/s, 平均速率: 12.17 M/s, 最高分辨率: 1920x1080, 平均帧率: 29.17, 视频编解码器: h264, 音频编解码器: mp2
分类: 港澳频道🇭🇰, 名称: HKS香港卫视, 有效: 1, IPv4: 12, IPv6: 0, 最小延迟: 30 ms, 最高速率: 3.98 M/s, 平均速率: 0.31 M/s, 最高分辨率: 1280x720, 平均帧率: 25.00, 视频编解码器: rawvideo, 音频编解码器: aac
分类: 港澳频道🇭🇰, 名称: TVB翡翠, 有效: 2, IPv4: 28, IPv6: 0, 最小延迟: 1783 ms, 最高速率: 1.43 M/s, 平均速率: 0.91 M/s, 最高分辨率: 1920x1080, 平均帧率: 37.50, 视频编解码器: h264, 音频编解码器: mp2
分类: 港澳频道🇭🇰, 名称: TVB星河, 有效: 0, IPv4: 7, IPv6: 0, 最小延迟: 55 ms, 最高速率: 0.00 M/s, 平均速率: 0.00 M/s, 最高分辨率: 1280x720, 平均帧率: 未知, 视频编解码器: 未知, 音频编解码器: 未知
分类: 港澳频道🇭🇰, 名称: TVB娱乐新闻, 有效: 0, IPv4: 3, IPv6: 0, 最小延迟: -1 ms, 最高速率: 0.00 M/s, 平均速率: 0.00 M/s, 最高分辨率: None, 平均帧率: 未知, 视频编解码器: 未知, 音频编解码器: 未知
分类: 港澳频道🇭🇰, 名称: TVB明珠, 有效: 2, IPv4: 14, IPv6: 0, 最小延迟: 132 ms, 最高速率: 4.94 M/s, 平均速率: 2.69 M/s, 最高分辨率: 1920x1080, 平均帧率: 37.50, 视频编解码器: h264, 音频编解码器: mp2
分类: 港澳频道🇭🇰, 名称: TVB千禧经典, 有效: 1, IPv4: 7, IPv6: 0, 最小延迟: 141 ms, 最高速率: 3.19 M/s, 平均速率: 3.19 M/s, 最高分辨率: 1280x720, 平均帧率: 未知, 视频编解码器: 未知, 音频编解码器: 未知
分类: 港澳频道🇭🇰, 名称: TVB无线新闻, 有效: 2, IPv4: 22, IPv6: 0, 最小延迟: 141 ms, 最高速率: 2.34 M/s, 平均速率: 1.68 M/s, 最高分辨率: 1920x1080, 平均帧率: 27.50, 视频编解码器: h264, 音频编解码器: aac
分类: 港澳频道🇭🇰, 名称: 有线新闻, 有效: 11, IPv4: 13, IPv6: 0, 最小延迟: 1620 ms, 最高速率: 0.24 M/s, 平均速率: 0.23 M/s, 最高分辨率: 1280x720, 平均帧率: 25.00, 视频编解码器: h264, 音频编解码器: aac
分类: 港澳频道🇭🇰, 名称: ViuTV, 有效: 1, IPv4: 4, IPv6: 0, 最小延迟: 1727 ms, 最高速率: 0.72 M/s, 平均速率: 0.72 M/s, 最高分辨率: 1920x1080, 平均帧率: 未知, 视频编解码器: 未知, 音频编解码器: 未知
分类: 港澳频道🇭🇰, 名称: Now财经, 有效: 0, IPv4: 1, IPv6: 0, 最小延迟: -1 ms, 最高速率: 0.00 M/s, 平均速率: 0.00 M/s, 最高分辨率: None, 平均帧率: 未知, 视频编解码器: 未知, 音频编解码器: 未知
分类: 港澳频道🇭🇰, 名称: TVBPlus, 有效: 2, IPv4: 8, IPv6: 0, 最小延迟: 134 ms, 最高速率: 10.23 M/s, 平均速率: 5.44 M/s, 最高分辨率: 1920x1080, 平均帧率: 22.50, 视频编解码器: h264, 音频编解码器: aac
分类: 港澳频道🇭🇰, 名称: HOY76, 有效: 0, IPv4: 3, IPv6: 0, 最小延迟: -1 ms, 最高速率: 0.00 M/s, 平均速率: 0.00 M/s, 最高分辨率: None, 平均帧率: 未知, 视频编解码器: 未知, 音频编解码器: 未知
分类: 港澳频道🇭🇰, 名称: HOY77, 有效: 0, IPv4: 5, IPv6: 0, 最小延迟: 1398 ms, 最高速率: 0.48 M/s, 平均速率: 0.00 M/s, 最高分辨率: 960x540, 平均帧率: 25.00, 视频编解码器: h264, 音频编解码器: aac
分类: 港澳频道🇭🇰, 名称: RTHK31, 有效: 1, IPv4: 3, IPv6: 0, 最小延迟: 3371 ms, 最高速率: 1.55 M/s, 平均速率: 1.55 M/s, 最高分辨率: 1920x1080, 平均帧率: 未知, 视频编解码器: 未知, 音频编解码器: 未知
分类: 港澳频道🇭🇰, 名称: RTHK34, 有效: 0, IPv4: 1, IPv6: 0, 最小延迟: -1 ms, 最高速率: 0.00 M/s, 平均速率: 0.00 M/s, 最高分辨率: None, 平均帧率: 未知, 视频编解码器: 未知, 音频编解码器: 未知
分类: 港澳频道🇭🇰, 名称: RTHK33, 有效: 0, IPv4: 1, IPv6: 0, 最小延迟: -1 ms, 最高速率: 0.00 M/s, 平均速率: 0.00 M/s, 最高分辨率: None, 平均帧率: 未知, 视频编解码器: 未知, 音频编解码器: 未知
分类: 港澳频道🇭🇰, 名称: RTHK35, 有效: 0, IPv4: 1, IPv6: 0, 最小延迟: -1 ms, 最高速率: 0.00 M/s, 平均速率: 0.00 M/s, 最高分辨率: None, 平均帧率: 未知, 视频编解码器: 未知, 音频编解码器: 未知
分类: 港澳频道🇭🇰, 名称: HOY78, 有效: 1, IPv4: 5, IPv6: 0, 最小延迟: 10130 ms, 最高速率: 0.94 M/s, 平均速率: 0.94 M/s, 最高分辨率: 1920x1080, 平均帧率: 未知, 视频编解码器: 未知, 音频编解码器: 未知
分类: 港澳频道🇭🇰, 名称: NOW新闻, 有效: 2, IPv4: 3, IPv6: 0, 最小延迟: 104 ms, 最高速率: 8.41 M/s, 平均速率: 4.45 M/s, 最高分辨率: 1280x720, 平均帧率: 未知, 视频编解码器: 未知, 音频编解码器: 未知
分类: 港澳频道🇭🇰, 名称: RTHK32, 有效: 1, IPv4: 3, IPv6: 0, 最小延迟: 9692 ms, 最高速率: 0.95 M/s, 平均速率: 0.95 M/s, 最高分辨率: 1920x1080, 平均帧率: 未知, 视频编解码器: 未知, 音频编解码器: 未知
分类: 港澳频道🇭🇰, 名称: Now爆谷, 有效: 0, IPv4: 4, IPv6: 0, 最小延迟: -1 ms, 最高速率: 0.00 M/s, 平均速率: 0.00 M/s, 最高分辨率: None, 平均帧率: 未知, 视频编解码器: 未知, 音频编解码器: 未知
分类: 港澳频道🇭🇰, 名称: Now星影, 有效: 0, IPv4: 11, IPv6: 0, 最小延迟: 132 ms, 最高速率: 0.80 M/s, 平均速率: 0.00 M/s, 最高分辨率: 1024x576, 平均帧率: 25.00, 视频编解码器: h264, 音频编解码器: aac
分类: 港澳频道🇭🇰, 名称: Now直播台, 有效: 0, IPv4: 1, IPv6: 0, 最小延迟: -1 ms, 最高速率: 0.00 M/s, 平均速率: 0.00 M/s, 最高分辨率: None, 平均帧率: 未知, 视频编解码器: 未知, 音频编解码器: 未知
分类: 港澳频道🇭🇰, 名称: Thrill, 有效: 0, IPv4: 1, IPv6: 0, 最小延迟: -1 ms, 最高速率: 0.00 M/s, 平均速率: 0.00 M/s, 最高分辨率: None, 平均帧率: 未知, 视频编解码器: 未知, 音频编解码器: 未知
分类: 港澳频道🇭🇰, 名称: PopC, 有效: 1, IPv4: 6, IPv6: 0, 最小延迟: 139 ms, 最高速率: 1.74 M/s, 平均速率: 1.74 M/s, 最高分辨率: 1920x1080, 平均帧率: 未知, 视频编解码器: 未知, 音频编解码器: 未知
分类: 港澳频道🇭🇰, 名称: ROCKAction, 有效: 0, IPv4: 7, IPv6: 0, 最小延迟: 144 ms, 最高速率: 0.23 M/s, 平均速率: 0.00 M/s, 最高分辨率: 960x540, 平均帧率: 25.00, 视频编解码器: h264, 音频编解码器: aac
分类: 港澳频道🇭🇰, 名称: 黄金华剧台, 有效: 1, IPv4: 4, IPv6: 0, 最小延迟: 310 ms, 最高速率: 8.62 M/s, 平均速率: 8.62 M/s, 最高分辨率: 1920x1080, 平均帧率: 未知, 视频编解码器: 未知, 音频编解码器: 未知
分类: 港澳频道🇭🇰, 名称: 天映频道, 有效: 1, IPv4: 5, IPv6: 0, 最小延迟: 139 ms, 最高速率: 7.54 M/s, 平均速率: 7.54 M/s, 最高分辨率: 1280x720, 平均帧率: 25.00, 视频编解码器: h264, 音频编解码器: aac
分类: 港澳频道🇭🇰, 名称: 美亚电影, 有效: 1, IPv4: 15, IPv6: 0, 最小延迟: 129 ms, 最高速率: 1.02 M/s, 平均速率: 0.44 M/s, 最高分辨率: 1280x720, 平均帧率: 25.00, 视频编解码器: h264, 音频编解码器: aac
分类: 台湾频道🏞️, 名称: TVBS欢乐, 有效: 0, IPv4: 2, IPv6: 0, 最小延迟: -1 ms, 最高速率: 0.00 M/s, 平均速率: 0.00 M/s, 最高分辨率: None, 平均帧率: 未知, 视频编解码器: 未知, 音频编解码器: 未知
分类: 台湾频道🏞️, 名称: TVBS, 有效: 8, IPv4: 20, IPv6: 0, 最小延迟: 459 ms, 最高速率: 1.42 M/s, 平均速率: 0.75 M/s, 最高分辨率: 1920x1080, 平均帧率: 30.00, 视频编解码器: h264, 音频编解码器: aac
分类: 台湾频道🏞️, 名称: TVBS精采, 有效: 0, IPv4: 3, IPv6: 0, 最小延迟: 1577 ms, 最高速率: 0.32 M/s, 平均速率: 0.00 M/s, 最高分辨率: 640x360, 平均帧率: 25.00, 视频编解码器: h264, 音频编解码器: aac
分类: 台湾频道🏞️, 名称: TVBS台剧, 有效: 0, IPv4: 1, IPv6: 0, 最小延迟: -1 ms, 最高速率: 0.00 M/s, 平均速率: 0.00 M/s, 最高分辨率: None, 平均帧率: 未知, 视频编解码器: 未知, 音频编解码器: 未知
分类: 台湾频道🏞️, 名称: TVBS综艺, 有效: 0, IPv4: 1, IPv6: 0, 最小延迟: -1 ms, 最高速率: 0.00 M/s, 平均速率: 0.00 M/s, 最高分辨率: None, 平均帧率: 未知, 视频编解码器: 未知, 音频编解码器: 未知
分类: 台湾频道🏞️, 名称: TVBS新闻, 有效: 2, IPv4: 5, IPv6: 0, 最小延迟: 256 ms, 最高速率: 3.65 M/s, 平均速率: 2.54 M/s, 最高分辨率: 1920x1080, 平均帧率: 未知, 视频编解码器: 未知, 音频编解码器: 未知
分类: 台湾频道🏞️, 名称: 东森新闻, 有效: 2, IPv4: 6, IPv6: 0, 最小延迟: 459 ms, 最高速率: 6.55 M/s, 平均速率: 3.61 M/s, 最高分辨率: 1920x1080, 平均帧率: 未知, 视频编解码器: 未知, 音频编解码器: 未知
分类: 台湾频道🏞️, 名称: 东森财经新闻, 有效: 1, IPv4: 3, IPv6: 0, 最小延迟: 462 ms, 最高速率: 0.53 M/s, 平均速率: 0.53 M/s, 最高分辨率: 1280x720, 平均帧率: 29.97, 视频编解码器: h264, 音频编解码器: aac
分类: 台湾频道🏞️, 名称: 东森超视, 有效: 5, IPv4: 22, IPv6: 0, 最小延迟: 130 ms, 最高速率: 1.36 M/s, 平均速率: 1.09 M/s, 最高分辨率: 1920x1080, 平均帧率: 26.66, 视频编解码器: h264, 音频编解码器: aac
分类: 台湾频道🏞️, 名称: 东森电影, 有效: 0, IPv4: 21, IPv6: 0, 最小延迟: 1046 ms, 最高速率: 0.98 M/s, 平均速率: 0.00 M/s, 最高分辨率: 1024x576, 平均帧率: 25.00, 视频编解码器: h264, 音频编解码器: aac
分类: 台湾频道🏞️, 名称: 东森戏剧, 有效: 1, IPv4: 4, IPv6: 0, 最小延迟: 460 ms, 最高速率: 1.09 M/s, 平均速率: 1.09 M/s, 最高分辨率: 1920x1080, 平均帧率: 29.00, 视频编解码器: h264, 音频编解码器: aac
分类: 台湾频道🏞️, 名称: 东森综合, 有效: 2, IPv4: 11, IPv6: 0, 最小延迟: 131 ms, 最高速率: 5.22 M/s, 平均速率: 3.14 M/s, 最高分辨率: 1280x720, 平均帧率: 26.25, 视频编解码器: h264, 音频编解码器: aac
分类: 台湾频道🏞️, 名称: 东森洋片, 有效: 2, IPv4: 17, IPv6: 0, 最小延迟: 444 ms, 最高速率: 1.29 M/s, 平均速率: 0.77 M/s, 最高分辨率: 1280x720, 平均帧率: 30.00, 视频编解码器: h264, 音频编解码器: aac
分类: 台湾频道🏞️, 名称: 非凡商业, 有效: 0, IPv4: 1, IPv6: 0, 最小延迟: -1 ms, 最高速率: 0.00 M/s, 平均速率: 0.00 M/s, 最高分辨率: None, 平均帧率: 未知, 视频编解码器: 未知, 音频编解码器: 未知
分类: 台湾频道🏞️, 名称: 寰宇财经, 有效: 0, IPv4: 1, IPv6: 0, 最小延迟: -1 ms, 最高速率: 0.00 M/s, 平均速率: 0.00 M/s, 最高分辨率: None, 平均帧率: 未知, 视频编解码器: 未知, 音频编解码器: 未知
分类: 台湾频道🏞️, 名称: 东森幼幼, 有效: 0, IPv4: 4, IPv6: 0, 最小延迟: 129 ms, 最高速率: 0.90 M/s, 平均速率: 0.00 M/s, 最高分辨率: 1024x576, 平均帧率: 25.00, 视频编解码器: h264, 音频编解码器: aac
分类: 台湾频道🏞️, 名称: 非凡新闻, 有效: 1, IPv4: 2, IPv6: 0, 最小延迟: 873 ms, 最高速率: 1.69 M/s, 平均速率: 1.69 M/s, 最高分辨率: 1920x1080, 平均帧率: 30.00, 视频编解码器: h264, 音频编解码器: aac
分类: 台湾频道🏞️, 名称: 寰宇新闻台湾, 有效: 0, IPv4: 2, IPv6: 0, 最小延迟: -1 ms, 最高速率: 0.00 M/s, 平均速率: 0.00 M/s, 最高分辨率: None, 平均帧率: 未知, 视频编解码器: 未知, 音频编解码器: 未知
分类: 台湾频道🏞️, 名称: 年代新闻, 有效: 0, IPv4: 3, IPv6: 0, 最小延迟: 472 ms, 最高速率: 0.28 M/s, 平均速率: 0.00 M/s, 最高分辨率: 1920x1080, 平均帧率: 29.00, 视频编解码器: h264, 音频编解码器: aac
分类: 台湾频道🏞️, 名称: 寰宇新闻, 有效: 1, IPv4: 8, IPv6: 0, 最小延迟: 135 ms, 最高速率: 11.77 M/s, 平均速率: 1.22 M/s, 最高分辨率: 1280x720, 平均帧率: 29.97, 视频编解码器: h264, 音频编解码器: aac
分类: 台湾频道🏞️, 名称: 镜新闻, 有效: 1, IPv4: 3, IPv6: 0, 最小延迟: 502 ms, 最高速率: 0.50 M/s, 平均速率: 0.50 M/s, 最高分辨率: 1280x720, 平均帧率: 未知, 视频编解码器: 未知, 音频编解码器: 未知
分类: 台湾频道🏞️, 名称: 三立新闻, 有效: 1, IPv4: 5, IPv6: 0, 最小延迟: 198 ms, 最高速率: 2.22 M/s, 平均速率: 2.22 M/s, 最高分辨率: 1920x1080, 平均帧率: 未知, 视频编解码器: 未知, 音频编解码器: 未知
分类: 台湾频道🏞️, 名称: 三立综合, 有效: 1, IPv4: 3, IPv6: 0, 最小延迟: 454 ms, 最高速率: 1.09 M/s, 平均速率: 1.09 M/s, 最高分辨率: 1920x1080, 平均帧率: 未知, 视频编解码器: 未知, 音频编解码器: 未知
分类: 台湾频道🏞️, 名称: 三立台湾, 有效: 1, IPv4: 3, IPv6: 0, 最小延迟: 460 ms, 最高速率: 0.47 M/s, 平均速率: 0.47 M/s, 最高分辨率: 1280x720, 平均帧率: 未知, 视频编解码器: 未知, 音频编解码器: 未知
分类: 台湾频道🏞️, 名称: 三立戏剧, 有效: 1, IPv4: 3, IPv6: 0, 最小延迟: 6077 ms, 最高速率: 0.31 M/s, 平均速率: 0.31 M/s, 最高分辨率: 1280x720, 平均帧率: 未知, 视频编解码器: 未知, 音频编解码器: 未知
分类: 台湾频道🏞️, 名称: 华视教育体育文化, 有效: 0, IPv4: 2, IPv6: 0, 最小延迟: -1 ms, 最高速率: 0.00 M/s, 平均速率: 0.00 M/s, 最高分辨率: None, 平均帧率: 未知, 视频编解码器: 未知, 音频编解码器: 未知
分类: 台湾频道🏞️, 名称: 三立都会, 有效: 0, IPv4: 2, IPv6: 0, 最小延迟: -1 ms, 最高速率: 0.00 M/s, 平均速率: 0.00 M/s, 最高分辨率: None, 平均帧率: 未知, 视频编解码器: 未知, 音频编解码器: 未知
分类: 台湾频道🏞️, 名称: 华视新闻, 有效: 2, IPv4: 6, IPv6: 0, 最小延迟: 458 ms, 最高速率: 9.68 M/s, 平均速率: 5.52 M/s, 最高分辨率: 1920x1080, 平均帧率: 25.00, 视频编解码器: h264, 音频编解码器: aac
分类: 台湾频道🏞️, 名称: 华视, 有效: 3, IPv4: 9, IPv6: 0, 最小延迟: 202 ms, 最高速率: 10.95 M/s, 平均速率: 4.91 M/s, 最高分辨率: 1920x1080, 平均帧率: 25.00, 视频编解码器: h264, 音频编解码器: aac
分类: 台湾频道🏞️, 名称: 中视新闻, 有效: 1, IPv4: 7, IPv6: 0, 最小延迟: 458 ms, 最高速率: 1.20 M/s, 平均速率: 1.20 M/s, 最高分辨率: 1920x1080, 平均帧率: 42.50, 视频编解码器: h264, 音频编解码器: aac
分类: 台湾频道🏞️, 名称: 中视, 有效: 2, IPv4: 8, IPv6: 0, 最小延迟: 1473 ms, 最高速率: 1.06 M/s, 平均速率: 0.63 M/s, 最高分辨率: 1920x1080, 平均帧率: 未知, 视频编解码器: 未知, 音频编解码器: 未知
分类: 台湾频道🏞️, 名称: 中视经典, 有效: 1, IPv4: 6, IPv6: 0, 最小延迟: 447 ms, 最高速率: 0.27 M/s, 平均速率: 0.27 M/s, 最高分辨率: 1280x720, 平均帧率: 未知, 视频编解码器: 未知, 音频编解码器: 未知
分类: 台湾频道🏞️, 名称: 中视菁采, 有效: 0, IPv4: 5, IPv6: 0, 最小延迟: 10725 ms, 最高速率: 0.10 M/s, 平均速率: 0.00 M/s, 最高分辨率: 1920x1080, 平均帧率: 25.00, 视频编解码器: h264, 音频编解码器: aac
分类: 台湾频道🏞️, 名称: 中天娱乐, 有效: 1, IPv4: 3, IPv6: 0, 最小延迟: 5946 ms, 最高速率: 0.31 M/s, 平均速率: 0.31 M/s, 最高分辨率: 1280x720, 平均帧率: 未知, 视频编解码器: 未知, 音频编解码器: 未知
分类: 台湾频道🏞️, 名称: 中天新闻, 有效: 5, IPv4: 16, IPv6: 0, 最小延迟: 142 ms, 最高速率: 13.35 M/s, 平均速率: 5.45 M/s, 最高分辨率: 1920x1080, 平均帧率: 29.29, 视频编解码器: h264, 音频编解码器: aac
分类: 台湾频道🏞️, 名称: 中天亚洲, 有效: 0, IPv4: 4, IPv6: 0, 最小延迟: -1 ms, 最高速率: 0.00 M/s, 平均速率: 0.00 M/s, 最高分辨率: None, 平均帧率: 未知, 视频编解码器: 未知, 音频编解码器: 未知
分类: 台湾频道🏞️, 名称: 中天综合, 有效: 1, IPv4: 3, IPv6: 0, 最小延迟: 449 ms, 最高速率: 0.84 M/s, 平均速率: 0.84 M/s, 最高分辨率: 1280x720, 平均帧率: 29.97, 视频编解码器: h264, 音频编解码器: aac
分类: 台湾频道🏞️, 名称: 民视台湾, 有效: 1, IPv4: 5, IPv6: 0, 最小延迟: 322 ms, 最高速率: 11.82 M/s, 平均速率: 11.82 M/s, 最高分辨率: 1280x720, 平均帧率: 未知, 视频编解码器: 未知, 音频编解码器: 未知
分类: 台湾频道🏞️, 名称: 民视影剧, 有效: 0, IPv4: 2, IPv6: 0, 最小延迟: -1 ms, 最高速率: 0.00 M/s, 平均速率: 0.00 M/s, 最高分辨率: None, 平均帧率: 未知, 视频编解码器: 未知, 音频编解码器: 未知
分类: 台湾频道🏞️, 名称: 民视新闻, 有效: 3, IPv4: 13, IPv6: 0, 最小延迟: 420 ms, 最高速率: 4.37 M/s, 平均速率: 2.47 M/s, 最高分辨率: 1920x1080, 平均帧率: 未知, 视频编解码器: 未知, 音频编解码器: 未知
分类: 台湾频道🏞️, 名称: 民视第一台, 有效: 1, IPv4: 5, IPv6: 0, 最小延迟: 720 ms, 最高速率: 7.96 M/s, 平均速率: 7.96 M/s, 最高分辨率: 1920x1080, 平均帧率: 未知, 视频编解码器: 未知, 音频编解码器: 未知
分类: 台湾频道🏞️, 名称: 民视旅游, 有效: 0, IPv4: 1, IPv6: 0, 最小延迟: -1 ms, 最高速率: 0.00 M/s, 平均速率: 0.00 M/s, 最高分辨率: None, 平均帧率: 未知, 视频编解码器: 未知, 音频编解码器: 未知
分类: 台湾频道🏞️, 名称: 民视综艺, 有效: 0, IPv4: 3, IPv6: 0, 最小延迟: -1 ms, 最高速率: 0.00 M/s, 平均速率: 0.00 M/s, 最高分辨率: None, 平均帧率: 未知, 视频编解码器: 未知, 音频编解码器: 未知
分类: 台湾频道🏞️, 名称: 民视, 有效: 2, IPv4: 10, IPv6: 0, 最小延迟: 380 ms, 最高速率: 12.09 M/s, 平均速率: 6.77 M/s, 最高分辨率: 1920x1080, 平均帧率: 25.00, 视频编解码器: h264, 音频编解码器: aac
分类: 台湾频道🏞️, 名称: 公视3台, 有效: 0, IPv4: 3, IPv6: 0, 最小延迟: -1 ms, 最高速率: 0.00 M/s, 平均速率: 0.00 M/s, 最高分辨率: None, 平均帧率: 未知, 视频编解码器: 未知, 音频编解码器: 未知
分类: 台湾频道🏞️, 名称: 公视台语, 有效: 1, IPv4: 3, IPv6: 0, 最小延迟: 382 ms, 最高速率: 13.27 M/s, 平均速率: 13.27 M/s, 最高分辨率: 1920x1080, 平均帧率: 未知, 视频编解码器: 未知, 音频编解码器: 未知
分类: 台湾频道🏞️, 名称: 公视戏剧, 有效: 0, IPv4: 2, IPv6: 0, 最小延迟: -1 ms, 最高速率: 0.00 M/s, 平均速率: 0.00 M/s, 最高分辨率: None, 平均帧率: 未知, 视频编解码器: 未知, 音频编解码器: 未知
分类: 台湾频道🏞️, 名称: 公视, 有效: 0, IPv4: 7, IPv6: 0, 最小延迟: 10567 ms, 最高速率: 0.12 M/s, 平均速率: 0.00 M/s, 最高分辨率: 1920x1080, 平均帧率: 25.00, 视频编解码器: h264, 音频编解码器: aac
分类: 台湾频道🏞️, 名称: 台视综合, 有效: 1, IPv4: 6, IPv6: 0, 最小延迟: 371 ms, 最高速率: 11.84 M/s, 平均速率: 11.84 M/s, 最高分辨率: 1920x1080, 平均帧率: 未知, 视频编解码器: 未知, 音频编解码器: 未知
分类: 台湾频道🏞️, 名称: 台视财经, 有效: 1, IPv4: 5, IPv6: 0, 最小延迟: 366 ms, 最高速率: 10.62 M/s, 平均速率: 10.62 M/s, 最高分辨率: 1920x1080, 平均帧率: 未知, 视频编解码器: 未知, 音频编解码器: 未知
分类: 台湾频道🏞️, 名称: 台视, 有效: 2, IPv4: 9, IPv6: 0, 最小延迟: 394 ms, 最高速率: 11.49 M/s, 平均速率: 5.93 M/s, 最高分辨率: 1920x1080, 平均帧率: 25.00, 视频编解码器: h264, 音频编解码器: aac
分类: 台湾频道🏞️, 名称: 台视新闻, 有效: 5, IPv4: 16, IPv6: 0, 最小延迟: 449 ms, 最高速率: 5.66 M/s, 平均速率: 2.91 M/s, 最高分辨率: 1920x1080, 平均帧率: 29.99, 视频编解码器: h264, 音频编解码器: aac
分类: 台湾频道🏞️, 名称: 纬来综合, 有效: 0, IPv4: 2, IPv6: 0, 最小延迟: -1 ms, 最高速率: 0.00 M/s, 平均速率: 0.00 M/s, 最高分辨率: None, 平均帧率: 未知, 视频编解码器: 未知, 音频编解码器: 未知
分类: 台湾频道🏞️, 名称: 纬来戏剧, 有效: 0, IPv4: 3, IPv6: 0, 最小延迟: 463 ms, 最高速率: 0.31 M/s, 平均速率: 0.00 M/s, 最高分辨率: 1920x1080, 平均帧率: 未知, 视频编解码器: 未知, 音频编解码器: 未知
分类: 台湾频道🏞️, 名称: 纬来日本, 有效: 0, IPv4: 3, IPv6: 0, 最小延迟: -1 ms, 最高速率: 0.00 M/s, 平均速率: 0.00 M/s, 最高分辨率: 1280x720, 平均帧率: 未知, 视频编解码器: 未知, 音频编解码器: 未知
分类: 台湾频道🏞️, 名称: 纬来电影, 有效: 0, IPv4: 22, IPv6: 0, 最小延迟: 130 ms, 最高速率: 0.88 M/s, 平均速率: 0.00 M/s, 最高分辨率: 1920x1080, 平均帧率: 25.00, 视频编解码器: h264, 音频编解码器: aac
分类: 台湾频道🏞️, 名称: 纬来体育, 有效: 1, IPv4: 21, IPv6: 0, 最小延迟: 130 ms, 最高速率: 0.80 M/s, 平均速率: 0.40 M/s, 最高分辨率: 1280x720, 平均帧率: 25.00, 视频编解码器: h264, 音频编解码器: aac
分类: 台湾频道🏞️, 名称: 八大综艺, 有效: 0, IPv4: 1, IPv6: 0, 最小延迟: -1 ms, 最高速率: 0.00 M/s, 平均速率: 0.00 M/s, 最高分辨率: None, 平均帧率: 未知, 视频编解码器: 未知, 音频编解码器: 未知
分类: 台湾频道🏞️, 名称: 纬来育乐, 有效: 1, IPv4: 11, IPv6: 0, 最小延迟: 134 ms, 最高速率: 0.80 M/s, 平均速率: 0.51 M/s, 最高分辨率: 1280x720, 平均帧率: 25.00, 视频编解码器: h264, 音频编解码器: aac
分类: 台湾频道🏞️, 名称: 八大精彩, 有效: 0, IPv4: 2, IPv6: 0, 最小延迟: -1 ms, 最高速率: 0.00 M/s, 平均速率: 0.00 M/s, 最高分辨率: None, 平均帧率: 未知, 视频编解码器: 未知, 音频编解码器: 未知
分类: 台湾频道🏞️, 名称: 龙华经典, 有效: 0, IPv4: 3, IPv6: 0, 最小延迟: -1 ms, 最高速率: 0.00 M/s, 平均速率: 0.00 M/s, 最高分辨率: None, 平均帧率: 未知, 视频编解码器: 未知, 音频编解码器: 未知
分类: 台湾频道🏞️, 名称: 龙华日韩, 有效: 0, IPv4: 1, IPv6: 0, 最小延迟: -1 ms, 最高速率: 0.00 M/s, 平均速率: 0.00 M/s, 最高分辨率: None, 平均帧率: 未知, 视频编解码器: 未知, 音频编解码器: 未知
分类: 台湾频道🏞️, 名称: 龙华偶像, 有效: 1, IPv4: 2, IPv6: 0, 最小延迟: 511 ms, 最高速率: 1.05 M/s, 平均速率: 1.05 M/s, 最高分辨率: 1920x1080, 平均帧率: 未知, 视频编解码器: 未知, 音频编解码器: 未知
分类: 台湾频道🏞️, 名称: 纬来精采, 有效: 2, IPv4: 3, IPv6: 0, 最小延迟: 473 ms, 最高速率: 0.31 M/s, 平均速率: 0.28 M/s, 最高分辨率: 1280x720, 平均帧率: 未知, 视频编解码器: 未知, 音频编解码器: 未知
分类: 台湾频道🏞️, 名称: AMC, 有效: 0, IPv4: 4, IPv6: 0, 最小延迟: -1 ms, 最高速率: 0.00 M/s, 平均速率: 0.00 M/s, 最高分辨率: None, 平均帧率: 未知, 视频编解码器: 未知, 音频编解码器: 未知
分类: 台湾频道🏞️, 名称: 龙华戏剧, 有效: 1, IPv4: 3, IPv6: 0, 最小延迟: 527 ms, 最高速率: 0.92 M/s, 平均速率: 0.92 M/s, 最高分辨率: 1920x1080, 平均帧率: 未知, 视频编解码器: 未知, 音频编解码器: 未知
分类: 台湾频道🏞️, 名称: 天映经典, 有效: 1, IPv4: 15, IPv6: 0, 最小延迟: 48 ms, 最高速率: 0.26 M/s, 平均速率: 0.26 M/s, 最高分辨率: 1280x720, 平均帧率: 25.00, 视频编解码器: h264, 音频编解码器: aac
分类: 台湾频道🏞️, 名称: Catchplay电影, 有效: 1, IPv4: 2, IPv6: 0, 最小延迟: 446 ms, 最高速率: 0.56 M/s, 平均速率: 0.56 M/s, 最高分辨率: 1280x720, 平均帧率: 未知, 视频编解码器: 未知, 音频编解码器: 未知
分类: 台湾频道🏞️, 名称: 好莱坞电影台, 有效: 0, IPv4: 1, IPv6: 0, 最小延迟: 482 ms, 最高速率: 0.17 M/s, 平均速率: 0.00 M/s, 最高分辨率: 1280x720, 平均帧率: 30.00, 视频编解码器: h264, 音频编解码器: aac
分类: 台湾频道🏞️, 名称: 靖天电影, 有效: 1, IPv4: 16, IPv6: 0, 最小延迟: 463 ms, 最高速率: 1.15 M/s, 平均速率: 1.15 M/s, 最高分辨率: 1920x1080, 平均帧率: 29.99, 视频编解码器: h264, 音频编解码器: aac
分类: 台湾频道🏞️, 名称: 龙祥时代电影, 有效: 0, IPv4: 1, IPv6: 0, 最小延迟: -1 ms, 最高速率: 0.00 M/s, 平均速率: 0.00 M/s, 最高分辨率: None, 平均帧率: 未知, 视频编解码器: 未知, 音频编解码器: 未知
分类: 台湾频道🏞️, 名称: 龙华洋片, 有效: 0, IPv4: 3, IPv6: 0, 最小延迟: 2294 ms, 最高速率: 0.13 M/s, 平均速率: 0.00 M/s, 最高分辨率: 1920x1080, 平均帧率: 25.00, 视频编解码器: h264, 音频编解码器: aac
分类: 台湾频道🏞️, 名称: 采昌影剧, 有效: 0, IPv4: 2, IPv6: 0, 最小延迟: -1 ms, 最高速率: 0.00 M/s, 平均速率: 0.00 M/s, 最高分辨率: None, 平均帧率: 未知, 视频编解码器: 未知, 音频编解码器: 未知
分类: 台湾频道🏞️, 名称: 龙华电影, 有效: 2, IPv4: 6, IPv6: 0, 最小延迟: 135 ms, 最高速率: 1.01 M/s, 平均速率: 0.62 M/s, 最高分辨率: 1920x1080, 平均帧率: 27.50, 视频编解码器: h264, 音频编解码器: aac
分类: 台湾频道🏞️, 名称: 靖天映画, 有效: 2, IPv4: 15, IPv6: 0, 最小延迟: 359 ms, 最高速率: 1.28 M/s, 平均速率: 0.96 M/s, 最高分辨率: 1920x1080, 平均帧率: 30.00, 视频编解码器: h264, 音频编解码器: aac
分类: 台湾频道🏞️, 名称: 影迷数位电影, 有效: 0, IPv4: 2, IPv6: 0, 最小延迟: -1 ms, 最高速率: 0.00 M/s, 平均速率: 0.00 M/s, 最高分辨率: None, 平均帧率: 未知, 视频编解码器: 未知, 音频编解码器: 未知
分类: 台湾频道🏞️, 名称: 靖洋戏剧, 有效: 1, IPv4: 3, IPv6: 0, 最小延迟: 464 ms, 最高速率: 1.48 M/s, 平均速率: 0.26 M/s, 最高分辨率: 1280x720, 平均帧率: 25.00, 视频编解码器: h264, 音频编解码器: aac
分类: 台湾频道🏞️, 名称: CMusic, 有效: 0, IPv4: 1, IPv6: 0, 最小延迟: -1 ms, 最高速率: 0.00 M/s, 平均速率: 0.00 M/s, 最高分辨率: None, 平均帧率: 未知, 视频编解码器: 未知, 音频编解码器: 未知
分类: 台湾频道🏞️, 名称: 我的欧洲电影, 有效: 0, IPv4: 1, IPv6: 0, 最小延迟: -1 ms, 最高速率: 0.00 M/s, 平均速率: 0.00 M/s, 最高分辨率: None, 平均帧率: 未知, 视频编解码器: 未知, 音频编解码器: 未知
分类: 台湾频道🏞️, 名称: 精选动漫台, 有效: 0, IPv4: 1, IPv6: 0, 最小延迟: -1 ms, 最高速率: 0.00 M/s, 平均速率: 0.00 M/s, 最高分辨率: None, 平均帧率: 未知, 视频编解码器: 未知, 音频编解码器: 未知
分类: 台湾频道🏞️, 名称: 靖天戏剧, 有效: 0, IPv4: 13, IPv6: 0, 最小延迟: 520 ms, 最高速率: 0.00 M/s, 平均速率: 0.00 M/s, 最高分辨率: None, 平均帧率: 未知, 视频编解码器: 未知, 音频编解码器: 未知
分类: 台湾频道🏞️, 名称: 金光布袋戏, 有效: 0, IPv4: 2, IPv6: 0, 最小延迟: -1 ms, 最高速率: 0.00 M/s, 平均速率: 0.00 M/s, 最高分辨率: None, 平均帧率: 未知, 视频编解码器: 未知, 音频编解码器: 未知
分类: 台湾频道🏞️, 名称: 经典电影台, 有效: 0, IPv4: 21, IPv6: 0, 最小延迟: 1094 ms, 最高速率: 0.11 M/s, 平均速率: 0.00 M/s, 最高分辨率: 1920x1080, 平均帧率: 25.00, 视频编解码器: h264, 音频编解码器: mp2
分类: 台湾频道🏞️, 名称: CinemaWorld, 有效: 0, IPv4: 2, IPv6: 0, 最小延迟: 471 ms, 最高速率: 0.07 M/s, 平均速率: 0.00 M/s, 最高分辨率: None, 平均帧率: 未知, 视频编解码器: 未知, 音频编解码器: 未知
分类: 台湾频道🏞️, 名称: AXN, 有效: 1, IPv4: 4, IPv6: 0, 最小延迟: 465 ms, 最高速率: 0.73 M/s, 平均速率: 0.73 M/s, 最高分辨率: 1920x1080, 平均帧率: 50.00, 视频编解码器: h264, 音频编解码器: aac
分类: 台湾频道🏞️, 名称: Cinemax, 有效: 2, IPv4: 4, IPv6: 0, 最小延迟: 475 ms, 最高速率: 0.85 M/s, 平均速率: 0.68 M/s, 最高分辨率: 1920x1080, 平均帧率: 39.99, 视频编解码器: h264, 音频编解码器: aac
分类: 台湾频道🏞️, 名称: EYETV旅游, 有效: 0, IPv4: 1, IPv6: 0, 最小延迟: -1 ms, 最高速率: 0.00 M/s, 平均速率: 0.00 M/s, 最高分辨率: None, 平均帧率: 未知, 视频编解码器: 未知, 音频编解码器: 未知
分类: 台湾频道🏞️, 名称: Discovery, 有效: 2, IPv4: 12, IPv6: 0, 最小延迟: 471 ms, 最高速率: 0.78 M/s, 平均速率: 0.49 M/s, 最高分辨率: 1920x1080, 平均帧率: 39.99, 视频编解码器: h264, 音频编解码器: aac
分类: 台湾频道🏞️, 名称: EYETV戏剧, 有效: 0, IPv4: 1, IPv6: 0, 最小延迟: -1 ms, 最高速率: 0.00 M/s, 平均速率: 0.00 M/s, 最高分辨率: None, 平均帧率: 未知, 视频编解码器: 未知, 音频编解码器: 未知
分类: 台湾频道🏞️, 名称: MTVLive, 有效: 0, IPv4: 1, IPv6: 0, 最小延迟: -1 ms, 最高速率: 0.00 M/s, 平均速率: 0.00 M/s, 最高分辨率: None, 平均帧率: 未知, 视频编解码器: 未知, 音频编解码器: 未知
分类: 台湾频道🏞️, 名称: 博斯魅力, 有效: 0, IPv4: 1, IPv6: 0, 最小延迟: -1 ms, 最高速率: 0.00 M/s, 平均速率: 0.00 M/s, 最高分辨率: None, 平均帧率: 未知, 视频编解码器: 未知, 音频编解码器: 未知
分类: 台湾频道🏞️, 名称: 博斯网球, 有效: 0, IPv4: 2, IPv6: 0, 最小延迟: -1 ms, 最高速率: 0.00 M/s, 平均速率: 0.00 M/s, 最高分辨率: None, 平均帧率: 未知, 视频编解码器: 未知, 音频编解码器: 未知
分类: 台湾频道🏞️, 名称: DW德国之声, 有效: 0, IPv4: 5, IPv6: 0, 最小延迟: 259 ms, 最高速率: 0.62 M/s, 平均速率: 0.00 M/s, 最高分辨率: 1024x576, 平均帧率: 50.00, 视频编解码器: h264, 音频编解码器: aac
分类: 台湾频道🏞️, 名称: HITS, 有效: 2, IPv4: 4, IPv6: 0, 最小延迟: 469 ms, 最高速率: 1.37 M/s, 平均速率: 0.97 M/s, 最高分辨率: 1920x1080, 平均帧率: 50.00, 视频编解码器: h264, 音频编解码器: aac
分类: 台湾频道🏞️, 名称: 博斯高球Ⅰ, 有效: 0, IPv4: 3, IPv6: 0, 最小延迟: -1 ms, 最高速率: 0.00 M/s, 平均速率: 0.00 M/s, 最高分辨率: None, 平均帧率: 未知, 视频编解码器: 未知, 音频编解码器: 未知
分类: 台湾频道🏞️, 名称: 大爱Ⅰ, 有效: 0, IPv4: 2, IPv6: 0, 最小延迟: -1 ms, 最高速率: 0.00 M/s, 平均速率: 0.00 M/s, 最高分辨率: None, 平均帧率: 未知, 视频编解码器: 未知, 音频编解码器: 未知
分类: 台湾频道🏞️, 名称: 博斯运动Ⅱ, 有效: 0, IPv4: 2, IPv6: 0, 最小延迟: -1 ms, 最高速率: 0.00 M/s, 平均速率: 0.00 M/s, 最高分辨率: None, 平均帧率: 未知, 视频编解码器: 未知, 音频编解码器: 未知
分类: 台湾频道🏞️, 名称: 好消息Ⅰ, 有效: 0, IPv4: 1, IPv6: 0, 最小延迟: -1 ms, 最高速率: 0.00 M/s, 平均速率: 0.00 M/s, 最高分辨率: None, 平均帧率: 未知, 视频编解码器: 未知, 音频编解码器: 未知
分类: 台湾频道🏞️, 名称: 博斯运动Ⅰ, 有效: 0, IPv4: 2, IPv6: 0, 最小延迟: 463 ms, 最高速率: 0.29 M/s, 平均速率: 0.00 M/s, 最高分辨率: 1920x1080, 平均帧率: 30.00, 视频编解码器: h264, 音频编解码器: aac
分类: 台湾频道🏞️, 名称: 好消息Ⅱ, 有效: 0, IPv4: 1, IPv6: 0, 最小延迟: -1 ms, 最高速率: 0.00 M/s, 平均速率: 0.00 M/s, 最高分辨率: None, 平均帧率: 未知, 视频编解码器: 未知, 音频编解码器: 未知
分类: 台湾频道🏞️, 名称: 智林体育, 有效: 0, IPv4: 2, IPv6: 0, 最小延迟: -1 ms, 最高速率: 0.00 M/s, 平均速率: 0.00 M/s, 最高分辨率: None, 平均帧率: 未知, 视频编解码器: 未知, 音频编解码器: 未知
分类: 台湾频道🏞️, 名称: 博斯高球Ⅱ, 有效: 0, IPv4: 2, IPv6: 0, 最小延迟: -1 ms, 最高速率: 0.00 M/s, 平均速率: 0.00 M/s, 最高分辨率: None, 平均帧率: 未知, 视频编解码器: 未知, 音频编解码器: 未知
分类: 台湾频道🏞️, 名称: 博斯无限Ⅰ, 有效: 1, IPv4: 2, IPv6: 0, 最小延迟: 456 ms, 最高速率: 0.66 M/s, 平均速率: 0.66 M/s, 最高分辨率: 1920x1080, 平均帧率: 29.97, 视频编解码器: h264, 音频编解码器: aac
分类: 台湾频道🏞️, 名称: 大爱Ⅱ, 有效: 0, IPv4: 1, IPv6: 0, 最小延迟: -1 ms, 最高速率: 0.00 M/s, 平均速率: 0.00 M/s, 最高分辨率: None, 平均帧率: 未知, 视频编解码器: 未知, 音频编解码器: 未知
分类: 台湾频道🏞️, 名称: 猪哥亮歌厅秀, 有效: 0, IPv4: 1, IPv6: 0, 最小延迟: -1 ms, 最高速率: 0.00 M/s, 平均速率: 0.00 M/s, 最高分辨率: None, 平均帧率: 未知, 视频编解码器: 未知, 音频编解码器: 未知
分类: 台湾频道🏞️, 名称: 靖天卡通, 有效: 1, IPv4: 2, IPv6: 0, 最小延迟: 468 ms, 最高速率: 0.75 M/s, 平均速率: 0.75 M/s, 最高分辨率: 1920x1080, 平均帧率: 30.00, 视频编解码器: h264, 音频编解码器: aac
分类: 台湾频道🏞️, 名称: 阿里郎, 有效: 1, IPv4: 10, IPv6: 0, 最小延迟: 459 ms, 最高速率: 0.67 M/s, 平均速率: 0.36 M/s, 最高分辨率: 1920x1080, 平均帧率: 29.97, 视频编解码器: h264, 音频编解码器: aac
分类: 台湾频道🏞️, 名称: HBO电影, 有效: 0, IPv4: 3, IPv6: 0, 最小延迟: 452 ms, 最高速率: 0.43 M/s, 平均速率: 0.00 M/s, 最高分辨率: 1024x576, 平均帧率: 25.00, 视频编解码器: h264, 音频编解码器: aac
分类: 台湾频道🏞️, 名称: 华艺MBC综合, 有效: 0, IPv4: 1, IPv6: 0, 最小延迟: -1 ms, 最高速率: 0.00 M/s, 平均速率: 0.00 M/s, 最高分辨率: None, 平均帧率: 未知, 视频编解码器: 未知, 音频编解码器: 未知
分类: 台湾频道🏞️, 名称: HBO原创巨献, 有效: 1, IPv4: 5, IPv6: 0, 最小延迟: 466 ms, 最高速率: 1.65 M/s, 平均速率: 1.65 M/s, 最高分辨率: 1920x1080, 平均帧率: 25.00, 视频编解码器: h264, 音频编解码器: aac
分类: 台湾频道🏞️, 名称: HBO强档巨献, 有效: 0, IPv4: 4, IPv6: 0, 最小延迟: 460 ms, 最高速率: 0.25 M/s, 平均速率: 0.00 M/s, 最高分辨率: None, 平均帧率: 未知, 视频编解码器: 未知, 音频编解码器: 未知
分类: 台湾频道🏞️, 名称: 爱尔达体育Ⅲ, 有效: 0, IPv4: 2, IPv6: 0, 最小延迟: -1 ms, 最高速率: 0.00 M/s, 平均速率: 0.00 M/s, 最高分辨率: None, 平均帧率: 未知, 视频编解码器: 未知, 音频编解码器: 未知
分类: 台湾频道🏞️, 名称: 爱尔达影剧, 有效: 0, IPv4: 1, IPv6: 0, 最小延迟: -1 ms, 最高速率: 0.00 M/s, 平均速率: 0.00 M/s, 最高分辨率: None, 平均帧率: 未知, 视频编解码器: 未知, 音频编解码器: 未知
分类: 台湾频道🏞️, 名称: 爱尔达综合, 有效: 0, IPv4: 1, IPv6: 0, 最小延迟: -1 ms, 最高速率: 0.00 M/s, 平均速率: 0.00 M/s, 最高分辨率: None, 平均帧率: 未知, 视频编解码器: 未知, 音频编解码器: 未知
分类: 台湾频道🏞️, 名称: 爱尔达体育Ⅳ, 有效: 0, IPv4: 1, IPv6: 0, 最小延迟: -1 ms, 最高速率: 0.00 M/s, 平均速率: 0.00 M/s, 最高分辨率: None, 平均帧率: 未知, 视频编解码器: 未知, 音频编解码器: 未知
分类: 台湾频道🏞️, 名称: 爱尔达生活旅游, 有效: 0, IPv4: 1, IPv6: 0, 最小延迟: -1 ms, 最高速率: 0.00 M/s, 平均速率: 0.00 M/s, 最高分辨率: None, 平均帧率: 未知, 视频编解码器: 未知, 音频编解码器: 未知
分类: 台湾频道🏞️, 名称: 爱尔达体育Ⅰ, 有效: 0, IPv4: 2, IPv6: 0, 最小延迟: -1 ms, 最高速率: 0.00 M/s, 平均速率: 0.00 M/s, 最高分辨率: None, 平均帧率: 未知, 视频编解码器: 未知, 音频编解码器: 未知
分类: 台湾频道🏞️, 名称: 爱尔达体育Ⅱ, 有效: 1, IPv4: 2, IPv6: 0, 最小延迟: 486 ms, 最高速率: 0.87 M/s, 平均速率: 0.87 M/s, 最高分辨率: 1280x720, 平均帧率: 30.00, 视频编解码器: h264, 音频编解码器: aac
分类: 台湾频道🏞️, 名称: HBO温馨家庭, 有效: 0, IPv4: 6, IPv6: 0, 最小延迟: 453 ms, 最高速率: 0.40 M/s, 平均速率: 0.00 M/s, 最高分辨率: 1024x576, 平均帧率: 25.00, 视频编解码器: h264, 音频编解码器: aac
分类: 湖南频道🌏, 名称: 湖南经视, 有效: 0, IPv4: 12, IPv6: 0, 最小延迟: 1071 ms, 最高速率: 0.60 M/s, 平均速率: 0.00 M/s, 最高分辨率: 640x360, 平均帧率: 25.00, 视频编解码器: h264, 音频编解码器: aac
分类: 台湾频道🏞️, 名称: 爱尔达娱乐, 有效: 1, IPv4: 3, IPv6: 0, 最小延迟: 486 ms, 最高速率: 0.46 M/s, 平均速率: 0.46 M/s, 最高分辨率: 1280x720, 平均帧率: 30.00, 视频编解码器: h264, 音频编解码器: aac
分类: 湖南频道🌏, 名称: 湖南都市, 有效: 0, IPv4: 12, IPv6: 0, 最小延迟: 515 ms, 最高速率: 0.89 M/s, 平均速率: 0.00 M/s, 最高分辨率: 720x576, 平均帧率: 37.50, 视频编解码器: h264, 音频编解码器: aac
分类: 湖南频道🌏, 名称: 湖南爱晚, 有效: 0, IPv4: 11, IPv6: 0, 最小延迟: 567 ms, 最高速率: 0.69 M/s, 平均速率: 0.00 M/s, 最高分辨率: 640x360, 平均帧率: 25.00, 视频编解码器: h264, 音频编解码器: aac
分类: 湖南频道🌏, 名称: 湖南国际, 有效: 0, IPv4: 5, IPv6: 0, 最小延迟: 602 ms, 最高速率: 0.83 M/s, 平均速率: 0.00 M/s, 最高分辨率: 640x360, 平均帧率: 25.00, 视频编解码器: h264, 音频编解码器: aac
分类: 湖南频道🌏, 名称: 湖南娱乐, 有效: 2, IPv4: 13, IPv6: 0, 最小延迟: 304 ms, 最高速率: 8.52 M/s, 平均速率: 4.70 M/s, 最高分辨率: 1920x1080, 平均帧率: 37.50, 视频编解码器: h264, 音频编解码器: aac
分类: 湖南频道🌏, 名称: 湖南电视剧, 有效: 1, IPv4: 12, IPv6: 0, 最小延迟: 780 ms, 最高速率: 0.72 M/s, 平均速率: 0.59 M/s, 最高分辨率: 1920x1080, 平均帧率: 25.00, 视频编解码器: h264, 音频编解码器: aac
分类: 湖南频道🌏, 名称: 湖南教育, 有效: 1, IPv4: 7, IPv6: 0, 最小延迟: 330 ms, 最高速率: 8.17 M/s, 平均速率: 8.17 M/s, 最高分辨率: 1280x720, 平均帧率: 50.00, 视频编解码器: h264, 音频编解码器: aac
分类: 湖南频道🌏, 名称: 湖南电影, 有效: 0, IPv4: 13, IPv6: 0, 最小延迟: 855 ms, 最高速率: 0.70 M/s, 平均速率: 0.00 M/s, 最高分辨率: 1920x1080, 平均帧率: 37.50, 视频编解码器: h264, 音频编解码器: aac
分类: 湖南频道🌏, 名称: 茶频道, 有效: 0, IPv4: 2, IPv6: 0, 最小延迟: -1 ms, 最高速率: 0.00 M/s, 平均速率: 0.00 M/s, 最高分辨率: None, 平均帧率: 未知, 视频编解码器: 未知, 音频编解码器: 未知
分类: 湖南频道🌏, 名称: 快乐垂钓, 有效: 2, IPv4: 17, IPv6: 0, 最小延迟: 40 ms, 最高速率: 23.22 M/s, 平均速率: 16.81 M/s, 最高分辨率: 1920x1080, 平均帧率: 30.00, 视频编解码器: hevc, 音频编解码器: aac
分类: 湖南频道🌏, 名称: 金鹰纪实, 有效: 0, IPv4: 13, IPv6: 0, 最小延迟: 1887 ms, 最高速率: 0.47 M/s, 平均速率: 0.00 M/s, 最高分辨率: 640x360, 平均帧率: 25.00, 视频编解码器: h264, 音频编解码器: aac
分类: 广东频道🌏, 名称: 广东珠江, 有效: 9, IPv4: 14, IPv6: 0, 最小延迟: 271 ms, 最高速率: 9.23 M/s, 平均速率: 5.49 M/s, 最高分辨率: 1920x1080, 平均帧率: 50.00, 视频编解码器: h264, 音频编解码器: mp2
分类: 广东频道🌏, 名称: 广东体育, 有效: 7, IPv4: 28, IPv6: 0, 最小延迟: 189 ms, 最高速率: 4.83 M/s, 平均速率: 3.35 M/s, 最高分辨率: 1920x1080, 平均帧率: 35.00, 视频编解码器: h264, 音频编解码器: aac
分类: 广东频道🌏, 名称: 广东新闻, 有效: 9, IPv4: 21, IPv6: 0, 最小延迟: 243 ms, 最高速率: 8.37 M/s, 平均速率: 5.84 M/s, 最高分辨率: 1920x1080, 平均帧率: 33.33, 视频编解码器: h264, 音频编解码器: mp2
分类: 广东频道🌏, 名称: 广州南国都市, 有效: 4, IPv4: 5, IPv6: 0, 最小延迟: 1663 ms, 最高速率: 0.64 M/s, 平均速率: 0.61 M/s, 最高分辨率: 1920x1080, 平均帧率: 未知, 视频编解码器: 未知, 音频编解码器: 未知
分类: 广东频道🌏, 名称: 广东民生, 有效: 4, IPv4: 17, IPv6: 0, 最小延迟: 247 ms, 最高速率: 6.27 M/s, 平均速率: 4.04 M/s, 最高分辨率: 1920x1080, 平均帧率: 25.00, 视频编解码器: h264, 音频编解码器: mp2
分类: 广东频道🌏, 名称: 广州新闻, 有效: 4, IPv4: 7, IPv6: 0, 最小延迟: 1473 ms, 最高速率: 0.38 M/s, 平均速率: 0.36 M/s, 最高分辨率: 1920x1080, 平均帧率: 未知, 视频编解码器: 未知, 音频编解码器: 未知
分类: 广东频道🌏, 名称: 广州综合, 有效: 9, IPv4: 11, IPv6: 0, 最小延迟: 1482 ms, 最高速率: 0.40 M/s, 平均速率: 0.35 M/s, 最高分辨率: 1280x720, 平均帧率: 未知, 视频编解码器: 未知, 音频编解码器: 未知
分类: 广东频道🌏, 名称: 广州竞赛, 有效: 0, IPv4: 14, IPv6: 0, 最小延迟: 7471 ms, 最高速率: 0.03 M/s, 平均速率: 0.00 M/s, 最高分辨率: 1280x720, 平均帧率: 25.00, 视频编解码器: h264, 音频编解码器: aac
分类: 广东频道🌏, 名称: 广州影视, 有效: 0, IPv4: 13, IPv6: 0, 最小延迟: 10951 ms, 最高速率: 0.06 M/s, 平均速率: 0.00 M/s, 最高分辨率: 1920x1080, 平均帧率: 25.00, 视频编解码器: h264, 音频编解码器: mp2
分类: 广东频道🌏, 名称: 深圳都市, 有效: 0, IPv4: 12, IPv6: 0, 最小延迟: 10552 ms, 最高速率: 0.05 M/s, 平均速率: 0.00 M/s, 最高分辨率: 1280x720, 平均帧率: 25.00, 视频编解码器: h264, 音频编解码器: aac
分类: 广东频道🌏, 名称: 深圳电视剧, 有效: 0, IPv4: 4, IPv6: 0, 最小延迟: 10240 ms, 最高速率: 0.11 M/s, 平均速率: 0.00 M/s, 最高分辨率: 1920x1080, 平均帧率: 37.50, 视频编解码器: h264, 音频编解码器: aac
分类: 广东频道🌏, 名称: 深圳财经生活, 有效: 0, IPv4: 2, IPv6: 0, 最小延迟: 10058 ms, 最高速率: 0.05 M/s, 平均速率: 0.00 M/s, 最高分辨率: 1280x720, 平均帧率: 25.00, 视频编解码器: h264, 音频编解码器: aac
分类: 广东频道🌏, 名称: 汕头综合, 有效: 0, IPv4: 3, IPv6: 0, 最小延迟: -1 ms, 最高速率: 0.00 M/s, 平均速率: 0.00 M/s, 最高分辨率: 1920x1080, 平均帧率: 未知, 视频编解码器: 未知, 音频编解码器: 未知
分类: 广东频道🌏, 名称: 深圳体育健康, 有效: 0, IPv4: 1, IPv6: 0, 最小延迟: -1 ms, 最高速率: 0.00 M/s, 平均速率: 0.00 M/s, 最高分辨率: None, 平均帧率: 未知, 视频编解码器: 未知, 音频编解码器: 未知
分类: 广东频道🌏, 名称: 汕头经济, 有效: 0, IPv4: 4, IPv6: 0, 最小延迟: 10748 ms, 最高速率: 0.29 M/s, 平均速率: 0.00 M/s, 最高分辨率: 1920x1080, 平均帧率: 25.00, 视频编解码器: h264, 音频编解码器: mp2
分类: 广东频道🌏, 名称: 深圳少儿, 有效: 0, IPv4: 13, IPv6: 0, 最小延迟: 10669 ms, 最高速率: 0.43 M/s, 平均速率: 0.00 M/s, 最高分辨率: None, 平均帧率: 未知, 视频编解码器: 未知, 音频编解码器: 未知
分类: 广东频道🌏, 名称: 岭南戏曲, 有效: 1, IPv4: 3, IPv6: 0, 最小延迟: 236 ms, 最高速率: 3.24 M/s, 平均速率: 0.99 M/s, 最高分辨率: 1920x1080, 平均帧率: 25.00, 视频编解码器: h264, 音频编解码器: aac
